
=============
== PyTorch ==
=============

NVIDIA Release 24.12 (build 126674151)
PyTorch Version 2.6.0a0+df5bbc0
Container image Copyright (c) 2024, NVIDIA CORPORATION & AFFILIATES. All rights reserved.
Copyright (c) 2014-2024 Facebook Inc.
Copyright (c) 2011-2014 Idiap Research Institute (Ronan Collobert)
Copyright (c) 2012-2014 Deepmind Technologies    (Koray Kavukcuoglu)
Copyright (c) 2011-2012 NEC Laboratories America (Koray Kavukcuoglu)
Copyright (c) 2011-2013 NYU                      (Clement Farabet)
Copyright (c) 2006-2010 NEC Laboratories America (Ronan Collobert, Leon Bottou, Iain Melvin, Jason Weston)
Copyright (c) 2006      Idiap Research Institute (Samy Bengio)
Copyright (c) 2001-2004 Idiap Research Institute (Ronan Collobert, Samy Bengio, Johnny Mariethoz)
Copyright (c) 2015      Google Inc.
Copyright (c) 2015      Yangqing Jia
Copyright (c) 2013-2016 The Caffe contributors
All rights reserved.

Various files include modifications (c) NVIDIA CORPORATION & AFFILIATES.  All rights reserved.

This container image and its contents are governed by the NVIDIA Deep Learning Container License.
By pulling and using the container, you accept the terms and conditions of this license:
https://developer.nvidia.com/ngc/nvidia-deep-learning-container-license

NOTE: The SHMEM allocation limit is set to the default of 64MB.  This may be
   insufficient for PyTorch.  NVIDIA recommends the use of the following flags:
   docker run --gpus all --ipc=host --ulimit memlock=-1 --ulimit stack=67108864 ...

&&&& RUNNING TensorRT.trtexec [TensorRT v100700] [b23] # /usr/src/tensorrt/bin/trtexec --onnx=/home/sjsujetson/godeye/onnx/flashocc_shaped_scatter.onnx --iterations=200 --warmUp=2000 --avgRuns=100 --useSpinWait --separateProfileRun --memPoolSize=workspace:2048M --timingCacheFile=/home/sjsujetson/godeye/out/timing.cache
[09/10/2026-04:05:42] [I] TF32 is enabled by default. Add --noTF32 flag to further improve accuracy with some performance cost.
[09/10/2026-04:05:42] [I] === Model Options ===
[09/10/2026-04:05:42] [I] Format: ONNX
[09/10/2026-04:05:42] [I] Model: /home/sjsujetson/godeye/onnx/flashocc_shaped_scatter.onnx
[09/10/2026-04:05:42] [I] Output:
[09/10/2026-04:05:42] [I] === Build Options ===
[09/10/2026-04:05:42] [I] Memory Pools: workspace: 2048 MiB, dlaSRAM: default, dlaLocalDRAM: default, dlaGlobalDRAM: default, tacticSharedMem: default
[09/10/2026-04:05:42] [I] avgTiming: 8
[09/10/2026-04:05:42] [I] Precision: FP32
[09/10/2026-04:05:42] [I] LayerPrecisions: 
[09/10/2026-04:05:42] [I] Layer Device Types: 
[09/10/2026-04:05:42] [I] Calibration: 
[09/10/2026-04:05:42] [I] Refit: Disabled
[09/10/2026-04:05:42] [I] Strip weights: Disabled
[09/10/2026-04:05:42] [I] Version Compatible: Disabled
[09/10/2026-04:05:42] [I] ONNX Plugin InstanceNorm: Disabled
[09/10/2026-04:05:42] [I] TensorRT runtime: full
[09/10/2026-04:05:42] [I] Lean DLL Path: 
[09/10/2026-04:05:42] [I] Tempfile Controls: { in_memory: allow, temporary: allow }
[09/10/2026-04:05:42] [I] Exclude Lean Runtime: Disabled
[09/10/2026-04:05:42] [I] Sparsity: Disabled
[09/10/2026-04:05:42] [I] Safe mode: Disabled
[09/10/2026-04:05:42] [I] Build DLA standalone loadable: Disabled
[09/10/2026-04:05:42] [I] Allow GPU fallback for DLA: Disabled
[09/10/2026-04:05:42] [I] DirectIO mode: Disabled
[09/10/2026-04:05:42] [I] Restricted mode: Disabled
[09/10/2026-04:05:42] [I] Skip inference: Disabled
[09/10/2026-04:05:42] [I] Save engine: 
[09/10/2026-04:05:42] [I] Load engine: 
[09/10/2026-04:05:42] [I] Profiling verbosity: 0
[09/10/2026-04:05:42] [I] Tactic sources: Using default tactic sources
[09/10/2026-04:05:42] [I] timingCacheMode: global
[09/10/2026-04:05:42] [I] timingCacheFile: /home/sjsujetson/godeye/out/timing.cache
[09/10/2026-04:05:42] [I] Enable Compilation Cache: Enabled
[09/10/2026-04:05:42] [I] Enable Monitor Memory: Disabled
[09/10/2026-04:05:42] [I] errorOnTimingCacheMiss: Disabled
[09/10/2026-04:05:42] [I] Preview Features: Use default preview flags.
[09/10/2026-04:05:42] [I] MaxAuxStreams: -1
[09/10/2026-04:05:42] [I] BuilderOptimizationLevel: -1
[09/10/2026-04:05:42] [I] MaxTactics: -1
[09/10/2026-04:05:42] [I] Calibration Profile Index: 0
[09/10/2026-04:05:42] [I] Weight Streaming: Disabled
[09/10/2026-04:05:42] [I] Runtime Platform: Same As Build
[09/10/2026-04:05:42] [I] Debug Tensors: 
[09/10/2026-04:05:42] [I] Input(s)s format: fp32:CHW
[09/10/2026-04:05:42] [I] Output(s)s format: fp32:CHW
[09/10/2026-04:05:42] [I] Input build shapes: model
[09/10/2026-04:05:42] [I] Input calibration shapes: model
[09/10/2026-04:05:42] [I] === System Options ===
[09/10/2026-04:05:42] [I] Device: 0
[09/10/2026-04:05:42] [I] DLACore: 
[09/10/2026-04:05:42] [I] Plugins:
[09/10/2026-04:05:42] [I] setPluginsToSerialize:
[09/10/2026-04:05:42] [I] dynamicPlugins:
[09/10/2026-04:05:42] [I] ignoreParsedPluginLibs: 0
[09/10/2026-04:05:42] [I] 
[09/10/2026-04:05:42] [I] === Inference Options ===
[09/10/2026-04:05:42] [I] Batch: Explicit
[09/10/2026-04:05:42] [I] Input inference shapes: model
[09/10/2026-04:05:42] [I] Iterations: 200
[09/10/2026-04:05:42] [I] Duration: 3s (+ 2000ms warm up)
[09/10/2026-04:05:42] [I] Sleep time: 0ms
[09/10/2026-04:05:42] [I] Idle time: 0ms
[09/10/2026-04:05:42] [I] Inference Streams: 1
[09/10/2026-04:05:42] [I] ExposeDMA: Disabled
[09/10/2026-04:05:42] [I] Data transfers: Enabled
[09/10/2026-04:05:42] [I] Spin-wait: Enabled
[09/10/2026-04:05:42] [I] Multithreading: Disabled
[09/10/2026-04:05:42] [I] CUDA Graph: Disabled
[09/10/2026-04:05:42] [I] Separate profiling: Enabled
[09/10/2026-04:05:42] [I] Time Deserialize: Disabled
[09/10/2026-04:05:42] [I] Time Refit: Disabled
[09/10/2026-04:05:42] [I] NVTX verbosity: 0
[09/10/2026-04:05:42] [I] Persistent Cache Ratio: 0
[09/10/2026-04:05:42] [I] Optimization Profile Index: 0
[09/10/2026-04:05:42] [I] Weight Streaming Budget: 100.000000%
[09/10/2026-04:05:42] [I] Inputs:
[09/10/2026-04:05:42] [I] Debug Tensor Save Destinations:
[09/10/2026-04:05:42] [I] === Reporting Options ===
[09/10/2026-04:05:42] [I] Verbose: Disabled
[09/10/2026-04:05:42] [I] Averages: 100 inferences
[09/10/2026-04:05:42] [I] Percentiles: 90,95,99
[09/10/2026-04:05:42] [I] Dump refittable layers:Disabled
[09/10/2026-04:05:42] [I] Dump output: Disabled
[09/10/2026-04:05:42] [I] Profile: Disabled
[09/10/2026-04:05:42] [I] Export timing to JSON file: 
[09/10/2026-04:05:42] [I] Export output to JSON file: 
[09/10/2026-04:05:42] [I] Export profile to JSON file: 
[09/10/2026-04:05:42] [I] 
[09/10/2026-04:05:42] [I] === Device Information ===
[09/10/2026-04:05:42] [I] Available Devices: 
[09/10/2026-04:05:42] [I]   Device 0: "Orin" UUID: GPU-28009003-7470-53ad-b253-17b9853332d2
[09/10/2026-04:05:42] [I] Selected Device: Orin
[09/10/2026-04:05:42] [I] Selected Device ID: 0
[09/10/2026-04:05:42] [I] Selected Device UUID: GPU-28009003-7470-53ad-b253-17b9853332d2
[09/10/2026-04:05:42] [I] Compute Capability: 8.7
[09/10/2026-04:05:42] [I] SMs: 8
[09/10/2026-04:05:42] [I] Device Global Memory: 7485 MiB
[09/10/2026-04:05:42] [I] Shared Memory per SM: 164 KiB
[09/10/2026-04:05:42] [I] Memory Bus Width: 128 bits (ECC disabled)
[09/10/2026-04:05:42] [I] Application Compute Clock Rate: 0.624 GHz
[09/10/2026-04:05:42] [I] Application Memory Clock Rate: 0.624 GHz
[09/10/2026-04:05:42] [I] 
[09/10/2026-04:05:42] [I] Note: The application clock rates do not reflect the actual clock rates that the GPU is currently running at.
[09/10/2026-04:05:42] [I] 
[09/10/2026-04:05:42] [I] TensorRT version: 10.7.0
[09/10/2026-04:05:42] [I] Loading standard plugins
[09/10/2026-04:05:42] [I] [TRT] [MemUsageChange] Init CUDA: CPU +1, GPU +0, now: CPU 20, GPU 2369 (MiB)
[09/10/2026-04:05:45] [I] [TRT] [MemUsageChange] Init builder kernel library: CPU +983, GPU +978, now: CPU 1062, GPU 3408 (MiB)
[09/10/2026-04:05:45] [I] Start parsing network model.
[09/10/2026-04:05:45] [I] [TRT] ----------------------------------------------------------------
[09/10/2026-04:05:45] [I] [TRT] Input filename:   /home/sjsujetson/godeye/onnx/flashocc_shaped_scatter.onnx
[09/10/2026-04:05:45] [I] [TRT] ONNX IR version:  0.0.8
[09/10/2026-04:05:45] [I] [TRT] Opset version:    17
[09/10/2026-04:05:45] [I] [TRT] Producer name:    pytorch
[09/10/2026-04:05:45] [I] [TRT] Producer version: 2.10.0
[09/10/2026-04:05:45] [I] [TRT] Domain:           
[09/10/2026-04:05:45] [I] [TRT] Model version:    0
[09/10/2026-04:05:45] [I] [TRT] Doc string:       
[09/10/2026-04:05:45] [I] [TRT] ----------------------------------------------------------------
[09/10/2026-04:05:45] [I] Finished parsing network model. Parse time: 0.0922698
[09/10/2026-04:05:45] [I] [TRT] Loaded 73792 bytes of timing cache from /home/sjsujetson/godeye/out/timing.cache
[09/10/2026-04:05:45] [I] [TRT] Global timing cache in use. Profiling results in this builder pass will be stored.
[09/10/2026-04:05:45] [I] [TRT] Compiler backend is used during engine build.
[09/10/2026-04:05:46] [I] [TRT] [GraphReduction] The approximate region cut reduction algorithm is called.
[09/10/2026-04:05:46] [I] [TRT] Detected 1 inputs and 1 output network tensors.
[09/10/2026-04:05:49] [I] [TRT] Total Host Persistent Memory: 329040 bytes
[09/10/2026-04:05:49] [I] [TRT] Total Device Persistent Memory: 0 bytes
[09/10/2026-04:05:49] [I] [TRT] Max Scratch Memory: 12800000 bytes
[09/10/2026-04:05:49] [I] [TRT] [BlockAssignment] Started assigning block shifts. This will take 119 steps to complete.
[09/10/2026-04:05:49] [I] [TRT] [BlockAssignment] Algorithm ShiftNTopDown took 10.0239ms to assign 7 blocks to 119 nodes requiring 362251776 bytes.
[09/10/2026-04:05:49] [I] [TRT] Total Activation Memory: 362251264 bytes
[09/10/2026-04:05:49] [I] [TRT] Total Weights Memory: 73876096 bytes
[09/10/2026-04:05:49] [I] [TRT] Compiler backend is used during engine execution.
[09/10/2026-04:05:49] [I] [TRT] Engine generation completed in 3.40931 seconds.
[09/10/2026-04:05:49] [I] [TRT] [MemUsageStats] Peak memory usage of TRT CPU/GPU memory allocators: CPU 9 MiB, GPU 192 MiB
[09/10/2026-04:05:49] [I] Engine built in 3.47944 sec.
[09/10/2026-04:05:49] [I] Created engine with size: 71.3992 MiB
[09/10/2026-04:05:49] [I] [TRT] Loaded 73792 bytes of timing cache from /home/sjsujetson/godeye/out/timing.cache
[09/10/2026-04:05:49] [I] [TRT] Serialized 27 bytes of code generator cache.
[09/10/2026-04:05:49] [I] [TRT] Serialized 25668 bytes of compilation cache.
[09/10/2026-04:05:49] [I] [TRT] Serialized 461 timing cache entries
[09/10/2026-04:05:49] [I] [TRT] Saved 73792 bytes of timing cache to /home/sjsujetson/godeye/out/timing.cache
[09/10/2026-04:05:50] [I] [TRT] Loaded engine size: 71 MiB
[09/10/2026-04:05:50] [I] Engine deserialized in 0.065204 sec.
[09/10/2026-04:05:50] [I] [TRT] [MemUsageChange] TensorRT-managed allocation in IExecutionContext creation: CPU +0, GPU +345, now: CPU 0, GPU 415 (MiB)
[09/10/2026-04:05:50] [I] Setting persistentCacheLimit to 0 bytes.
[09/10/2026-04:05:50] [I] Created execution context with device memory size: 345.47 MiB
[09/10/2026-04:05:50] [I] Using random values for input imgs
[09/10/2026-04:05:50] [I] Input binding for imgs with dimensions 6x3x256x704 is created.
[09/10/2026-04:05:50] [I] Output binding for occ with dimensions 1x16x18x200x200 is created.
[09/10/2026-04:05:50] [I] Starting inference
[09/10/2026-04:06:18] [I] Warmup completed 15 queries over 2000 ms
[09/10/2026-04:06:18] [I] Timing trace has 200 queries over 26.7519 s
[09/10/2026-04:06:18] [I] 
[09/10/2026-04:06:18] [I] === Trace details ===
[09/10/2026-04:06:18] [I] Trace averages of 100 runs:
[09/10/2026-04:06:18] [I] Average on 100 runs - GPU latency: 133.107 ms - Host latency: 138.557 ms (enqueue 1.44079 ms)
[09/10/2026-04:06:18] [I] Average on 100 runs - GPU latency: 133.097 ms - Host latency: 138.513 ms (enqueue 1.37399 ms)
[09/10/2026-04:06:18] [I] 
[09/10/2026-04:06:18] [I] === Performance summary ===
[09/10/2026-04:06:18] [I] Throughput: 7.47611 qps
[09/10/2026-04:06:18] [I] Latency: min = 136.346 ms, max = 139.113 ms, mean = 138.535 ms, median = 138.538 ms, percentile(90%) = 138.619 ms, percentile(95%) = 138.671 ms, percentile(99%) = 138.859 ms
[09/10/2026-04:06:18] [I] Enqueue Time: min = 1.28711 ms, max = 2.12598 ms, mean = 1.40739 ms, median = 1.35352 ms, percentile(90%) = 1.55811 ms, percentile(95%) = 1.69922 ms, percentile(99%) = 2.07959 ms
[09/10/2026-04:06:18] [I] H2D Latency: min = 0.769531 ms, max = 0.815918 ms, mean = 0.777971 ms, median = 0.775391 ms, percentile(90%) = 0.786133 ms, percentile(95%) = 0.793457 ms, percentile(99%) = 0.813477 ms
[09/10/2026-04:06:18] [I] GPU Compute Time: min = 132.908 ms, max = 133.417 ms, mean = 133.102 ms, median = 133.098 ms, percentile(90%) = 133.17 ms, percentile(95%) = 133.205 ms, percentile(99%) = 133.389 ms
[09/10/2026-04:06:18] [I] D2H Latency: min = 2.60938 ms, max = 4.91602 ms, mean = 4.65505 ms, median = 4.66113 ms, percentile(90%) = 4.67773 ms, percentile(95%) = 4.68481 ms, percentile(99%) = 4.89258 ms
[09/10/2026-04:06:18] [I] Total Host Walltime: 26.7519 s
[09/10/2026-04:06:18] [I] Total GPU Compute Time: 26.6204 s
[09/10/2026-04:06:18] [I] Explanations of the performance metrics are printed in the verbose logs.
[09/10/2026-04:06:18] [I] 
&&&& PASSED TensorRT.trtexec [TensorRT v100700] [b23] # /usr/src/tensorrt/bin/trtexec --onnx=/home/sjsujetson/godeye/onnx/flashocc_shaped_scatter.onnx --iterations=200 --warmUp=2000 --avgRuns=100 --useSpinWait --separateProfileRun --memPoolSize=workspace:2048M --timingCacheFile=/home/sjsujetson/godeye/out/timing.cache
