
=============
== PyTorch ==
=============

NVIDIA Release 24.12 (build 126674151)
PyTorch Version 2.6.0a0+df5bbc0
Container image Copyright (c) 2024, NVIDIA CORPORATION & AFFILIATES. All rights reserved.
Copyright (c) 2014-2024 Facebook Inc.
Copyright (c) 2011-2014 Idiap Research Institute (Ronan Collobert)
Copyright (c) 2012-2014 Deepmind Technologies    (Koray Kavukcuoglu)
Copyright (c) 2011-2012 NEC Laboratories America (Koray Kavukcuoglu)
Copyright (c) 2011-2013 NYU                      (Clement Farabet)
Copyright (c) 2006-2010 NEC Laboratories America (Ronan Collobert, Leon Bottou, Iain Melvin, Jason Weston)
Copyright (c) 2006      Idiap Research Institute (Samy Bengio)
Copyright (c) 2001-2004 Idiap Research Institute (Ronan Collobert, Samy Bengio, Johnny Mariethoz)
Copyright (c) 2015      Google Inc.
Copyright (c) 2015      Yangqing Jia
Copyright (c) 2013-2016 The Caffe contributors
All rights reserved.

Various files include modifications (c) NVIDIA CORPORATION & AFFILIATES.  All rights reserved.

This container image and its contents are governed by the NVIDIA Deep Learning Container License.
By pulling and using the container, you accept the terms and conditions of this license:
https://developer.nvidia.com/ngc/nvidia-deep-learning-container-license

NOTE: The SHMEM allocation limit is set to the default of 64MB.  This may be
   insufficient for PyTorch.  NVIDIA recommends the use of the following flags:
   docker run --gpus all --ipc=host --ulimit memlock=-1 --ulimit stack=67108864 ...

&&&& RUNNING TensorRT.trtexec [TensorRT v100700] [b23] # /usr/src/tensorrt/bin/trtexec --onnx=/home/sjsujetson/godeye/onnx/flashocc_shaped_scatter.onnx --iterations=200 --warmUp=2000 --avgRuns=100 --useSpinWait --separateProfileRun --memPoolSize=workspace:2048M --timingCacheFile=/home/sjsujetson/godeye/out/timing.cache --fp16
[09/10/2026-04:06:21] [I] === Model Options ===
[09/10/2026-04:06:21] [I] Format: ONNX
[09/10/2026-04:06:21] [I] Model: /home/sjsujetson/godeye/onnx/flashocc_shaped_scatter.onnx
[09/10/2026-04:06:21] [I] Output:
[09/10/2026-04:06:21] [I] === Build Options ===
[09/10/2026-04:06:21] [I] Memory Pools: workspace: 2048 MiB, dlaSRAM: default, dlaLocalDRAM: default, dlaGlobalDRAM: default, tacticSharedMem: default
[09/10/2026-04:06:21] [I] avgTiming: 8
[09/10/2026-04:06:21] [I] Precision: FP32+FP16
[09/10/2026-04:06:21] [I] LayerPrecisions: 
[09/10/2026-04:06:21] [I] Layer Device Types: 
[09/10/2026-04:06:21] [I] Calibration: 
[09/10/2026-04:06:21] [I] Refit: Disabled
[09/10/2026-04:06:21] [I] Strip weights: Disabled
[09/10/2026-04:06:21] [I] Version Compatible: Disabled
[09/10/2026-04:06:21] [I] ONNX Plugin InstanceNorm: Disabled
[09/10/2026-04:06:21] [I] TensorRT runtime: full
[09/10/2026-04:06:21] [I] Lean DLL Path: 
[09/10/2026-04:06:21] [I] Tempfile Controls: { in_memory: allow, temporary: allow }
[09/10/2026-04:06:21] [I] Exclude Lean Runtime: Disabled
[09/10/2026-04:06:21] [I] Sparsity: Disabled
[09/10/2026-04:06:21] [I] Safe mode: Disabled
[09/10/2026-04:06:21] [I] Build DLA standalone loadable: Disabled
[09/10/2026-04:06:21] [I] Allow GPU fallback for DLA: Disabled
[09/10/2026-04:06:21] [I] DirectIO mode: Disabled
[09/10/2026-04:06:21] [I] Restricted mode: Disabled
[09/10/2026-04:06:21] [I] Skip inference: Disabled
[09/10/2026-04:06:21] [I] Save engine: 
[09/10/2026-04:06:21] [I] Load engine: 
[09/10/2026-04:06:21] [I] Profiling verbosity: 0
[09/10/2026-04:06:21] [I] Tactic sources: Using default tactic sources
[09/10/2026-04:06:21] [I] timingCacheMode: global
[09/10/2026-04:06:21] [I] timingCacheFile: /home/sjsujetson/godeye/out/timing.cache
[09/10/2026-04:06:21] [I] Enable Compilation Cache: Enabled
[09/10/2026-04:06:21] [I] Enable Monitor Memory: Disabled
[09/10/2026-04:06:21] [I] errorOnTimingCacheMiss: Disabled
[09/10/2026-04:06:21] [I] Preview Features: Use default preview flags.
[09/10/2026-04:06:21] [I] MaxAuxStreams: -1
[09/10/2026-04:06:21] [I] BuilderOptimizationLevel: -1
[09/10/2026-04:06:21] [I] MaxTactics: -1
[09/10/2026-04:06:21] [I] Calibration Profile Index: 0
[09/10/2026-04:06:21] [I] Weight Streaming: Disabled
[09/10/2026-04:06:21] [I] Runtime Platform: Same As Build
[09/10/2026-04:06:21] [I] Debug Tensors: 
[09/10/2026-04:06:21] [I] Input(s)s format: fp32:CHW
[09/10/2026-04:06:21] [I] Output(s)s format: fp32:CHW
[09/10/2026-04:06:21] [I] Input build shapes: model
[09/10/2026-04:06:21] [I] Input calibration shapes: model
[09/10/2026-04:06:21] [I] === System Options ===
[09/10/2026-04:06:21] [I] Device: 0
[09/10/2026-04:06:21] [I] DLACore: 
[09/10/2026-04:06:21] [I] Plugins:
[09/10/2026-04:06:21] [I] setPluginsToSerialize:
[09/10/2026-04:06:21] [I] dynamicPlugins:
[09/10/2026-04:06:21] [I] ignoreParsedPluginLibs: 0
[09/10/2026-04:06:21] [I] 
[09/10/2026-04:06:21] [I] === Inference Options ===
[09/10/2026-04:06:21] [I] Batch: Explicit
[09/10/2026-04:06:21] [I] Input inference shapes: model
[09/10/2026-04:06:21] [I] Iterations: 200
[09/10/2026-04:06:21] [I] Duration: 3s (+ 2000ms warm up)
[09/10/2026-04:06:21] [I] Sleep time: 0ms
[09/10/2026-04:06:21] [I] Idle time: 0ms
[09/10/2026-04:06:21] [I] Inference Streams: 1
[09/10/2026-04:06:21] [I] ExposeDMA: Disabled
[09/10/2026-04:06:21] [I] Data transfers: Enabled
[09/10/2026-04:06:21] [I] Spin-wait: Enabled
[09/10/2026-04:06:21] [I] Multithreading: Disabled
[09/10/2026-04:06:21] [I] CUDA Graph: Disabled
[09/10/2026-04:06:21] [I] Separate profiling: Enabled
[09/10/2026-04:06:21] [I] Time Deserialize: Disabled
[09/10/2026-04:06:21] [I] Time Refit: Disabled
[09/10/2026-04:06:21] [I] NVTX verbosity: 0
[09/10/2026-04:06:21] [I] Persistent Cache Ratio: 0
[09/10/2026-04:06:21] [I] Optimization Profile Index: 0
[09/10/2026-04:06:21] [I] Weight Streaming Budget: 100.000000%
[09/10/2026-04:06:21] [I] Inputs:
[09/10/2026-04:06:21] [I] Debug Tensor Save Destinations:
[09/10/2026-04:06:21] [I] === Reporting Options ===
[09/10/2026-04:06:21] [I] Verbose: Disabled
[09/10/2026-04:06:21] [I] Averages: 100 inferences
[09/10/2026-04:06:21] [I] Percentiles: 90,95,99
[09/10/2026-04:06:21] [I] Dump refittable layers:Disabled
[09/10/2026-04:06:21] [I] Dump output: Disabled
[09/10/2026-04:06:21] [I] Profile: Disabled
[09/10/2026-04:06:21] [I] Export timing to JSON file: 
[09/10/2026-04:06:21] [I] Export output to JSON file: 
[09/10/2026-04:06:21] [I] Export profile to JSON file: 
[09/10/2026-04:06:21] [I] 
[09/10/2026-04:06:21] [I] === Device Information ===
[09/10/2026-04:06:21] [I] Available Devices: 
[09/10/2026-04:06:21] [I]   Device 0: "Orin" UUID: GPU-28009003-7470-53ad-b253-17b9853332d2
[09/10/2026-04:06:22] [I] Selected Device: Orin
[09/10/2026-04:06:22] [I] Selected Device ID: 0
[09/10/2026-04:06:22] [I] Selected Device UUID: GPU-28009003-7470-53ad-b253-17b9853332d2
[09/10/2026-04:06:22] [I] Compute Capability: 8.7
[09/10/2026-04:06:22] [I] SMs: 8
[09/10/2026-04:06:22] [I] Device Global Memory: 7485 MiB
[09/10/2026-04:06:22] [I] Shared Memory per SM: 164 KiB
[09/10/2026-04:06:22] [I] Memory Bus Width: 128 bits (ECC disabled)
[09/10/2026-04:06:22] [I] Application Compute Clock Rate: 0.624 GHz
[09/10/2026-04:06:22] [I] Application Memory Clock Rate: 0.624 GHz
[09/10/2026-04:06:22] [I] 
[09/10/2026-04:06:22] [I] Note: The application clock rates do not reflect the actual clock rates that the GPU is currently running at.
[09/10/2026-04:06:22] [I] 
[09/10/2026-04:06:22] [I] TensorRT version: 10.7.0
[09/10/2026-04:06:22] [I] Loading standard plugins
[09/10/2026-04:06:22] [I] [TRT] [MemUsageChange] Init CUDA: CPU +1, GPU +0, now: CPU 20, GPU 2374 (MiB)
[09/10/2026-04:06:25] [I] [TRT] [MemUsageChange] Init builder kernel library: CPU +983, GPU +966, now: CPU 1062, GPU 3393 (MiB)
[09/10/2026-04:06:25] [I] Start parsing network model.
[09/10/2026-04:06:25] [I] [TRT] ----------------------------------------------------------------
[09/10/2026-04:06:25] [I] [TRT] Input filename:   /home/sjsujetson/godeye/onnx/flashocc_shaped_scatter.onnx
[09/10/2026-04:06:25] [I] [TRT] ONNX IR version:  0.0.8
[09/10/2026-04:06:25] [I] [TRT] Opset version:    17
[09/10/2026-04:06:25] [I] [TRT] Producer name:    pytorch
[09/10/2026-04:06:25] [I] [TRT] Producer version: 2.10.0
[09/10/2026-04:06:25] [I] [TRT] Domain:           
[09/10/2026-04:06:25] [I] [TRT] Model version:    0
[09/10/2026-04:06:25] [I] [TRT] Doc string:       
[09/10/2026-04:06:25] [I] [TRT] ----------------------------------------------------------------
[09/10/2026-04:06:25] [I] Finished parsing network model. Parse time: 0.0906174
[09/10/2026-04:06:25] [I] [TRT] Loaded 73792 bytes of timing cache from /home/sjsujetson/godeye/out/timing.cache
[09/10/2026-04:06:25] [I] [TRT] Global timing cache in use. Profiling results in this builder pass will be stored.
[09/10/2026-04:06:25] [I] [TRT] Compiler backend is used during engine build.
[09/10/2026-04:09:16] [I] [TRT] Detected 1 inputs and 1 output network tensors.
[09/10/2026-04:09:22] [I] [TRT] Total Host Persistent Memory: 328288 bytes
[09/10/2026-04:09:22] [I] [TRT] Total Device Persistent Memory: 0 bytes
[09/10/2026-04:09:22] [I] [TRT] Max Scratch Memory: 39874560 bytes
[09/10/2026-04:09:22] [I] [TRT] [BlockAssignment] Started assigning block shifts. This will take 125 steps to complete.
[09/10/2026-04:09:22] [I] [TRT] [BlockAssignment] Algorithm ShiftNTopDown took 10.6624ms to assign 6 blocks to 125 nodes requiring 323322368 bytes.
[09/10/2026-04:09:22] [I] [TRT] Total Activation Memory: 323322368 bytes
[09/10/2026-04:09:22] [I] [TRT] Total Weights Memory: 44342336 bytes
[09/10/2026-04:09:22] [I] [TRT] Compiler backend is used during engine execution.
[09/10/2026-04:09:22] [I] [TRT] Engine generation completed in 177.334 seconds.
[09/10/2026-04:09:22] [I] [TRT] [MemUsageStats] Peak memory usage of TRT CPU/GPU memory allocators: CPU 4 MiB, GPU 252 MiB
[09/10/2026-04:09:22] [I] Engine built in 177.39 sec.
[09/10/2026-04:09:22] [I] Created engine with size: 43.0566 MiB
[09/10/2026-04:09:22] [I] [TRT] Loaded 73792 bytes of timing cache from /home/sjsujetson/godeye/out/timing.cache
[09/10/2026-04:09:22] [I] [TRT] Serialized 27 bytes of code generator cache.
[09/10/2026-04:09:22] [I] [TRT] Serialized 87937 bytes of compilation cache.
[09/10/2026-04:09:22] [I] [TRT] Serialized 1842 timing cache entries
[09/10/2026-04:09:22] [I] [TRT] Saved 279685 bytes of timing cache to /home/sjsujetson/godeye/out/timing.cache
[09/10/2026-04:09:23] [I] [TRT] Loaded engine size: 43 MiB
[09/10/2026-04:09:23] [I] Engine deserialized in 0.0440844 sec.
[09/10/2026-04:09:23] [I] [TRT] [MemUsageChange] TensorRT-managed allocation in IExecutionContext creation: CPU +0, GPU +308, now: CPU 0, GPU 350 (MiB)
[09/10/2026-04:09:23] [I] Setting persistentCacheLimit to 0 bytes.
[09/10/2026-04:09:23] [I] Created execution context with device memory size: 308.344 MiB
[09/10/2026-04:09:23] [I] Using random values for input imgs
[09/10/2026-04:09:23] [I] Input binding for imgs with dimensions 6x3x256x704 is created.
[09/10/2026-04:09:23] [I] Output binding for occ with dimensions 1x16x18x200x200 is created.
[09/10/2026-04:09:23] [I] Starting inference
[09/10/2026-04:09:40] [I] Warmup completed 27 queries over 2000 ms
[09/10/2026-04:09:40] [I] Timing trace has 200 queries over 14.9211 s
[09/10/2026-04:09:40] [I] 
[09/10/2026-04:09:40] [I] === Trace details ===
[09/10/2026-04:09:40] [I] Trace averages of 100 runs:
[09/10/2026-04:09:40] [I] Average on 100 runs - GPU latency: 74.2458 ms - Host latency: 79.9275 ms (enqueue 1.63921 ms)
[09/10/2026-04:09:40] [I] Average on 100 runs - GPU latency: 74.2408 ms - Host latency: 79.8987 ms (enqueue 1.65926 ms)
[09/10/2026-04:09:40] [I] 
[09/10/2026-04:09:40] [I] === Performance summary ===
[09/10/2026-04:09:40] [I] Throughput: 13.4038 qps
[09/10/2026-04:09:40] [I] Latency: min = 77.6914 ms, max = 80.0474 ms, mean = 79.9131 ms, median = 79.9225 ms, percentile(90%) = 79.9727 ms, percentile(95%) = 79.9849 ms, percentile(99%) = 80.0293 ms
[09/10/2026-04:09:40] [I] Enqueue Time: min = 1.50684 ms, max = 2.73145 ms, mean = 1.64923 ms, median = 1.61719 ms, percentile(90%) = 1.80151 ms, percentile(95%) = 1.86572 ms, percentile(99%) = 2.35986 ms
[09/10/2026-04:09:40] [I] H2D Latency: min = 0.863281 ms, max = 0.978516 ms, mean = 0.879362 ms, median = 0.87793 ms, percentile(90%) = 0.885986 ms, percentile(95%) = 0.892578 ms, percentile(99%) = 0.977051 ms
[09/10/2026-04:09:40] [I] GPU Compute Time: min = 74.1621 ms, max = 74.333 ms, mean = 74.2433 ms, median = 74.2428 ms, percentile(90%) = 74.2881 ms, percentile(95%) = 74.3008 ms, percentile(99%) = 74.332 ms
[09/10/2026-04:09:40] [I] D2H Latency: min = 2.60938 ms, max = 4.87695 ms, mean = 4.79042 ms, median = 4.80078 ms, percentile(90%) = 4.81348 ms, percentile(95%) = 4.81836 ms, percentile(99%) = 4.83203 ms
[09/10/2026-04:09:40] [I] Total Host Walltime: 14.9211 s
[09/10/2026-04:09:40] [I] Total GPU Compute Time: 14.8487 s
[09/10/2026-04:09:40] [I] Explanations of the performance metrics are printed in the verbose logs.
[09/10/2026-04:09:40] [I] 
&&&& PASSED TensorRT.trtexec [TensorRT v100700] [b23] # /usr/src/tensorrt/bin/trtexec --onnx=/home/sjsujetson/godeye/onnx/flashocc_shaped_scatter.onnx --iterations=200 --warmUp=2000 --avgRuns=100 --useSpinWait --separateProfileRun --memPoolSize=workspace:2048M --timingCacheFile=/home/sjsujetson/godeye/out/timing.cache --fp16
