
=============
== PyTorch ==
=============

NVIDIA Release 24.12 (build 126674151)
PyTorch Version 2.6.0a0+df5bbc0
Container image Copyright (c) 2024, NVIDIA CORPORATION & AFFILIATES. All rights reserved.
Copyright (c) 2014-2024 Facebook Inc.
Copyright (c) 2011-2014 Idiap Research Institute (Ronan Collobert)
Copyright (c) 2012-2014 Deepmind Technologies    (Koray Kavukcuoglu)
Copyright (c) 2011-2012 NEC Laboratories America (Koray Kavukcuoglu)
Copyright (c) 2011-2013 NYU                      (Clement Farabet)
Copyright (c) 2006-2010 NEC Laboratories America (Ronan Collobert, Leon Bottou, Iain Melvin, Jason Weston)
Copyright (c) 2006      Idiap Research Institute (Samy Bengio)
Copyright (c) 2001-2004 Idiap Research Institute (Ronan Collobert, Samy Bengio, Johnny Mariethoz)
Copyright (c) 2015      Google Inc.
Copyright (c) 2015      Yangqing Jia
Copyright (c) 2013-2016 The Caffe contributors
All rights reserved.

Various files include modifications (c) NVIDIA CORPORATION & AFFILIATES.  All rights reserved.

This container image and its contents are governed by the NVIDIA Deep Learning Container License.
By pulling and using the container, you accept the terms and conditions of this license:
https://developer.nvidia.com/ngc/nvidia-deep-learning-container-license

NOTE: The SHMEM allocation limit is set to the default of 64MB.  This may be
   insufficient for PyTorch.  NVIDIA recommends the use of the following flags:
   docker run --gpus all --ipc=host --ulimit memlock=-1 --ulimit stack=67108864 ...

&&&& RUNNING TensorRT.trtexec [TensorRT v100700] [b23] # /usr/src/tensorrt/bin/trtexec --onnx=/home/sjsujetson/godeye/onnx/flashocc_shaped_scatter.onnx --iterations=200 --warmUp=2000 --avgRuns=100 --useSpinWait --separateProfileRun --memPoolSize=workspace:2048M --timingCacheFile=/home/sjsujetson/godeye/out/timing.cache --int8
[09/10/2026-04:09:43] [I] === Model Options ===
[09/10/2026-04:09:43] [I] Format: ONNX
[09/10/2026-04:09:43] [I] Model: /home/sjsujetson/godeye/onnx/flashocc_shaped_scatter.onnx
[09/10/2026-04:09:43] [I] Output:
[09/10/2026-04:09:43] [I] === Build Options ===
[09/10/2026-04:09:43] [I] Memory Pools: workspace: 2048 MiB, dlaSRAM: default, dlaLocalDRAM: default, dlaGlobalDRAM: default, tacticSharedMem: default
[09/10/2026-04:09:43] [I] avgTiming: 8
[09/10/2026-04:09:43] [I] Precision: FP32+INT8
[09/10/2026-04:09:43] [I] LayerPrecisions: 
[09/10/2026-04:09:43] [I] Layer Device Types: 
[09/10/2026-04:09:43] [I] Calibration: Dynamic
[09/10/2026-04:09:43] [I] Refit: Disabled
[09/10/2026-04:09:43] [I] Strip weights: Disabled
[09/10/2026-04:09:43] [I] Version Compatible: Disabled
[09/10/2026-04:09:43] [I] ONNX Plugin InstanceNorm: Disabled
[09/10/2026-04:09:43] [I] TensorRT runtime: full
[09/10/2026-04:09:43] [I] Lean DLL Path: 
[09/10/2026-04:09:43] [I] Tempfile Controls: { in_memory: allow, temporary: allow }
[09/10/2026-04:09:43] [I] Exclude Lean Runtime: Disabled
[09/10/2026-04:09:43] [I] Sparsity: Disabled
[09/10/2026-04:09:43] [I] Safe mode: Disabled
[09/10/2026-04:09:43] [I] Build DLA standalone loadable: Disabled
[09/10/2026-04:09:43] [I] Allow GPU fallback for DLA: Disabled
[09/10/2026-04:09:43] [I] DirectIO mode: Disabled
[09/10/2026-04:09:43] [I] Restricted mode: Disabled
[09/10/2026-04:09:43] [I] Skip inference: Disabled
[09/10/2026-04:09:43] [I] Save engine: 
[09/10/2026-04:09:43] [I] Load engine: 
[09/10/2026-04:09:43] [I] Profiling verbosity: 0
[09/10/2026-04:09:43] [I] Tactic sources: Using default tactic sources
[09/10/2026-04:09:43] [I] timingCacheMode: global
[09/10/2026-04:09:43] [I] timingCacheFile: /home/sjsujetson/godeye/out/timing.cache
[09/10/2026-04:09:43] [I] Enable Compilation Cache: Enabled
[09/10/2026-04:09:43] [I] Enable Monitor Memory: Disabled
[09/10/2026-04:09:43] [I] errorOnTimingCacheMiss: Disabled
[09/10/2026-04:09:43] [I] Preview Features: Use default preview flags.
[09/10/2026-04:09:43] [I] MaxAuxStreams: -1
[09/10/2026-04:09:43] [I] BuilderOptimizationLevel: -1
[09/10/2026-04:09:43] [I] MaxTactics: -1
[09/10/2026-04:09:43] [I] Calibration Profile Index: 0
[09/10/2026-04:09:43] [I] Weight Streaming: Disabled
[09/10/2026-04:09:43] [I] Runtime Platform: Same As Build
[09/10/2026-04:09:43] [I] Debug Tensors: 
[09/10/2026-04:09:43] [I] Input(s)s format: fp32:CHW
[09/10/2026-04:09:43] [I] Output(s)s format: fp32:CHW
[09/10/2026-04:09:43] [I] Input build shapes: model
[09/10/2026-04:09:43] [I] Input calibration shapes: model
[09/10/2026-04:09:43] [I] === System Options ===
[09/10/2026-04:09:43] [I] Device: 0
[09/10/2026-04:09:43] [I] DLACore: 
[09/10/2026-04:09:43] [I] Plugins:
[09/10/2026-04:09:43] [I] setPluginsToSerialize:
[09/10/2026-04:09:43] [I] dynamicPlugins:
[09/10/2026-04:09:43] [I] ignoreParsedPluginLibs: 0
[09/10/2026-04:09:43] [I] 
[09/10/2026-04:09:43] [I] === Inference Options ===
[09/10/2026-04:09:43] [I] Batch: Explicit
[09/10/2026-04:09:43] [I] Input inference shapes: model
[09/10/2026-04:09:43] [I] Iterations: 200
[09/10/2026-04:09:43] [I] Duration: 3s (+ 2000ms warm up)
[09/10/2026-04:09:43] [I] Sleep time: 0ms
[09/10/2026-04:09:43] [I] Idle time: 0ms
[09/10/2026-04:09:43] [I] Inference Streams: 1
[09/10/2026-04:09:43] [I] ExposeDMA: Disabled
[09/10/2026-04:09:43] [I] Data transfers: Enabled
[09/10/2026-04:09:43] [I] Spin-wait: Enabled
[09/10/2026-04:09:43] [I] Multithreading: Disabled
[09/10/2026-04:09:43] [I] CUDA Graph: Disabled
[09/10/2026-04:09:43] [I] Separate profiling: Enabled
[09/10/2026-04:09:43] [I] Time Deserialize: Disabled
[09/10/2026-04:09:43] [I] Time Refit: Disabled
[09/10/2026-04:09:43] [I] NVTX verbosity: 0
[09/10/2026-04:09:43] [I] Persistent Cache Ratio: 0
[09/10/2026-04:09:43] [I] Optimization Profile Index: 0
[09/10/2026-04:09:43] [I] Weight Streaming Budget: 100.000000%
[09/10/2026-04:09:43] [I] Inputs:
[09/10/2026-04:09:43] [I] Debug Tensor Save Destinations:
[09/10/2026-04:09:43] [I] === Reporting Options ===
[09/10/2026-04:09:43] [I] Verbose: Disabled
[09/10/2026-04:09:43] [I] Averages: 100 inferences
[09/10/2026-04:09:43] [I] Percentiles: 90,95,99
[09/10/2026-04:09:43] [I] Dump refittable layers:Disabled
[09/10/2026-04:09:43] [I] Dump output: Disabled
[09/10/2026-04:09:43] [I] Profile: Disabled
[09/10/2026-04:09:43] [I] Export timing to JSON file: 
[09/10/2026-04:09:43] [I] Export output to JSON file: 
[09/10/2026-04:09:43] [I] Export profile to JSON file: 
[09/10/2026-04:09:43] [I] 
[09/10/2026-04:09:43] [I] === Device Information ===
[09/10/2026-04:09:43] [I] Available Devices: 
[09/10/2026-04:09:43] [I]   Device 0: "Orin" UUID: GPU-28009003-7470-53ad-b253-17b9853332d2
[09/10/2026-04:09:43] [I] Selected Device: Orin
[09/10/2026-04:09:43] [I] Selected Device ID: 0
[09/10/2026-04:09:43] [I] Selected Device UUID: GPU-28009003-7470-53ad-b253-17b9853332d2
[09/10/2026-04:09:43] [I] Compute Capability: 8.7
[09/10/2026-04:09:43] [I] SMs: 8
[09/10/2026-04:09:43] [I] Device Global Memory: 7485 MiB
[09/10/2026-04:09:43] [I] Shared Memory per SM: 164 KiB
[09/10/2026-04:09:43] [I] Memory Bus Width: 128 bits (ECC disabled)
[09/10/2026-04:09:43] [I] Application Compute Clock Rate: 0.624 GHz
[09/10/2026-04:09:43] [I] Application Memory Clock Rate: 0.624 GHz
[09/10/2026-04:09:43] [I] 
[09/10/2026-04:09:43] [I] Note: The application clock rates do not reflect the actual clock rates that the GPU is currently running at.
[09/10/2026-04:09:43] [I] 
[09/10/2026-04:09:43] [I] TensorRT version: 10.7.0
[09/10/2026-04:09:43] [I] Loading standard plugins
[09/10/2026-04:09:43] [I] [TRT] [MemUsageChange] Init CUDA: CPU +1, GPU +0, now: CPU 20, GPU 2352 (MiB)
[09/10/2026-04:09:46] [I] [TRT] [MemUsageChange] Init builder kernel library: CPU +983, GPU +964, now: CPU 1062, GPU 3381 (MiB)
[09/10/2026-04:09:46] [I] Start parsing network model.
[09/10/2026-04:09:46] [I] [TRT] ----------------------------------------------------------------
[09/10/2026-04:09:46] [I] [TRT] Input filename:   /home/sjsujetson/godeye/onnx/flashocc_shaped_scatter.onnx
[09/10/2026-04:09:46] [I] [TRT] ONNX IR version:  0.0.8
[09/10/2026-04:09:46] [I] [TRT] Opset version:    17
[09/10/2026-04:09:46] [I] [TRT] Producer name:    pytorch
[09/10/2026-04:09:46] [I] [TRT] Producer version: 2.10.0
[09/10/2026-04:09:46] [I] [TRT] Domain:           
[09/10/2026-04:09:46] [I] [TRT] Model version:    0
[09/10/2026-04:09:46] [I] [TRT] Doc string:       
[09/10/2026-04:09:46] [I] [TRT] ----------------------------------------------------------------
[09/10/2026-04:09:46] [I] Finished parsing network model. Parse time: 0.0909025
[09/10/2026-04:09:46] [I] FP32 and INT8 precisions have been specified - more performance might be enabled by additionally specifying --fp16 or --best
[09/10/2026-04:09:46] [I] [TRT] Loaded 279685 bytes of timing cache from /home/sjsujetson/godeye/out/timing.cache
[09/10/2026-04:09:46] [I] [TRT] Global timing cache in use. Profiling results in this builder pass will be stored.
[09/10/2026-04:09:46] [I] [TRT] Compiler backend is used during engine build.
[09/10/2026-04:13:22] [I] [TRT] Detected 1 inputs and 1 output network tensors.
[09/10/2026-04:13:28] [I] [TRT] Total Host Persistent Memory: 256096 bytes
[09/10/2026-04:13:28] [I] [TRT] Total Device Persistent Memory: 22528 bytes
[09/10/2026-04:13:28] [I] [TRT] Max Scratch Memory: 12800000 bytes
[09/10/2026-04:13:28] [I] [TRT] [BlockAssignment] Started assigning block shifts. This will take 161 steps to complete.
[09/10/2026-04:13:28] [I] [TRT] [BlockAssignment] Algorithm ShiftNTopDown took 16.2414ms to assign 7 blocks to 161 nodes requiring 328733696 bytes.
[09/10/2026-04:13:28] [I] [TRT] Total Activation Memory: 328733696 bytes
[09/10/2026-04:13:28] [I] [TRT] Total Weights Memory: 29711436 bytes
[09/10/2026-04:13:28] [I] [TRT] Compiler backend is used during engine execution.
[09/10/2026-04:13:28] [I] [TRT] Engine generation completed in 221.663 seconds.
[09/10/2026-04:13:28] [I] [TRT] [MemUsageStats] Peak memory usage of TRT CPU/GPU memory allocators: CPU 2 MiB, GPU 158 MiB
[09/10/2026-04:13:28] [I] Engine built in 221.861 sec.
[09/10/2026-04:13:28] [I] Created engine with size: 29.1538 MiB
[09/10/2026-04:13:28] [I] [TRT] Loaded 279685 bytes of timing cache from /home/sjsujetson/godeye/out/timing.cache
[09/10/2026-04:13:28] [I] [TRT] Serialized 27 bytes of code generator cache.
[09/10/2026-04:13:28] [I] [TRT] Serialized 109392 bytes of compilation cache.
[09/10/2026-04:13:28] [I] [TRT] Serialized 3239 timing cache entries
[09/10/2026-04:13:28] [I] [TRT] Saved 446428 bytes of timing cache to /home/sjsujetson/godeye/out/timing.cache
[09/10/2026-04:13:29] [I] [TRT] Loaded engine size: 29 MiB
[09/10/2026-04:13:29] [I] Engine deserialized in 0.032059 sec.
[09/10/2026-04:13:29] [I] [TRT] [MemUsageChange] TensorRT-managed allocation in IExecutionContext creation: CPU +0, GPU +313, now: CPU 0, GPU 341 (MiB)
[09/10/2026-04:13:29] [I] Setting persistentCacheLimit to 0 bytes.
[09/10/2026-04:13:29] [I] Created execution context with device memory size: 313.505 MiB
[09/10/2026-04:13:29] [I] Using random values for input imgs
[09/10/2026-04:13:29] [I] Input binding for imgs with dimensions 6x3x256x704 is created.
[09/10/2026-04:13:29] [I] Output binding for occ with dimensions 1x16x18x200x200 is created.
[09/10/2026-04:13:29] [I] Starting inference
[09/10/2026-04:13:41] [I] Warmup completed 41 queries over 2000 ms
[09/10/2026-04:13:41] [I] Timing trace has 200 queries over 9.9113 s
[09/10/2026-04:13:41] [I] 
[09/10/2026-04:13:41] [I] === Trace details ===
[09/10/2026-04:13:41] [I] Trace averages of 100 runs:
[09/10/2026-04:13:41] [I] Average on 100 runs - GPU latency: 49.3215 ms - Host latency: 54.9161 ms (enqueue 1.79587 ms)
[09/10/2026-04:13:41] [I] Average on 100 runs - GPU latency: 49.3157 ms - Host latency: 54.887 ms (enqueue 1.77099 ms)
[09/10/2026-04:13:41] [I] 
[09/10/2026-04:13:41] [I] === Performance summary ===
[09/10/2026-04:13:41] [I] Throughput: 20.179 qps
[09/10/2026-04:13:41] [I] Latency: min = 52.6943 ms, max = 55.043 ms, mean = 54.9015 ms, median = 54.9082 ms, percentile(90%) = 54.9619 ms, percentile(95%) = 54.9771 ms, percentile(99%) = 55.0205 ms
[09/10/2026-04:13:41] [I] Enqueue Time: min = 1.65039 ms, max = 1.98584 ms, mean = 1.78343 ms, median = 1.78638 ms, percentile(90%) = 1.87012 ms, percentile(95%) = 1.89844 ms, percentile(99%) = 1.97168 ms
[09/10/2026-04:13:41] [I] H2D Latency: min = 0.87207 ms, max = 0.941895 ms, mean = 0.882822 ms, median = 0.881104 ms, percentile(90%) = 0.887695 ms, percentile(95%) = 0.890625 ms, percentile(99%) = 0.941406 ms
[09/10/2026-04:13:41] [I] GPU Compute Time: min = 49.2061 ms, max = 49.4414 ms, mean = 49.3186 ms, median = 49.3156 ms, percentile(90%) = 49.3545 ms, percentile(95%) = 49.3701 ms, percentile(99%) = 49.4355 ms
[09/10/2026-04:13:41] [I] D2H Latency: min = 2.61133 ms, max = 4.85254 ms, mean = 4.70006 ms, median = 4.70703 ms, percentile(90%) = 4.73047 ms, percentile(95%) = 4.73633 ms, percentile(99%) = 4.77393 ms
[09/10/2026-04:13:41] [I] Total Host Walltime: 9.9113 s
[09/10/2026-04:13:41] [I] Total GPU Compute Time: 9.86373 s
[09/10/2026-04:13:41] [I] Explanations of the performance metrics are printed in the verbose logs.
[09/10/2026-04:13:41] [I] 
&&&& PASSED TensorRT.trtexec [TensorRT v100700] [b23] # /usr/src/tensorrt/bin/trtexec --onnx=/home/sjsujetson/godeye/onnx/flashocc_shaped_scatter.onnx --iterations=200 --warmUp=2000 --avgRuns=100 --useSpinWait --separateProfileRun --memPoolSize=workspace:2048M --timingCacheFile=/home/sjsujetson/godeye/out/timing.cache --int8
[09/10/2026-04:09:46] [W] [TRT] Calibrator is not being used. Users must provide dynamic range for all tensors that are not Int32 or Bool.
