
=============
== PyTorch ==
=============

NVIDIA Release 24.12 (build 126674151)
PyTorch Version 2.6.0a0+df5bbc0
Container image Copyright (c) 2024, NVIDIA CORPORATION & AFFILIATES. All rights reserved.
Copyright (c) 2014-2024 Facebook Inc.
Copyright (c) 2011-2014 Idiap Research Institute (Ronan Collobert)
Copyright (c) 2012-2014 Deepmind Technologies    (Koray Kavukcuoglu)
Copyright (c) 2011-2012 NEC Laboratories America (Koray Kavukcuoglu)
Copyright (c) 2011-2013 NYU                      (Clement Farabet)
Copyright (c) 2006-2010 NEC Laboratories America (Ronan Collobert, Leon Bottou, Iain Melvin, Jason Weston)
Copyright (c) 2006      Idiap Research Institute (Samy Bengio)
Copyright (c) 2001-2004 Idiap Research Institute (Ronan Collobert, Samy Bengio, Johnny Mariethoz)
Copyright (c) 2015      Google Inc.
Copyright (c) 2015      Yangqing Jia
Copyright (c) 2013-2016 The Caffe contributors
All rights reserved.

Various files include modifications (c) NVIDIA CORPORATION & AFFILIATES.  All rights reserved.

This container image and its contents are governed by the NVIDIA Deep Learning Container License.
By pulling and using the container, you accept the terms and conditions of this license:
https://developer.nvidia.com/ngc/nvidia-deep-learning-container-license

NOTE: The SHMEM allocation limit is set to the default of 64MB.  This may be
   insufficient for PyTorch.  NVIDIA recommends the use of the following flags:
   docker run --gpus all --ipc=host --ulimit memlock=-1 --ulimit stack=67108864 ...

&&&& RUNNING TensorRT.trtexec [TensorRT v100700] [b23] # /usr/src/tensorrt/bin/trtexec --onnx=/home/sjsujetson/godeye/onnx/backbone_r50_6x256x704.onnx --iterations=200 --warmUp=2000 --avgRuns=100 --useSpinWait --separateProfileRun --memPoolSize=workspace:2048M --timingCacheFile=/home/sjsujetson/godeye/out/timing.cache
[09/10/2026-04:15:10] [I] TF32 is enabled by default. Add --noTF32 flag to further improve accuracy with some performance cost.
[09/10/2026-04:15:10] [I] === Model Options ===
[09/10/2026-04:15:10] [I] Format: ONNX
[09/10/2026-04:15:10] [I] Model: /home/sjsujetson/godeye/onnx/backbone_r50_6x256x704.onnx
[09/10/2026-04:15:10] [I] Output:
[09/10/2026-04:15:10] [I] === Build Options ===
[09/10/2026-04:15:10] [I] Memory Pools: workspace: 2048 MiB, dlaSRAM: default, dlaLocalDRAM: default, dlaGlobalDRAM: default, tacticSharedMem: default
[09/10/2026-04:15:10] [I] avgTiming: 8
[09/10/2026-04:15:10] [I] Precision: FP32
[09/10/2026-04:15:10] [I] LayerPrecisions: 
[09/10/2026-04:15:10] [I] Layer Device Types: 
[09/10/2026-04:15:10] [I] Calibration: 
[09/10/2026-04:15:10] [I] Refit: Disabled
[09/10/2026-04:15:10] [I] Strip weights: Disabled
[09/10/2026-04:15:10] [I] Version Compatible: Disabled
[09/10/2026-04:15:10] [I] ONNX Plugin InstanceNorm: Disabled
[09/10/2026-04:15:10] [I] TensorRT runtime: full
[09/10/2026-04:15:10] [I] Lean DLL Path: 
[09/10/2026-04:15:10] [I] Tempfile Controls: { in_memory: allow, temporary: allow }
[09/10/2026-04:15:10] [I] Exclude Lean Runtime: Disabled
[09/10/2026-04:15:10] [I] Sparsity: Disabled
[09/10/2026-04:15:10] [I] Safe mode: Disabled
[09/10/2026-04:15:10] [I] Build DLA standalone loadable: Disabled
[09/10/2026-04:15:10] [I] Allow GPU fallback for DLA: Disabled
[09/10/2026-04:15:10] [I] DirectIO mode: Disabled
[09/10/2026-04:15:10] [I] Restricted mode: Disabled
[09/10/2026-04:15:10] [I] Skip inference: Disabled
[09/10/2026-04:15:10] [I] Save engine: 
[09/10/2026-04:15:10] [I] Load engine: 
[09/10/2026-04:15:10] [I] Profiling verbosity: 0
[09/10/2026-04:15:10] [I] Tactic sources: Using default tactic sources
[09/10/2026-04:15:10] [I] timingCacheMode: global
[09/10/2026-04:15:10] [I] timingCacheFile: /home/sjsujetson/godeye/out/timing.cache
[09/10/2026-04:15:10] [I] Enable Compilation Cache: Enabled
[09/10/2026-04:15:10] [I] Enable Monitor Memory: Disabled
[09/10/2026-04:15:10] [I] errorOnTimingCacheMiss: Disabled
[09/10/2026-04:15:10] [I] Preview Features: Use default preview flags.
[09/10/2026-04:15:10] [I] MaxAuxStreams: -1
[09/10/2026-04:15:10] [I] BuilderOptimizationLevel: -1
[09/10/2026-04:15:10] [I] MaxTactics: -1
[09/10/2026-04:15:10] [I] Calibration Profile Index: 0
[09/10/2026-04:15:10] [I] Weight Streaming: Disabled
[09/10/2026-04:15:10] [I] Runtime Platform: Same As Build
[09/10/2026-04:15:10] [I] Debug Tensors: 
[09/10/2026-04:15:10] [I] Input(s)s format: fp32:CHW
[09/10/2026-04:15:10] [I] Output(s)s format: fp32:CHW
[09/10/2026-04:15:10] [I] Input build shapes: model
[09/10/2026-04:15:10] [I] Input calibration shapes: model
[09/10/2026-04:15:10] [I] === System Options ===
[09/10/2026-04:15:10] [I] Device: 0
[09/10/2026-04:15:10] [I] DLACore: 
[09/10/2026-04:15:10] [I] Plugins:
[09/10/2026-04:15:10] [I] setPluginsToSerialize:
[09/10/2026-04:15:10] [I] dynamicPlugins:
[09/10/2026-04:15:10] [I] ignoreParsedPluginLibs: 0
[09/10/2026-04:15:10] [I] 
[09/10/2026-04:15:10] [I] === Inference Options ===
[09/10/2026-04:15:10] [I] Batch: Explicit
[09/10/2026-04:15:10] [I] Input inference shapes: model
[09/10/2026-04:15:10] [I] Iterations: 200
[09/10/2026-04:15:10] [I] Duration: 3s (+ 2000ms warm up)
[09/10/2026-04:15:10] [I] Sleep time: 0ms
[09/10/2026-04:15:10] [I] Idle time: 0ms
[09/10/2026-04:15:10] [I] Inference Streams: 1
[09/10/2026-04:15:10] [I] ExposeDMA: Disabled
[09/10/2026-04:15:10] [I] Data transfers: Enabled
[09/10/2026-04:15:10] [I] Spin-wait: Enabled
[09/10/2026-04:15:10] [I] Multithreading: Disabled
[09/10/2026-04:15:10] [I] CUDA Graph: Disabled
[09/10/2026-04:15:10] [I] Separate profiling: Enabled
[09/10/2026-04:15:10] [I] Time Deserialize: Disabled
[09/10/2026-04:15:10] [I] Time Refit: Disabled
[09/10/2026-04:15:10] [I] NVTX verbosity: 0
[09/10/2026-04:15:10] [I] Persistent Cache Ratio: 0
[09/10/2026-04:15:10] [I] Optimization Profile Index: 0
[09/10/2026-04:15:10] [I] Weight Streaming Budget: 100.000000%
[09/10/2026-04:15:10] [I] Inputs:
[09/10/2026-04:15:10] [I] Debug Tensor Save Destinations:
[09/10/2026-04:15:10] [I] === Reporting Options ===
[09/10/2026-04:15:10] [I] Verbose: Disabled
[09/10/2026-04:15:10] [I] Averages: 100 inferences
[09/10/2026-04:15:10] [I] Percentiles: 90,95,99
[09/10/2026-04:15:10] [I] Dump refittable layers:Disabled
[09/10/2026-04:15:10] [I] Dump output: Disabled
[09/10/2026-04:15:10] [I] Profile: Disabled
[09/10/2026-04:15:10] [I] Export timing to JSON file: 
[09/10/2026-04:15:10] [I] Export output to JSON file: 
[09/10/2026-04:15:10] [I] Export profile to JSON file: 
[09/10/2026-04:15:10] [I] 
[09/10/2026-04:15:10] [I] === Device Information ===
[09/10/2026-04:15:10] [I] Available Devices: 
[09/10/2026-04:15:10] [I]   Device 0: "Orin" UUID: GPU-28009003-7470-53ad-b253-17b9853332d2
[09/10/2026-04:15:10] [I] Selected Device: Orin
[09/10/2026-04:15:10] [I] Selected Device ID: 0
[09/10/2026-04:15:10] [I] Selected Device UUID: GPU-28009003-7470-53ad-b253-17b9853332d2
[09/10/2026-04:15:10] [I] Compute Capability: 8.7
[09/10/2026-04:15:10] [I] SMs: 8
[09/10/2026-04:15:10] [I] Device Global Memory: 7485 MiB
[09/10/2026-04:15:10] [I] Shared Memory per SM: 164 KiB
[09/10/2026-04:15:10] [I] Memory Bus Width: 128 bits (ECC disabled)
[09/10/2026-04:15:10] [I] Application Compute Clock Rate: 0.624 GHz
[09/10/2026-04:15:10] [I] Application Memory Clock Rate: 0.624 GHz
[09/10/2026-04:15:10] [I] 
[09/10/2026-04:15:10] [I] Note: The application clock rates do not reflect the actual clock rates that the GPU is currently running at.
[09/10/2026-04:15:10] [I] 
[09/10/2026-04:15:10] [I] TensorRT version: 10.7.0
[09/10/2026-04:15:10] [I] Loading standard plugins
[09/10/2026-04:15:10] [I] [TRT] [MemUsageChange] Init CUDA: CPU +1, GPU +0, now: CPU 20, GPU 2297 (MiB)
[09/10/2026-04:15:13] [I] [TRT] [MemUsageChange] Init builder kernel library: CPU +983, GPU +895, now: CPU 1062, GPU 3254 (MiB)
[09/10/2026-04:15:13] [I] Start parsing network model.
[09/10/2026-04:15:13] [I] [TRT] ----------------------------------------------------------------
[09/10/2026-04:15:13] [I] [TRT] Input filename:   /home/sjsujetson/godeye/onnx/backbone_r50_6x256x704.onnx
[09/10/2026-04:15:13] [I] [TRT] ONNX IR version:  0.0.8
[09/10/2026-04:15:13] [I] [TRT] Opset version:    17
[09/10/2026-04:15:13] [I] [TRT] Producer name:    pytorch
[09/10/2026-04:15:13] [I] [TRT] Producer version: 2.10.0
[09/10/2026-04:15:13] [I] [TRT] Domain:           
[09/10/2026-04:15:13] [I] [TRT] Model version:    0
[09/10/2026-04:15:13] [I] [TRT] Doc string:       
[09/10/2026-04:15:13] [I] [TRT] ----------------------------------------------------------------
[09/10/2026-04:15:13] [I] Finished parsing network model. Parse time: 0.163432
[09/10/2026-04:15:13] [I] [TRT] Loaded 460572 bytes of timing cache from /home/sjsujetson/godeye/out/timing.cache
[09/10/2026-04:15:13] [I] [TRT] Global timing cache in use. Profiling results in this builder pass will be stored.
[09/10/2026-04:16:38] [I] [TRT] Compiler backend is used during engine build.
[09/10/2026-04:16:39] [I] [TRT] [GraphReduction] The approximate region cut reduction algorithm is called.
[09/10/2026-04:16:39] [I] [TRT] Detected 1 inputs and 1 output network tensors.
[09/10/2026-04:16:40] [I] [TRT] Total Host Persistent Memory: 335504 bytes
[09/10/2026-04:16:40] [I] [TRT] Total Device Persistent Memory: 0 bytes
[09/10/2026-04:16:40] [I] [TRT] Max Scratch Memory: 0 bytes
[09/10/2026-04:16:40] [I] [TRT] [BlockAssignment] Started assigning block shifts. This will take 112 steps to complete.
[09/10/2026-04:16:40] [I] [TRT] [BlockAssignment] Algorithm ShiftNTopDown took 33.2282ms to assign 49 blocks to 112 nodes requiring 181752832 bytes.
[09/10/2026-04:16:40] [I] [TRT] Total Activation Memory: 181752832 bytes
[09/10/2026-04:16:40] [I] [TRT] Total Weights Memory: 98865152 bytes
[09/10/2026-04:16:40] [I] [TRT] Engine generation completed in 86.845 seconds.
[09/10/2026-04:16:40] [I] [TRT] [MemUsageStats] Peak memory usage of TRT CPU/GPU memory allocators: CPU 9 MiB, GPU 192 MiB
[09/10/2026-04:16:40] [I] Engine built in 86.9167 sec.
[09/10/2026-04:16:40] [I] Created engine with size: 95.1947 MiB
[09/10/2026-04:16:40] [I] [TRT] Loaded 460572 bytes of timing cache from /home/sjsujetson/godeye/out/timing.cache
[09/10/2026-04:16:40] [I] [TRT] Serialized 27 bytes of code generator cache.
[09/10/2026-04:16:40] [I] [TRT] Serialized 113543 bytes of compilation cache.
[09/10/2026-04:16:40] [I] [TRT] Serialized 3466 timing cache entries
[09/10/2026-04:16:40] [I] [TRT] Saved 474187 bytes of timing cache to /home/sjsujetson/godeye/out/timing.cache
[09/10/2026-04:16:41] [I] [TRT] Loaded engine size: 95 MiB
[09/10/2026-04:16:41] [I] Engine deserialized in 0.0455419 sec.
[09/10/2026-04:16:41] [I] [TRT] [MemUsageChange] TensorRT-managed allocation in IExecutionContext creation: CPU +0, GPU +173, now: CPU 0, GPU 267 (MiB)
[09/10/2026-04:16:41] [I] Setting persistentCacheLimit to 0 bytes.
[09/10/2026-04:16:41] [I] Created execution context with device memory size: 173.333 MiB
[09/10/2026-04:16:41] [I] Using random values for input imgs
[09/10/2026-04:16:41] [I] Input binding for imgs with dimensions 6x3x256x704 is created.
[09/10/2026-04:16:41] [I] Output binding for feats with dimensions 6x256x32x88 is created.
[09/10/2026-04:16:41] [I] Starting inference
[09/10/2026-04:17:00] [I] Warmup completed 24 queries over 2000 ms
[09/10/2026-04:17:00] [I] Timing trace has 200 queries over 16.8918 s
[09/10/2026-04:17:00] [I] 
[09/10/2026-04:17:00] [I] === Trace details ===
[09/10/2026-04:17:00] [I] Trace averages of 100 runs:
[09/10/2026-04:17:00] [I] Average on 100 runs - GPU latency: 84.0432 ms - Host latency: 85.9774 ms (enqueue 1.01363 ms)
[09/10/2026-04:17:00] [I] Average on 100 runs - GPU latency: 84.0326 ms - Host latency: 85.9648 ms (enqueue 1.02468 ms)
[09/10/2026-04:17:00] [I] 
[09/10/2026-04:17:00] [I] === Performance summary ===
[09/10/2026-04:17:00] [I] Throughput: 11.8401 qps
[09/10/2026-04:17:00] [I] Latency: min = 85.8125 ms, max = 86.1523 ms, mean = 85.9711 ms, median = 85.9675 ms, percentile(90%) = 86.0503 ms, percentile(95%) = 86.0732 ms, percentile(99%) = 86.1345 ms
[09/10/2026-04:17:00] [I] Enqueue Time: min = 0.95166 ms, max = 1.25488 ms, mean = 1.01915 ms, median = 1.00781 ms, percentile(90%) = 1.06787 ms, percentile(95%) = 1.10938 ms, percentile(99%) = 1.23584 ms
[09/10/2026-04:17:00] [I] H2D Latency: min = 0.760742 ms, max = 0.784668 ms, mean = 0.767748 ms, median = 0.767578 ms, percentile(90%) = 0.770996 ms, percentile(95%) = 0.772461 ms, percentile(99%) = 0.78418 ms
[09/10/2026-04:17:00] [I] GPU Compute Time: min = 83.8882 ms, max = 84.2188 ms, mean = 84.0379 ms, median = 84.036 ms, percentile(90%) = 84.1162 ms, percentile(95%) = 84.1396 ms, percentile(99%) = 84.2009 ms
[09/10/2026-04:17:00] [I] D2H Latency: min = 0.982422 ms, max = 1.21191 ms, mean = 1.16547 ms, median = 1.16602 ms, percentile(90%) = 1.16895 ms, percentile(95%) = 1.1709 ms, percentile(99%) = 1.19604 ms
[09/10/2026-04:17:00] [I] Total Host Walltime: 16.8918 s
[09/10/2026-04:17:00] [I] Total GPU Compute Time: 16.8076 s
[09/10/2026-04:17:00] [I] Explanations of the performance metrics are printed in the verbose logs.
[09/10/2026-04:17:00] [I] 
&&&& PASSED TensorRT.trtexec [TensorRT v100700] [b23] # /usr/src/tensorrt/bin/trtexec --onnx=/home/sjsujetson/godeye/onnx/backbone_r50_6x256x704.onnx --iterations=200 --warmUp=2000 --avgRuns=100 --useSpinWait --separateProfileRun --memPoolSize=workspace:2048M --timingCacheFile=/home/sjsujetson/godeye/out/timing.cache
