
=============
== PyTorch ==
=============

NVIDIA Release 24.12 (build 126674151)
PyTorch Version 2.6.0a0+df5bbc0
Container image Copyright (c) 2024, NVIDIA CORPORATION & AFFILIATES. All rights reserved.
Copyright (c) 2014-2024 Facebook Inc.
Copyright (c) 2011-2014 Idiap Research Institute (Ronan Collobert)
Copyright (c) 2012-2014 Deepmind Technologies    (Koray Kavukcuoglu)
Copyright (c) 2011-2012 NEC Laboratories America (Koray Kavukcuoglu)
Copyright (c) 2011-2013 NYU                      (Clement Farabet)
Copyright (c) 2006-2010 NEC Laboratories America (Ronan Collobert, Leon Bottou, Iain Melvin, Jason Weston)
Copyright (c) 2006      Idiap Research Institute (Samy Bengio)
Copyright (c) 2001-2004 Idiap Research Institute (Ronan Collobert, Samy Bengio, Johnny Mariethoz)
Copyright (c) 2015      Google Inc.
Copyright (c) 2015      Yangqing Jia
Copyright (c) 2013-2016 The Caffe contributors
All rights reserved.

Various files include modifications (c) NVIDIA CORPORATION & AFFILIATES.  All rights reserved.

This container image and its contents are governed by the NVIDIA Deep Learning Container License.
By pulling and using the container, you accept the terms and conditions of this license:
https://developer.nvidia.com/ngc/nvidia-deep-learning-container-license

NOTE: The SHMEM allocation limit is set to the default of 64MB.  This may be
   insufficient for PyTorch.  NVIDIA recommends the use of the following flags:
   docker run --gpus all --ipc=host --ulimit memlock=-1 --ulimit stack=67108864 ...

&&&& RUNNING TensorRT.trtexec [TensorRT v100700] [b23] # /usr/src/tensorrt/bin/trtexec --onnx=/work/onnx/flashocc_shaped_scatter.onnx --fp16 --sparsity=force --memPoolSize=workspace:2048 --iterations=100 --warmUp=2000 --duration=15 --avgRuns=20 --timingCacheFile=/work/out/timing.cache
[09/10/2026-05:02:08] [W] --sparsity=force has been deprecated. Please use <polygraphy surgeon prune> to rewrite the weights to a sparsity pattern and then run with --sparsity=enable
[09/10/2026-05:02:08] [I] === Model Options ===
[09/10/2026-05:02:08] [I] Format: ONNX
[09/10/2026-05:02:08] [I] Model: /work/onnx/flashocc_shaped_scatter.onnx
[09/10/2026-05:02:08] [I] Output:
[09/10/2026-05:02:08] [I] === Build Options ===
[09/10/2026-05:02:08] [I] Memory Pools: workspace: 2048 MiB, dlaSRAM: default, dlaLocalDRAM: default, dlaGlobalDRAM: default, tacticSharedMem: default
[09/10/2026-05:02:08] [I] avgTiming: 8
[09/10/2026-05:02:08] [I] Precision: FP32+FP16
[09/10/2026-05:02:08] [I] LayerPrecisions: 
[09/10/2026-05:02:08] [I] Layer Device Types: 
[09/10/2026-05:02:08] [I] Calibration: 
[09/10/2026-05:02:08] [I] Refit: Disabled
[09/10/2026-05:02:08] [I] Strip weights: Disabled
[09/10/2026-05:02:08] [I] Version Compatible: Disabled
[09/10/2026-05:02:08] [I] ONNX Plugin InstanceNorm: Disabled
[09/10/2026-05:02:08] [I] TensorRT runtime: full
[09/10/2026-05:02:08] [I] Lean DLL Path: 
[09/10/2026-05:02:08] [I] Tempfile Controls: { in_memory: allow, temporary: allow }
[09/10/2026-05:02:08] [I] Exclude Lean Runtime: Disabled
[09/10/2026-05:02:08] [I] Sparsity: Forced
[09/10/2026-05:02:08] [I] Safe mode: Disabled
[09/10/2026-05:02:08] [I] Build DLA standalone loadable: Disabled
[09/10/2026-05:02:08] [I] Allow GPU fallback for DLA: Disabled
[09/10/2026-05:02:08] [I] DirectIO mode: Disabled
[09/10/2026-05:02:08] [I] Restricted mode: Disabled
[09/10/2026-05:02:08] [I] Skip inference: Disabled
[09/10/2026-05:02:08] [I] Save engine: 
[09/10/2026-05:02:08] [I] Load engine: 
[09/10/2026-05:02:08] [I] Profiling verbosity: 0
[09/10/2026-05:02:08] [I] Tactic sources: Using default tactic sources
[09/10/2026-05:02:08] [I] timingCacheMode: global
[09/10/2026-05:02:08] [I] timingCacheFile: /work/out/timing.cache
[09/10/2026-05:02:08] [I] Enable Compilation Cache: Enabled
[09/10/2026-05:02:08] [I] Enable Monitor Memory: Disabled
[09/10/2026-05:02:08] [I] errorOnTimingCacheMiss: Disabled
[09/10/2026-05:02:08] [I] Preview Features: Use default preview flags.
[09/10/2026-05:02:08] [I] MaxAuxStreams: -1
[09/10/2026-05:02:08] [I] BuilderOptimizationLevel: -1
[09/10/2026-05:02:08] [I] MaxTactics: -1
[09/10/2026-05:02:08] [I] Calibration Profile Index: 0
[09/10/2026-05:02:08] [I] Weight Streaming: Disabled
[09/10/2026-05:02:08] [I] Runtime Platform: Same As Build
[09/10/2026-05:02:08] [I] Debug Tensors: 
[09/10/2026-05:02:08] [I] Input(s)s format: fp32:CHW
[09/10/2026-05:02:08] [I] Output(s)s format: fp32:CHW
[09/10/2026-05:02:08] [I] Input build shapes: model
[09/10/2026-05:02:08] [I] Input calibration shapes: model
[09/10/2026-05:02:08] [I] === System Options ===
[09/10/2026-05:02:08] [I] Device: 0
[09/10/2026-05:02:08] [I] DLACore: 
[09/10/2026-05:02:08] [I] Plugins:
[09/10/2026-05:02:08] [I] setPluginsToSerialize:
[09/10/2026-05:02:08] [I] dynamicPlugins:
[09/10/2026-05:02:08] [I] ignoreParsedPluginLibs: 0
[09/10/2026-05:02:08] [I] 
[09/10/2026-05:02:08] [I] === Inference Options ===
[09/10/2026-05:02:08] [I] Batch: Explicit
[09/10/2026-05:02:08] [I] Input inference shapes: model
[09/10/2026-05:02:08] [I] Iterations: 100
[09/10/2026-05:02:08] [I] Duration: 15s (+ 2000ms warm up)
[09/10/2026-05:02:08] [I] Sleep time: 0ms
[09/10/2026-05:02:08] [I] Idle time: 0ms
[09/10/2026-05:02:08] [I] Inference Streams: 1
[09/10/2026-05:02:08] [I] ExposeDMA: Disabled
[09/10/2026-05:02:08] [I] Data transfers: Enabled
[09/10/2026-05:02:08] [I] Spin-wait: Disabled
[09/10/2026-05:02:08] [I] Multithreading: Disabled
[09/10/2026-05:02:08] [I] CUDA Graph: Disabled
[09/10/2026-05:02:08] [I] Separate profiling: Disabled
[09/10/2026-05:02:08] [I] Time Deserialize: Disabled
[09/10/2026-05:02:08] [I] Time Refit: Disabled
[09/10/2026-05:02:08] [I] NVTX verbosity: 0
[09/10/2026-05:02:08] [I] Persistent Cache Ratio: 0
[09/10/2026-05:02:08] [I] Optimization Profile Index: 0
[09/10/2026-05:02:08] [I] Weight Streaming Budget: 100.000000%
[09/10/2026-05:02:08] [I] Inputs:
[09/10/2026-05:02:08] [I] Debug Tensor Save Destinations:
[09/10/2026-05:02:08] [I] === Reporting Options ===
[09/10/2026-05:02:08] [I] Verbose: Disabled
[09/10/2026-05:02:08] [I] Averages: 20 inferences
[09/10/2026-05:02:08] [I] Percentiles: 90,95,99
[09/10/2026-05:02:08] [I] Dump refittable layers:Disabled
[09/10/2026-05:02:08] [I] Dump output: Disabled
[09/10/2026-05:02:08] [I] Profile: Disabled
[09/10/2026-05:02:08] [I] Export timing to JSON file: 
[09/10/2026-05:02:08] [I] Export output to JSON file: 
[09/10/2026-05:02:08] [I] Export profile to JSON file: 
[09/10/2026-05:02:08] [I] 
[09/10/2026-05:02:08] [I] === Device Information ===
[09/10/2026-05:02:08] [I] Available Devices: 
[09/10/2026-05:02:08] [I]   Device 0: "Orin" UUID: GPU-28009003-7470-53ad-b253-17b9853332d2
[09/10/2026-05:02:08] [I] Selected Device: Orin
[09/10/2026-05:02:08] [I] Selected Device ID: 0
[09/10/2026-05:02:08] [I] Selected Device UUID: GPU-28009003-7470-53ad-b253-17b9853332d2
[09/10/2026-05:02:08] [I] Compute Capability: 8.7
[09/10/2026-05:02:08] [I] SMs: 8
[09/10/2026-05:02:08] [I] Device Global Memory: 7485 MiB
[09/10/2026-05:02:08] [I] Shared Memory per SM: 164 KiB
[09/10/2026-05:02:08] [I] Memory Bus Width: 128 bits (ECC disabled)
[09/10/2026-05:02:08] [I] Application Compute Clock Rate: 0.624 GHz
[09/10/2026-05:02:08] [I] Application Memory Clock Rate: 0.624 GHz
[09/10/2026-05:02:08] [I] 
[09/10/2026-05:02:08] [I] Note: The application clock rates do not reflect the actual clock rates that the GPU is currently running at.
[09/10/2026-05:02:08] [I] 
[09/10/2026-05:02:08] [I] TensorRT version: 10.7.0
[09/10/2026-05:02:08] [I] Loading standard plugins
[09/10/2026-05:02:08] [I] [TRT] [MemUsageChange] Init CUDA: CPU +1, GPU +0, now: CPU 20, GPU 2159 (MiB)
[09/10/2026-05:02:11] [I] [TRT] [MemUsageChange] Init builder kernel library: CPU +983, GPU +776, now: CPU 1062, GPU 3000 (MiB)
[09/10/2026-05:02:11] [I] Start parsing network model.
[09/10/2026-05:02:11] [I] [TRT] ----------------------------------------------------------------
[09/10/2026-05:02:11] [I] [TRT] Input filename:   /work/onnx/flashocc_shaped_scatter.onnx
[09/10/2026-05:02:11] [I] [TRT] ONNX IR version:  0.0.8
[09/10/2026-05:02:11] [I] [TRT] Opset version:    17
[09/10/2026-05:02:11] [I] [TRT] Producer name:    pytorch
[09/10/2026-05:02:11] [I] [TRT] Producer version: 2.10.0
[09/10/2026-05:02:11] [I] [TRT] Domain:           
[09/10/2026-05:02:11] [I] [TRT] Model version:    0
[09/10/2026-05:02:11] [I] [TRT] Doc string:       
[09/10/2026-05:02:11] [I] [TRT] ----------------------------------------------------------------
[09/10/2026-05:02:11] [I] Finished parsing network model. Parse time: 0.102135
[09/10/2026-05:02:11] [I] [TRT] Loaded 544803 bytes of timing cache from /work/out/timing.cache
[09/10/2026-05:02:11] [I] [TRT] Global timing cache in use. Profiling results in this builder pass will be stored.
[09/10/2026-05:02:11] [I] [TRT] Compiler backend is used during engine build.
[09/10/2026-05:04:25] [I] [TRT] Detected 1 inputs and 1 output network tensors.
[09/10/2026-05:04:29] [I] [TRT] Total Host Persistent Memory: 316352 bytes
[09/10/2026-05:04:29] [I] [TRT] Total Device Persistent Memory: 23737344 bytes
[09/10/2026-05:04:29] [I] [TRT] Max Scratch Memory: 39874560 bytes
[09/10/2026-05:04:29] [I] [TRT] [BlockAssignment] Started assigning block shifts. This will take 150 steps to complete.
[09/10/2026-05:04:29] [I] [TRT] [BlockAssignment] Algorithm ShiftNTopDown took 14.5503ms to assign 7 blocks to 150 nodes requiring 323322880 bytes.
[09/10/2026-05:04:29] [I] [TRT] Total Activation Memory: 323322368 bytes
[09/10/2026-05:04:29] [I] [TRT] Total Weights Memory: 43472000 bytes
[09/10/2026-05:04:29] [I] [TRT] (Sparsity) Found 52 layer(s) eligible to use sparse tactics: /trunk/trunk.0/Conv + /trunk/trunk.2/Relu, /trunk/trunk.4/trunk.4.0/conv1/Conv + /trunk/trunk.4/trunk.4.0/relu/Relu, /trunk/trunk.4/trunk.4.0/conv2/Conv + /trunk/trunk.4/trunk.4.0/relu_1/Relu, /trunk/trunk.4/trunk.4.0/conv3/Conv, /trunk/trunk.4/trunk.4.0/downsample/downsample.0/Conv + /trunk/trunk.4/trunk.4.0/Add + /trunk/trunk.4/trunk.4.0/relu_2/Relu, /trunk/trunk.4/trunk.4.1/conv1/Conv + /trunk/trunk.4/trunk.4.1/relu/Relu, /trunk/trunk.4/trunk.4.1/conv2/Conv + /trunk/trunk.4/trunk.4.1/relu_1/Relu, /trunk/trunk.4/trunk.4.1/conv3/Conv + /trunk/trunk.4/trunk.4.1/Add + /trunk/trunk.4/trunk.4.1/relu_2/Relu, /trunk/trunk.4/trunk.4.2/conv1/Conv + /trunk/trunk.4/trunk.4.2/relu/Relu, /trunk/trunk.4/trunk.4.2/conv2/Conv + /trunk/trunk.4/trunk.4.2/relu_1/Relu, /trunk/trunk.4/trunk.4.2/conv3/Conv + /trunk/trunk.4/trunk.4.2/Add + /trunk/trunk.4/trunk.4.2/relu_2/Relu, /trunk/trunk.5/trunk.5.0/downsample/downsample.0/Conv, /trunk/trunk.5/trunk.5.0/conv1/Conv + /trunk/trunk.5/trunk.5.0/relu/Relu, /trunk/trunk.5/trunk.5.0/conv2/Conv + /trunk/trunk.5/trunk.5.0/relu_1/Relu, /trunk/trunk.5/trunk.5.1/conv1/Conv + /trunk/trunk.5/trunk.5.1/relu/Relu, /trunk/trunk.5/trunk.5.1/conv2/Conv + /trunk/trunk.5/trunk.5.1/relu_1/Relu, /trunk/trunk.5/trunk.5.1/conv3/Conv + /trunk/trunk.5/trunk.5.1/Add + /trunk/trunk.5/trunk.5.1/relu_2/Relu, /trunk/trunk.5/trunk.5.2/conv1/Conv + /trunk/trunk.5/trunk.5.2/relu/Relu, /trunk/trunk.5/trunk.5.2/conv2/Conv + /trunk/trunk.5/trunk.5.2/relu_1/Relu, /trunk/trunk.5/trunk.5.2/conv3/Conv + /trunk/trunk.5/trunk.5.2/Add + /trunk/trunk.5/trunk.5.2/relu_2/Relu, /trunk/trunk.5/trunk.5.3/conv1/Conv + /trunk/trunk.5/trunk.5.3/relu/Relu, /trunk/trunk.5/trunk.5.3/conv2/Conv + /trunk/trunk.5/trunk.5.3/relu_1/Relu, /trunk/trunk.5/trunk.5.3/conv3/Conv + /trunk/trunk.5/trunk.5.3/Add + /trunk/trunk.5/trunk.5.3/relu_2/Relu, /trunk/trunk.6/trunk.6.0/downsample/downsample.0/Conv, /trunk/trunk.6/trunk.6.0/conv1/Conv + /trunk/trunk.6/trunk.6.0/relu/Relu, /trunk/trunk.6/trunk.6.0/conv2/Conv + /trunk/trunk.6/trunk.6.0/relu_1/Relu, /trunk/trunk.6/trunk.6.1/conv1/Conv + /trunk/trunk.6/trunk.6.1/relu/Relu, /trunk/trunk.6/trunk.6.1/conv2/Conv + /trunk/trunk.6/trunk.6.1/relu_1/Relu, /trunk/trunk.6/trunk.6.1/conv3/Conv + /trunk/trunk.6/trunk.6.1/Add + /trunk/trunk.6/trunk.6.1/relu_2/Relu, /trunk/trunk.6/trunk.6.2/conv1/Conv + /trunk/trunk.6/trunk.6.2/relu/Relu, /trunk/trunk.6/trunk.6.2/conv2/Conv + /trunk/trunk.6/trunk.6.2/relu_1/Relu, /trunk/trunk.6/trunk.6.2/conv3/Conv + /trunk/trunk.6/trunk.6.2/Add + /trunk/trunk.6/trunk.6.2/relu_2/Relu, /trunk/trunk.6/trunk.6.3/conv1/Conv + /trunk/trunk.6/trunk.6.3/relu/Relu, /trunk/trunk.6/trunk.6.3/conv2/Conv + /trunk/trunk.6/trunk.6.3/relu_1/Relu, /trunk/trunk.6/trunk.6.3/conv3/Conv + /trunk/trunk.6/trunk.6.3/Add + /trunk/trunk.6/trunk.6.3/relu_2/Relu, /trunk/trunk.6/trunk.6.4/conv1/Conv + /trunk/trunk.6/trunk.6.4/relu/Relu, /trunk/trunk.6/trunk.6.4/conv2/Conv + /trunk/trunk.6/trunk.6.4/relu_1/Relu, /trunk/trunk.6/trunk.6.4/conv3/Conv + /trunk/trunk.6/trunk.6.4/Add + /trunk/trunk.6/trunk.6.4/relu_2/Relu, /trunk/trunk.6/trunk.6.5/conv1/Conv + /trunk/trunk.6/trunk.6.5/relu/Relu, /trunk/trunk.6/trunk.6.5/conv2/Conv + /trunk/trunk.6/trunk.6.5/relu_1/Relu, /trunk/trunk.6/trunk.6.5/conv3/Conv + /trunk/trunk.6/trunk.6.5/Add + /trunk/trunk.6/trunk.6.5/relu_2/Relu, /depthnet/reduce/reduce.0/Conv + /depthnet/reduce/reduce.2/Relu, /depthnet/context/Conv, /bev_encoder/stem/stem.0/Conv + /bev_encoder/stem/stem.2/Relu, /bev_encoder/stem/stem.3/Conv + /bev_encoder/stem/stem.5/Relu, /bev_encoder/down1/down1.0/Conv + /bev_encoder/down1/down1.2/Relu, /bev_encoder/down1/down1.3/Conv + /bev_encoder/down1/down1.5/Relu, /bev_encoder/down2/down2.0/Conv + /bev_encoder/down2/down2.2/Relu, /bev_encoder/down2/down2.3/Conv + /bev_encoder/down2/down2.5/Relu, /bev_encoder/up/up.0/Conv + /bev_encoder/up/up.2/Relu, /occ_head/head/head.0/Conv + /occ_head/head/head.2/Relu, /occ_head/head/head.3/Conv
[09/10/2026-05:04:29] [I] [TRT] (Sparsity) Chose 37 layer(s) using sparse tactics: /trunk/trunk.4/trunk.4.0/conv1/Conv + /trunk/trunk.4/trunk.4.0/relu/Relu, /trunk/trunk.4/trunk.4.0/conv3/Conv, /trunk/trunk.4/trunk.4.1/conv1/Conv + /trunk/trunk.4/trunk.4.1/relu/Relu, /trunk/trunk.4/trunk.4.2/conv1/Conv + /trunk/trunk.4/trunk.4.2/relu/Relu, /trunk/trunk.5/trunk.5.0/downsample/downsample.0/Conv, /trunk/trunk.5/trunk.5.0/conv1/Conv + /trunk/trunk.5/trunk.5.0/relu/Relu, /trunk/trunk.5/trunk.5.0/conv2/Conv + /trunk/trunk.5/trunk.5.0/relu_1/Relu, /trunk/trunk.5/trunk.5.1/conv1/Conv + /trunk/trunk.5/trunk.5.1/relu/Relu, /trunk/trunk.5/trunk.5.1/conv2/Conv + /trunk/trunk.5/trunk.5.1/relu_1/Relu, /trunk/trunk.5/trunk.5.2/conv1/Conv + /trunk/trunk.5/trunk.5.2/relu/Relu, /trunk/trunk.5/trunk.5.2/conv2/Conv + /trunk/trunk.5/trunk.5.2/relu_1/Relu, /trunk/trunk.5/trunk.5.3/conv1/Conv + /trunk/trunk.5/trunk.5.3/relu/Relu, /trunk/trunk.5/trunk.5.3/conv2/Conv + /trunk/trunk.5/trunk.5.3/relu_1/Relu, /trunk/trunk.6/trunk.6.0/downsample/downsample.0/Conv, /trunk/trunk.6/trunk.6.0/conv1/Conv + /trunk/trunk.6/trunk.6.0/relu/Relu, /trunk/trunk.6/trunk.6.0/conv2/Conv + /trunk/trunk.6/trunk.6.0/relu_1/Relu, /trunk/trunk.6/trunk.6.1/conv1/Conv + /trunk/trunk.6/trunk.6.1/relu/Relu, /trunk/trunk.6/trunk.6.1/conv2/Conv + /trunk/trunk.6/trunk.6.1/relu_1/Relu, /trunk/trunk.6/trunk.6.2/conv1/Conv + /trunk/trunk.6/trunk.6.2/relu/Relu, /trunk/trunk.6/trunk.6.2/conv2/Conv + /trunk/trunk.6/trunk.6.2/relu_1/Relu, /trunk/trunk.6/trunk.6.3/conv1/Conv + /trunk/trunk.6/trunk.6.3/relu/Relu, /trunk/trunk.6/trunk.6.3/conv2/Conv + /trunk/trunk.6/trunk.6.3/relu_1/Relu, /trunk/trunk.6/trunk.6.4/conv1/Conv + /trunk/trunk.6/trunk.6.4/relu/Relu, /trunk/trunk.6/trunk.6.4/conv2/Conv + /trunk/trunk.6/trunk.6.4/relu_1/Relu, /trunk/trunk.6/trunk.6.5/conv1/Conv + /trunk/trunk.6/trunk.6.5/relu/Relu, /trunk/trunk.6/trunk.6.5/conv2/Conv + /trunk/trunk.6/trunk.6.5/relu_1/Relu, /depthnet/reduce/reduce.0/Conv + /depthnet/reduce/reduce.2/Relu, /depthnet/context/Conv, /bev_encoder/stem/stem.0/Conv + /bev_encoder/stem/stem.2/Relu, /bev_encoder/stem/stem.3/Conv + /bev_encoder/stem/stem.5/Relu, /bev_encoder/down1/down1.0/Conv + /bev_encoder/down1/down1.2/Relu, /bev_encoder/down1/down1.3/Conv + /bev_encoder/down1/down1.5/Relu, /bev_encoder/down2/down2.0/Conv + /bev_encoder/down2/down2.2/Relu, /bev_encoder/down2/down2.3/Conv + /bev_encoder/down2/down2.5/Relu, /bev_encoder/up/up.0/Conv + /bev_encoder/up/up.2/Relu, /occ_head/head/head.0/Conv + /occ_head/head/head.2/Relu, /occ_head/head/head.3/Conv
[09/10/2026-05:04:29] [I] [TRT] Compiler backend is used during engine execution.
[09/10/2026-05:04:29] [I] [TRT] Engine generation completed in 138.055 seconds.
[09/10/2026-05:04:29] [I] [TRT] [MemUsageStats] Peak memory usage of TRT CPU/GPU memory allocators: CPU 4 MiB, GPU 252 MiB
[09/10/2026-05:04:29] [I] Engine built in 138.162 sec.
[09/10/2026-05:04:29] [I] Created engine with size: 42.1512 MiB
[09/10/2026-05:04:29] [I] [TRT] Loaded 544803 bytes of timing cache from /work/out/timing.cache
[09/10/2026-05:04:29] [I] [TRT] Serialized 27 bytes of code generator cache.
[09/10/2026-05:04:29] [I] [TRT] Serialized 130287 bytes of compilation cache.
[09/10/2026-05:04:29] [I] [TRT] Serialized 4997 timing cache entries
[09/10/2026-05:04:29] [I] [TRT] Saved 650155 bytes of timing cache to /work/out/timing.cache
[09/10/2026-05:04:30] [I] [TRT] Loaded engine size: 42 MiB
[09/10/2026-05:04:30] [I] Engine deserialized in 0.0456273 sec.
[09/10/2026-05:04:30] [I] [TRT] [MemUsageChange] TensorRT-managed allocation in IExecutionContext creation: CPU +0, GPU +331, now: CPU 0, GPU 395 (MiB)
[09/10/2026-05:04:30] [I] Setting persistentCacheLimit to 0 bytes.
[09/10/2026-05:04:30] [I] Created execution context with device memory size: 308.344 MiB
[09/10/2026-05:04:30] [I] Using random values for input imgs
[09/10/2026-05:04:30] [I] Input binding for imgs with dimensions 6x3x256x704 is created.
[09/10/2026-05:04:30] [I] Output binding for occ with dimensions 1x16x18x200x200 is created.
[09/10/2026-05:04:30] [I] Starting inference
[09/10/2026-05:04:47] [I] Warmup completed 31 queries over 2000 ms
[09/10/2026-05:04:47] [I] Timing trace has 229 queries over 15.1602 s
[09/10/2026-05:04:47] [I] 
[09/10/2026-05:04:47] [I] === Trace details ===
[09/10/2026-05:04:47] [I] Trace averages of 20 runs:
[09/10/2026-05:04:47] [I] Average on 20 runs - GPU latency: 65.9276 ms - Host latency: 71.6264 ms (enqueue 1.59415 ms)
[09/10/2026-05:04:47] [I] Average on 20 runs - GPU latency: 65.9016 ms - Host latency: 71.5986 ms (enqueue 1.62732 ms)
[09/10/2026-05:04:47] [I] Average on 20 runs - GPU latency: 65.9086 ms - Host latency: 71.6103 ms (enqueue 1.60039 ms)
[09/10/2026-05:04:47] [I] Average on 20 runs - GPU latency: 65.9028 ms - Host latency: 71.5983 ms (enqueue 1.60415 ms)
[09/10/2026-05:04:47] [I] Average on 20 runs - GPU latency: 65.9243 ms - Host latency: 71.6235 ms (enqueue 1.59482 ms)
[09/10/2026-05:04:47] [I] Average on 20 runs - GPU latency: 65.9034 ms - Host latency: 71.6047 ms (enqueue 1.5835 ms)
[09/10/2026-05:04:47] [I] Average on 20 runs - GPU latency: 65.9364 ms - Host latency: 71.6333 ms (enqueue 1.59546 ms)
[09/10/2026-05:04:47] [I] Average on 20 runs - GPU latency: 65.9411 ms - Host latency: 71.6385 ms (enqueue 1.60229 ms)
[09/10/2026-05:04:47] [I] Average on 20 runs - GPU latency: 65.9136 ms - Host latency: 71.6104 ms (enqueue 1.58662 ms)
[09/10/2026-05:04:47] [I] Average on 20 runs - GPU latency: 65.9526 ms - Host latency: 71.6657 ms (enqueue 1.61372 ms)
[09/10/2026-05:04:47] [I] Average on 20 runs - GPU latency: 65.9296 ms - Host latency: 71.6227 ms (enqueue 1.59497 ms)
[09/10/2026-05:04:47] [I] 
[09/10/2026-05:04:47] [I] === Performance summary ===
[09/10/2026-05:04:47] [I] Throughput: 15.1053 qps
[09/10/2026-05:04:47] [I] Latency: min = 69.2871 ms, max = 71.9102 ms, mean = 71.6105 ms, median = 71.6133 ms, percentile(90%) = 71.7305 ms, percentile(95%) = 71.7646 ms, percentile(99%) = 71.8691 ms
[09/10/2026-05:04:47] [I] Enqueue Time: min = 1.54492 ms, max = 1.99707 ms, mean = 1.59852 ms, median = 1.5835 ms, percentile(90%) = 1.64551 ms, percentile(95%) = 1.70215 ms, percentile(99%) = 1.77686 ms
[09/10/2026-05:04:47] [I] H2D Latency: min = 0.863281 ms, max = 0.90332 ms, mean = 0.874457 ms, median = 0.873535 ms, percentile(90%) = 0.880859 ms, percentile(95%) = 0.884766 ms, percentile(99%) = 0.896484 ms
[09/10/2026-05:04:47] [I] GPU Compute Time: min = 65.7324 ms, max = 66.2314 ms, mean = 65.921 ms, median = 65.9126 ms, percentile(90%) = 66.0273 ms, percentile(95%) = 66.0547 ms, percentile(99%) = 66.1758 ms
[09/10/2026-05:04:47] [I] D2H Latency: min = 2.61328 ms, max = 5.16797 ms, mean = 4.81509 ms, median = 4.82129 ms, percentile(90%) = 4.83838 ms, percentile(95%) = 4.84277 ms, percentile(99%) = 4.85352 ms
[09/10/2026-05:04:47] [I] Total Host Walltime: 15.1602 s
[09/10/2026-05:04:47] [I] Total GPU Compute Time: 15.0959 s
[09/10/2026-05:04:47] [I] Explanations of the performance metrics are printed in the verbose logs.
[09/10/2026-05:04:47] [I] 
&&&& PASSED TensorRT.trtexec [TensorRT v100700] [b23] # /usr/src/tensorrt/bin/trtexec --onnx=/work/onnx/flashocc_shaped_scatter.onnx --fp16 --sparsity=force --memPoolSize=workspace:2048 --iterations=100 --warmUp=2000 --duration=15 --avgRuns=20 --timingCacheFile=/work/out/timing.cache
