
=============
== PyTorch ==
=============

NVIDIA Release 24.12 (build 126674151)
PyTorch Version 2.6.0a0+df5bbc0
Container image Copyright (c) 2024, NVIDIA CORPORATION & AFFILIATES. All rights reserved.
Copyright (c) 2014-2024 Facebook Inc.
Copyright (c) 2011-2014 Idiap Research Institute (Ronan Collobert)
Copyright (c) 2012-2014 Deepmind Technologies    (Koray Kavukcuoglu)
Copyright (c) 2011-2012 NEC Laboratories America (Koray Kavukcuoglu)
Copyright (c) 2011-2013 NYU                      (Clement Farabet)
Copyright (c) 2006-2010 NEC Laboratories America (Ronan Collobert, Leon Bottou, Iain Melvin, Jason Weston)
Copyright (c) 2006      Idiap Research Institute (Samy Bengio)
Copyright (c) 2001-2004 Idiap Research Institute (Ronan Collobert, Samy Bengio, Johnny Mariethoz)
Copyright (c) 2015      Google Inc.
Copyright (c) 2015      Yangqing Jia
Copyright (c) 2013-2016 The Caffe contributors
All rights reserved.

Various files include modifications (c) NVIDIA CORPORATION & AFFILIATES.  All rights reserved.

This container image and its contents are governed by the NVIDIA Deep Learning Container License.
By pulling and using the container, you accept the terms and conditions of this license:
https://developer.nvidia.com/ngc/nvidia-deep-learning-container-license

NOTE: The SHMEM allocation limit is set to the default of 64MB.  This may be
   insufficient for PyTorch.  NVIDIA recommends the use of the following flags:
   docker run --gpus all --ipc=host --ulimit memlock=-1 --ulimit stack=67108864 ...

&&&& RUNNING TensorRT.trtexec [TensorRT v100700] [b23] # /usr/src/tensorrt/bin/trtexec --onnx=/work/onnx/flashocc_shaped_scatter.onnx --int8 --sparsity=force --memPoolSize=workspace:2048 --iterations=100 --warmUp=2000 --duration=15 --avgRuns=20 --timingCacheFile=/work/out/timing.cache
[09/10/2026-05:05:18] [I] === Model Options ===
[09/10/2026-05:05:18] [I] Format: ONNX
[09/10/2026-05:05:18] [I] Model: /work/onnx/flashocc_shaped_scatter.onnx
[09/10/2026-05:05:18] [W] --sparsity=force has been deprecated. Please use <polygraphy surgeon prune> to rewrite the weights to a sparsity pattern and then run with --sparsity=enable
[09/10/2026-05:05:18] [I] Output:
[09/10/2026-05:05:18] [I] === Build Options ===
[09/10/2026-05:05:18] [I] Memory Pools: workspace: 2048 MiB, dlaSRAM: default, dlaLocalDRAM: default, dlaGlobalDRAM: default, tacticSharedMem: default
[09/10/2026-05:05:18] [I] avgTiming: 8
[09/10/2026-05:05:18] [I] Precision: FP32+INT8
[09/10/2026-05:05:18] [I] LayerPrecisions: 
[09/10/2026-05:05:18] [I] Layer Device Types: 
[09/10/2026-05:05:18] [I] Calibration: Dynamic
[09/10/2026-05:05:18] [I] Refit: Disabled
[09/10/2026-05:05:18] [I] Strip weights: Disabled
[09/10/2026-05:05:18] [I] Version Compatible: Disabled
[09/10/2026-05:05:18] [I] ONNX Plugin InstanceNorm: Disabled
[09/10/2026-05:05:18] [I] TensorRT runtime: full
[09/10/2026-05:05:18] [I] Lean DLL Path: 
[09/10/2026-05:05:18] [I] Tempfile Controls: { in_memory: allow, temporary: allow }
[09/10/2026-05:05:18] [I] Exclude Lean Runtime: Disabled
[09/10/2026-05:05:18] [I] Sparsity: Forced
[09/10/2026-05:05:18] [I] Safe mode: Disabled
[09/10/2026-05:05:18] [I] Build DLA standalone loadable: Disabled
[09/10/2026-05:05:18] [I] Allow GPU fallback for DLA: Disabled
[09/10/2026-05:05:18] [I] DirectIO mode: Disabled
[09/10/2026-05:05:18] [I] Restricted mode: Disabled
[09/10/2026-05:05:18] [I] Skip inference: Disabled
[09/10/2026-05:05:18] [I] Save engine: 
[09/10/2026-05:05:18] [I] Load engine: 
[09/10/2026-05:05:18] [I] Profiling verbosity: 0
[09/10/2026-05:05:18] [I] Tactic sources: Using default tactic sources
[09/10/2026-05:05:18] [I] timingCacheMode: global
[09/10/2026-05:05:18] [I] timingCacheFile: /work/out/timing.cache
[09/10/2026-05:05:18] [I] Enable Compilation Cache: Enabled
[09/10/2026-05:05:18] [I] Enable Monitor Memory: Disabled
[09/10/2026-05:05:18] [I] errorOnTimingCacheMiss: Disabled
[09/10/2026-05:05:18] [I] Preview Features: Use default preview flags.
[09/10/2026-05:05:18] [I] MaxAuxStreams: -1
[09/10/2026-05:05:18] [I] BuilderOptimizationLevel: -1
[09/10/2026-05:05:18] [I] MaxTactics: -1
[09/10/2026-05:05:18] [I] Calibration Profile Index: 0
[09/10/2026-05:05:18] [I] Weight Streaming: Disabled
[09/10/2026-05:05:18] [I] Runtime Platform: Same As Build
[09/10/2026-05:05:18] [I] Debug Tensors: 
[09/10/2026-05:05:18] [I] Input(s)s format: fp32:CHW
[09/10/2026-05:05:18] [I] Output(s)s format: fp32:CHW
[09/10/2026-05:05:18] [I] Input build shapes: model
[09/10/2026-05:05:18] [I] Input calibration shapes: model
[09/10/2026-05:05:18] [I] === System Options ===
[09/10/2026-05:05:18] [I] Device: 0
[09/10/2026-05:05:18] [I] DLACore: 
[09/10/2026-05:05:18] [I] Plugins:
[09/10/2026-05:05:18] [I] setPluginsToSerialize:
[09/10/2026-05:05:18] [I] dynamicPlugins:
[09/10/2026-05:05:18] [I] ignoreParsedPluginLibs: 0
[09/10/2026-05:05:18] [I] 
[09/10/2026-05:05:18] [I] === Inference Options ===
[09/10/2026-05:05:18] [I] Batch: Explicit
[09/10/2026-05:05:18] [I] Input inference shapes: model
[09/10/2026-05:05:18] [I] Iterations: 100
[09/10/2026-05:05:18] [I] Duration: 15s (+ 2000ms warm up)
[09/10/2026-05:05:18] [I] Sleep time: 0ms
[09/10/2026-05:05:18] [I] Idle time: 0ms
[09/10/2026-05:05:18] [I] Inference Streams: 1
[09/10/2026-05:05:18] [I] ExposeDMA: Disabled
[09/10/2026-05:05:18] [I] Data transfers: Enabled
[09/10/2026-05:05:18] [I] Spin-wait: Disabled
[09/10/2026-05:05:18] [I] Multithreading: Disabled
[09/10/2026-05:05:18] [I] CUDA Graph: Disabled
[09/10/2026-05:05:18] [I] Separate profiling: Disabled
[09/10/2026-05:05:18] [I] Time Deserialize: Disabled
[09/10/2026-05:05:18] [I] Time Refit: Disabled
[09/10/2026-05:05:18] [I] NVTX verbosity: 0
[09/10/2026-05:05:18] [I] Persistent Cache Ratio: 0
[09/10/2026-05:05:18] [I] Optimization Profile Index: 0
[09/10/2026-05:05:18] [I] Weight Streaming Budget: 100.000000%
[09/10/2026-05:05:18] [I] Inputs:
[09/10/2026-05:05:18] [I] Debug Tensor Save Destinations:
[09/10/2026-05:05:18] [I] === Reporting Options ===
[09/10/2026-05:05:18] [I] Verbose: Disabled
[09/10/2026-05:05:18] [I] Averages: 20 inferences
[09/10/2026-05:05:18] [I] Percentiles: 90,95,99
[09/10/2026-05:05:18] [I] Dump refittable layers:Disabled
[09/10/2026-05:05:18] [I] Dump output: Disabled
[09/10/2026-05:05:18] [I] Profile: Disabled
[09/10/2026-05:05:18] [I] Export timing to JSON file: 
[09/10/2026-05:05:18] [I] Export output to JSON file: 
[09/10/2026-05:05:18] [I] Export profile to JSON file: 
[09/10/2026-05:05:18] [I] 
[09/10/2026-05:05:18] [I] === Device Information ===
[09/10/2026-05:05:18] [I] Available Devices: 
[09/10/2026-05:05:18] [I]   Device 0: "Orin" UUID: GPU-28009003-7470-53ad-b253-17b9853332d2
[09/10/2026-05:05:18] [I] Selected Device: Orin
[09/10/2026-05:05:18] [I] Selected Device ID: 0
[09/10/2026-05:05:18] [I] Selected Device UUID: GPU-28009003-7470-53ad-b253-17b9853332d2
[09/10/2026-05:05:18] [I] Compute Capability: 8.7
[09/10/2026-05:05:18] [I] SMs: 8
[09/10/2026-05:05:18] [I] Device Global Memory: 7485 MiB
[09/10/2026-05:05:18] [I] Shared Memory per SM: 164 KiB
[09/10/2026-05:05:18] [I] Memory Bus Width: 128 bits (ECC disabled)
[09/10/2026-05:05:18] [I] Application Compute Clock Rate: 0.624 GHz
[09/10/2026-05:05:18] [I] Application Memory Clock Rate: 0.624 GHz
[09/10/2026-05:05:18] [I] 
[09/10/2026-05:05:18] [I] Note: The application clock rates do not reflect the actual clock rates that the GPU is currently running at.
[09/10/2026-05:05:18] [I] 
[09/10/2026-05:05:18] [I] TensorRT version: 10.7.0
[09/10/2026-05:05:18] [I] Loading standard plugins
[09/10/2026-05:05:18] [I] [TRT] [MemUsageChange] Init CUDA: CPU +1, GPU +0, now: CPU 20, GPU 2346 (MiB)
[09/10/2026-05:05:21] [I] [TRT] [MemUsageChange] Init builder kernel library: CPU +983, GPU +1069, now: CPU 1062, GPU 3484 (MiB)
[09/10/2026-05:05:21] [I] Start parsing network model.
[09/10/2026-05:05:22] [I] [TRT] ----------------------------------------------------------------
[09/10/2026-05:05:22] [I] [TRT] Input filename:   /work/onnx/flashocc_shaped_scatter.onnx
[09/10/2026-05:05:22] [I] [TRT] ONNX IR version:  0.0.8
[09/10/2026-05:05:22] [I] [TRT] Opset version:    17
[09/10/2026-05:05:22] [I] [TRT] Producer name:    pytorch
[09/10/2026-05:05:22] [I] [TRT] Producer version: 2.10.0
[09/10/2026-05:05:22] [I] [TRT] Domain:           
[09/10/2026-05:05:22] [I] [TRT] Model version:    0
[09/10/2026-05:05:22] [I] [TRT] Doc string:       
[09/10/2026-05:05:22] [I] [TRT] ----------------------------------------------------------------
[09/10/2026-05:05:22] [I] Finished parsing network model. Parse time: 0.0971454
[09/10/2026-05:05:22] [I] FP32 and INT8 precisions have been specified - more performance might be enabled by additionally specifying --fp16 or --best
[09/10/2026-05:05:22] [I] [TRT] Loaded 650155 bytes of timing cache from /work/out/timing.cache
[09/10/2026-05:05:22] [W] [TRT] Calibrator is not being used. Users must provide dynamic range for all tensors that are not Int32 or Bool.
[09/10/2026-05:05:22] [I] [TRT] Global timing cache in use. Profiling results in this builder pass will be stored.
[09/10/2026-05:05:22] [I] [TRT] Compiler backend is used during engine build.
[09/10/2026-05:07:11] [I] [TRT] Detected 1 inputs and 1 output network tensors.
[09/10/2026-05:07:17] [I] [TRT] Total Host Persistent Memory: 258848 bytes
[09/10/2026-05:07:17] [I] [TRT] Total Device Persistent Memory: 6506496 bytes
[09/10/2026-05:07:17] [I] [TRT] Max Scratch Memory: 12800000 bytes
[09/10/2026-05:07:17] [I] [TRT] [BlockAssignment] Started assigning block shifts. This will take 161 steps to complete.
[09/10/2026-05:07:17] [I] [TRT] [BlockAssignment] Algorithm ShiftNTopDown took 16.002ms to assign 7 blocks to 161 nodes requiring 328733696 bytes.
[09/10/2026-05:07:17] [I] [TRT] Total Activation Memory: 328733696 bytes
[09/10/2026-05:07:17] [I] [TRT] Total Weights Memory: 28352584 bytes
[09/10/2026-05:07:17] [I] [TRT] (Sparsity) Found 54 layer(s) eligible to use sparse tactics: /trunk/trunk.4/trunk.4.0/conv1/Conv + /trunk/trunk.4/trunk.4.0/relu/Relu, /trunk/trunk.4/trunk.4.0/conv2/Conv + /trunk/trunk.4/trunk.4.0/relu_1/Relu, /trunk/trunk.4/trunk.4.0/conv3/Conv, /trunk/trunk.4/trunk.4.0/downsample/downsample.0/Conv + /trunk/trunk.4/trunk.4.0/Add + /trunk/trunk.4/trunk.4.0/relu_2/Relu, /trunk/trunk.4/trunk.4.1/conv1/Conv + /trunk/trunk.4/trunk.4.1/relu/Relu, /trunk/trunk.4/trunk.4.1/conv2/Conv + /trunk/trunk.4/trunk.4.1/relu_1/Relu, /trunk/trunk.4/trunk.4.1/conv3/Conv + /trunk/trunk.4/trunk.4.1/Add + /trunk/trunk.4/trunk.4.1/relu_2/Relu, /trunk/trunk.4/trunk.4.2/conv1/Conv + /trunk/trunk.4/trunk.4.2/relu/Relu, /trunk/trunk.4/trunk.4.2/conv2/Conv + /trunk/trunk.4/trunk.4.2/relu_1/Relu, /trunk/trunk.4/trunk.4.2/conv3/Conv + /trunk/trunk.4/trunk.4.2/Add + /trunk/trunk.4/trunk.4.2/relu_2/Relu, /trunk/trunk.5/trunk.5.0/downsample/downsample.0/Conv, /trunk/trunk.5/trunk.5.0/conv1/Conv + /trunk/trunk.5/trunk.5.0/relu/Relu, /trunk/trunk.5/trunk.5.0/conv2/Conv + /trunk/trunk.5/trunk.5.0/relu_1/Relu, /trunk/trunk.5/trunk.5.0/conv3/Conv + /trunk/trunk.5/trunk.5.0/Add + /trunk/trunk.5/trunk.5.0/relu_2/Relu, /trunk/trunk.5/trunk.5.1/conv1/Conv + /trunk/trunk.5/trunk.5.1/relu/Relu, /trunk/trunk.5/trunk.5.1/conv2/Conv + /trunk/trunk.5/trunk.5.1/relu_1/Relu, /trunk/trunk.5/trunk.5.1/conv3/Conv + /trunk/trunk.5/trunk.5.1/Add + /trunk/trunk.5/trunk.5.1/relu_2/Relu, /trunk/trunk.5/trunk.5.2/conv1/Conv + /trunk/trunk.5/trunk.5.2/relu/Relu, /trunk/trunk.5/trunk.5.2/conv2/Conv + /trunk/trunk.5/trunk.5.2/relu_1/Relu, /trunk/trunk.5/trunk.5.2/conv3/Conv + /trunk/trunk.5/trunk.5.2/Add + /trunk/trunk.5/trunk.5.2/relu_2/Relu, /trunk/trunk.5/trunk.5.3/conv1/Conv + /trunk/trunk.5/trunk.5.3/relu/Relu, /trunk/trunk.5/trunk.5.3/conv2/Conv + /trunk/trunk.5/trunk.5.3/relu_1/Relu, /trunk/trunk.5/trunk.5.3/conv3/Conv + /trunk/trunk.5/trunk.5.3/Add + /trunk/trunk.5/trunk.5.3/relu_2/Relu, /trunk/trunk.6/trunk.6.0/downsample/downsample.0/Conv, /trunk/trunk.6/trunk.6.0/conv1/Conv + /trunk/trunk.6/trunk.6.0/relu/Relu, /trunk/trunk.6/trunk.6.0/conv2/Conv + /trunk/trunk.6/trunk.6.0/relu_1/Relu, /trunk/trunk.6/trunk.6.0/conv3/Conv + /trunk/trunk.6/trunk.6.0/Add + /trunk/trunk.6/trunk.6.0/relu_2/Relu, /trunk/trunk.6/trunk.6.1/conv1/Conv + /trunk/trunk.6/trunk.6.1/relu/Relu, /trunk/trunk.6/trunk.6.1/conv2/Conv + /trunk/trunk.6/trunk.6.1/relu_1/Relu, /trunk/trunk.6/trunk.6.1/conv3/Conv + /trunk/trunk.6/trunk.6.1/Add + /trunk/trunk.6/trunk.6.1/relu_2/Relu, /trunk/trunk.6/trunk.6.2/conv1/Conv + /trunk/trunk.6/trunk.6.2/relu/Relu, /trunk/trunk.6/trunk.6.2/conv2/Conv + /trunk/trunk.6/trunk.6.2/relu_1/Relu, /trunk/trunk.6/trunk.6.2/conv3/Conv + /trunk/trunk.6/trunk.6.2/Add + /trunk/trunk.6/trunk.6.2/relu_2/Relu, /trunk/trunk.6/trunk.6.3/conv1/Conv + /trunk/trunk.6/trunk.6.3/relu/Relu, /trunk/trunk.6/trunk.6.3/conv2/Conv + /trunk/trunk.6/trunk.6.3/relu_1/Relu, /trunk/trunk.6/trunk.6.3/conv3/Conv + /trunk/trunk.6/trunk.6.3/Add + /trunk/trunk.6/trunk.6.3/relu_2/Relu, /trunk/trunk.6/trunk.6.4/conv1/Conv + /trunk/trunk.6/trunk.6.4/relu/Relu, /trunk/trunk.6/trunk.6.4/conv2/Conv + /trunk/trunk.6/trunk.6.4/relu_1/Relu, /trunk/trunk.6/trunk.6.4/conv3/Conv + /trunk/trunk.6/trunk.6.4/Add + /trunk/trunk.6/trunk.6.4/relu_2/Relu, /trunk/trunk.6/trunk.6.5/conv1/Conv + /trunk/trunk.6/trunk.6.5/relu/Relu, /trunk/trunk.6/trunk.6.5/conv2/Conv + /trunk/trunk.6/trunk.6.5/relu_1/Relu, /trunk/trunk.6/trunk.6.5/conv3/Conv + /trunk/trunk.6/trunk.6.5/Add + /trunk/trunk.6/trunk.6.5/relu_2/Relu, /depthnet/reduce/reduce.0/Conv + /depthnet/reduce/reduce.2/Relu, /depthnet/context/Conv, /depthnet/depth/Conv, /bev_encoder/stem/stem.0/Conv + /bev_encoder/stem/stem.2/Relu, /bev_encoder/stem/stem.3/Conv + /bev_encoder/stem/stem.5/Relu, /bev_encoder/down1/down1.0/Conv + /bev_encoder/down1/down1.2/Relu, /bev_encoder/down1/down1.3/Conv + /bev_encoder/down1/down1.5/Relu, /bev_encoder/down2/down2.0/Conv + /bev_encoder/down2/down2.2/Relu, /bev_encoder/down2/down2.3/Conv + /bev_encoder/down2/down2.5/Relu, /bev_encoder/up/up.0/Conv + /bev_encoder/up/up.2/Relu, /occ_head/head/head.0/Conv + /occ_head/head/head.2/Relu, /occ_head/head/head.3/Conv
[09/10/2026-05:07:17] [I] [TRT] (Sparsity) Chose 27 layer(s) using sparse tactics: /trunk/trunk.4/trunk.4.0/conv2/Conv + /trunk/trunk.4/trunk.4.0/relu_1/Relu, /trunk/trunk.4/trunk.4.0/conv3/Conv, /trunk/trunk.4/trunk.4.1/conv1/Conv + /trunk/trunk.4/trunk.4.1/relu/Relu, /trunk/trunk.4/trunk.4.1/conv2/Conv + /trunk/trunk.4/trunk.4.1/relu_1/Relu, /trunk/trunk.4/trunk.4.2/conv1/Conv + /trunk/trunk.4/trunk.4.2/relu/Relu, /trunk/trunk.4/trunk.4.2/conv2/Conv + /trunk/trunk.4/trunk.4.2/relu_1/Relu, /trunk/trunk.5/trunk.5.0/downsample/downsample.0/Conv, /trunk/trunk.5/trunk.5.0/conv2/Conv + /trunk/trunk.5/trunk.5.0/relu_1/Relu, /trunk/trunk.5/trunk.5.1/conv2/Conv + /trunk/trunk.5/trunk.5.1/relu_1/Relu, /trunk/trunk.5/trunk.5.2/conv2/Conv + /trunk/trunk.5/trunk.5.2/relu_1/Relu, /trunk/trunk.5/trunk.5.3/conv2/Conv + /trunk/trunk.5/trunk.5.3/relu_1/Relu, /trunk/trunk.6/trunk.6.0/downsample/downsample.0/Conv, /trunk/trunk.6/trunk.6.0/conv2/Conv + /trunk/trunk.6/trunk.6.0/relu_1/Relu, /trunk/trunk.6/trunk.6.1/conv2/Conv + /trunk/trunk.6/trunk.6.1/relu_1/Relu, /trunk/trunk.6/trunk.6.2/conv2/Conv + /trunk/trunk.6/trunk.6.2/relu_1/Relu, /trunk/trunk.6/trunk.6.3/conv2/Conv + /trunk/trunk.6/trunk.6.3/relu_1/Relu, /trunk/trunk.6/trunk.6.4/conv2/Conv + /trunk/trunk.6/trunk.6.4/relu_1/Relu, /trunk/trunk.6/trunk.6.5/conv2/Conv + /trunk/trunk.6/trunk.6.5/relu_1/Relu, /depthnet/reduce/reduce.0/Conv + /depthnet/reduce/reduce.2/Relu, /bev_encoder/stem/stem.0/Conv + /bev_encoder/stem/stem.2/Relu, /bev_encoder/stem/stem.3/Conv + /bev_encoder/stem/stem.5/Relu, /bev_encoder/down1/down1.0/Conv + /bev_encoder/down1/down1.2/Relu, /bev_encoder/down1/down1.3/Conv + /bev_encoder/down1/down1.5/Relu, /bev_encoder/down2/down2.0/Conv + /bev_encoder/down2/down2.2/Relu, /bev_encoder/down2/down2.3/Conv + /bev_encoder/down2/down2.5/Relu, /bev_encoder/up/up.0/Conv + /bev_encoder/up/up.2/Relu, /occ_head/head/head.0/Conv + /occ_head/head/head.2/Relu
[09/10/2026-05:07:17] [I] [TRT] Compiler backend is used during engine execution.
[09/10/2026-05:07:17] [I] [TRT] Engine generation completed in 115.209 seconds.
[09/10/2026-05:07:17] [I] [TRT] [MemUsageStats] Peak memory usage of TRT CPU/GPU memory allocators: CPU 1 MiB, GPU 158 MiB
[09/10/2026-05:07:17] [I] Engine built in 115.379 sec.
[09/10/2026-05:07:17] [I] Created engine with size: 27.8665 MiB
[09/10/2026-05:07:17] [I] [TRT] Loaded 650155 bytes of timing cache from /work/out/timing.cache
[09/10/2026-05:07:17] [I] [TRT] Serialized 27 bytes of code generator cache.
[09/10/2026-05:07:17] [I] [TRT] Serialized 130287 bytes of compilation cache.
[09/10/2026-05:07:17] [I] [TRT] Serialized 5238 timing cache entries
[09/10/2026-05:07:17] [I] [TRT] Saved 675219 bytes of timing cache to /work/out/timing.cache
[09/10/2026-05:07:18] [I] [TRT] Loaded engine size: 27 MiB
[09/10/2026-05:07:18] [I] Engine deserialized in 0.0328534 sec.
[09/10/2026-05:07:18] [I] [TRT] [MemUsageChange] TensorRT-managed allocation in IExecutionContext creation: CPU +0, GPU +319, now: CPU 0, GPU 352 (MiB)
[09/10/2026-05:07:18] [I] Setting persistentCacheLimit to 0 bytes.
[09/10/2026-05:07:18] [I] Created execution context with device memory size: 313.505 MiB
[09/10/2026-05:07:18] [I] Using random values for input imgs
[09/10/2026-05:07:18] [I] Input binding for imgs with dimensions 6x3x256x704 is created.
[09/10/2026-05:07:18] [I] Output binding for occ with dimensions 1x16x18x200x200 is created.
[09/10/2026-05:07:18] [I] Starting inference
[09/10/2026-05:07:35] [I] Warmup completed 45 queries over 2000 ms
[09/10/2026-05:07:35] [I] Timing trace has 341 queries over 15.1315 s
[09/10/2026-05:07:35] [I] 
[09/10/2026-05:07:35] [I] === Trace details ===
[09/10/2026-05:07:35] [I] Trace averages of 20 runs:
[09/10/2026-05:07:35] [I] Average on 20 runs - GPU latency: 44.3462 ms - Host latency: 50.21 ms (enqueue 1.74598 ms)
[09/10/2026-05:07:35] [I] Average on 20 runs - GPU latency: 44.2466 ms - Host latency: 50.0783 ms (enqueue 1.75433 ms)
[09/10/2026-05:07:35] [I] Average on 20 runs - GPU latency: 44.3532 ms - Host latency: 50.2539 ms (enqueue 1.74414 ms)
[09/10/2026-05:07:35] [I] Average on 20 runs - GPU latency: 44.5797 ms - Host latency: 50.5971 ms (enqueue 1.72541 ms)
[09/10/2026-05:07:35] [I] Average on 20 runs - GPU latency: 44.4436 ms - Host latency: 50.4371 ms (enqueue 2.66794 ms)
[09/10/2026-05:07:35] [I] Average on 20 runs - GPU latency: 44.2799 ms - Host latency: 50.095 ms (enqueue 1.73276 ms)
[09/10/2026-05:07:35] [I] Average on 20 runs - GPU latency: 44.375 ms - Host latency: 50.292 ms (enqueue 1.73284 ms)
[09/10/2026-05:07:35] [I] Average on 20 runs - GPU latency: 44.3922 ms - Host latency: 50.2875 ms (enqueue 1.75356 ms)
[09/10/2026-05:07:35] [I] Average on 20 runs - GPU latency: 44.7025 ms - Host latency: 50.7742 ms (enqueue 1.72451 ms)
[09/10/2026-05:07:35] [I] Average on 20 runs - GPU latency: 44.2672 ms - Host latency: 50.124 ms (enqueue 1.98887 ms)
[09/10/2026-05:07:35] [I] Average on 20 runs - GPU latency: 44.0308 ms - Host latency: 49.6855 ms (enqueue 1.63745 ms)
[09/10/2026-05:07:35] [I] Average on 20 runs - GPU latency: 44.0478 ms - Host latency: 49.7078 ms (enqueue 1.66079 ms)
[09/10/2026-05:07:35] [I] Average on 20 runs - GPU latency: 44.03 ms - Host latency: 49.6814 ms (enqueue 1.6604 ms)
[09/10/2026-05:07:35] [I] Average on 20 runs - GPU latency: 44.0297 ms - Host latency: 49.6828 ms (enqueue 1.66997 ms)
[09/10/2026-05:07:35] [I] Average on 20 runs - GPU latency: 44.0471 ms - Host latency: 49.7217 ms (enqueue 1.66719 ms)
[09/10/2026-05:07:35] [I] Average on 20 runs - GPU latency: 44.0372 ms - Host latency: 49.6907 ms (enqueue 1.63018 ms)
[09/10/2026-05:07:35] [I] Average on 20 runs - GPU latency: 44.0262 ms - Host latency: 49.6745 ms (enqueue 1.62764 ms)
[09/10/2026-05:07:35] [I] 
[09/10/2026-05:07:35] [I] === Performance summary ===
[09/10/2026-05:07:35] [I] Throughput: 22.5357 qps
[09/10/2026-05:07:35] [I] Latency: min = 47.4238 ms, max = 51.3477 ms, mean = 50.0507 ms, median = 50.0063 ms, percentile(90%) = 50.7368 ms, percentile(95%) = 50.9639 ms, percentile(99%) = 51.2329 ms
[09/10/2026-05:07:35] [I] Enqueue Time: min = 1.59277 ms, max = 5.87549 ms, mean = 1.77156 ms, median = 1.66479 ms, percentile(90%) = 2.07666 ms, percentile(95%) = 2.53955 ms, percentile(99%) = 2.74756 ms
[09/10/2026-05:07:35] [I] H2D Latency: min = 0.919922 ms, max = 1.24902 ms, mean = 0.990475 ms, median = 0.975098 ms, percentile(90%) = 1.08203 ms, percentile(95%) = 1.10791 ms, percentile(99%) = 1.23145 ms
[09/10/2026-05:07:35] [I] GPU Compute Time: min = 43.8965 ms, max = 45.1714 ms, mean = 44.2481 ms, median = 44.2039 ms, percentile(90%) = 44.6675 ms, percentile(95%) = 44.8604 ms, percentile(99%) = 45.0752 ms
[09/10/2026-05:07:35] [I] D2H Latency: min = 2.60742 ms, max = 5.31738 ms, mean = 4.81217 ms, median = 4.79785 ms, percentile(90%) = 5.00391 ms, percentile(95%) = 5.10986 ms, percentile(99%) = 5.24219 ms
[09/10/2026-05:07:35] [I] Total Host Walltime: 15.1315 s
[09/10/2026-05:07:35] [I] Total GPU Compute Time: 15.0886 s
[09/10/2026-05:07:35] [I] Explanations of the performance metrics are printed in the verbose logs.
[09/10/2026-05:07:35] [I] 
&&&& PASSED TensorRT.trtexec [TensorRT v100700] [b23] # /usr/src/tensorrt/bin/trtexec --onnx=/work/onnx/flashocc_shaped_scatter.onnx --int8 --sparsity=force --memPoolSize=workspace:2048 --iterations=100 --warmUp=2000 --duration=15 --avgRuns=20 --timingCacheFile=/work/out/timing.cache
