
=============
== PyTorch ==
=============

NVIDIA Release 24.12 (build 126674151)
PyTorch Version 2.6.0a0+df5bbc0
Container image Copyright (c) 2024, NVIDIA CORPORATION & AFFILIATES. All rights reserved.
Copyright (c) 2014-2024 Facebook Inc.
Copyright (c) 2011-2014 Idiap Research Institute (Ronan Collobert)
Copyright (c) 2012-2014 Deepmind Technologies    (Koray Kavukcuoglu)
Copyright (c) 2011-2012 NEC Laboratories America (Koray Kavukcuoglu)
Copyright (c) 2011-2013 NYU                      (Clement Farabet)
Copyright (c) 2006-2010 NEC Laboratories America (Ronan Collobert, Leon Bottou, Iain Melvin, Jason Weston)
Copyright (c) 2006      Idiap Research Institute (Samy Bengio)
Copyright (c) 2001-2004 Idiap Research Institute (Ronan Collobert, Samy Bengio, Johnny Mariethoz)
Copyright (c) 2015      Google Inc.
Copyright (c) 2015      Yangqing Jia
Copyright (c) 2013-2016 The Caffe contributors
All rights reserved.

Various files include modifications (c) NVIDIA CORPORATION & AFFILIATES.  All rights reserved.

This container image and its contents are governed by the NVIDIA Deep Learning Container License.
By pulling and using the container, you accept the terms and conditions of this license:
https://developer.nvidia.com/ngc/nvidia-deep-learning-container-license

NOTE: The SHMEM allocation limit is set to the default of 64MB.  This may be
   insufficient for PyTorch.  NVIDIA recommends the use of the following flags:
   docker run --gpus all --ipc=host --ulimit memlock=-1 --ulimit stack=67108864 ...

&&&& RUNNING TensorRT.trtexec [TensorRT v100700] [b23] # /usr/src/tensorrt/bin/trtexec --onnx=/work/onnx/flashocc_shaped_skip.onnx --fp16 --sparsity=force --memPoolSize=workspace:2048 --iterations=100 --warmUp=2000 --duration=15 --avgRuns=20 --timingCacheFile=/work/out/timing.cache
[09/10/2026-05:08:03] [W] --sparsity=force has been deprecated. Please use <polygraphy surgeon prune> to rewrite the weights to a sparsity pattern and then run with --sparsity=enable
[09/10/2026-05:08:03] [I] === Model Options ===
[09/10/2026-05:08:03] [I] Format: ONNX
[09/10/2026-05:08:03] [I] Model: /work/onnx/flashocc_shaped_skip.onnx
[09/10/2026-05:08:03] [I] Output:
[09/10/2026-05:08:03] [I] === Build Options ===
[09/10/2026-05:08:03] [I] Memory Pools: workspace: 2048 MiB, dlaSRAM: default, dlaLocalDRAM: default, dlaGlobalDRAM: default, tacticSharedMem: default
[09/10/2026-05:08:03] [I] avgTiming: 8
[09/10/2026-05:08:03] [I] Precision: FP32+FP16
[09/10/2026-05:08:03] [I] LayerPrecisions: 
[09/10/2026-05:08:03] [I] Layer Device Types: 
[09/10/2026-05:08:03] [I] Calibration: 
[09/10/2026-05:08:03] [I] Refit: Disabled
[09/10/2026-05:08:03] [I] Strip weights: Disabled
[09/10/2026-05:08:03] [I] Version Compatible: Disabled
[09/10/2026-05:08:03] [I] ONNX Plugin InstanceNorm: Disabled
[09/10/2026-05:08:03] [I] TensorRT runtime: full
[09/10/2026-05:08:03] [I] Lean DLL Path: 
[09/10/2026-05:08:03] [I] Tempfile Controls: { in_memory: allow, temporary: allow }
[09/10/2026-05:08:03] [I] Exclude Lean Runtime: Disabled
[09/10/2026-05:08:03] [I] Sparsity: Forced
[09/10/2026-05:08:03] [I] Safe mode: Disabled
[09/10/2026-05:08:03] [I] Build DLA standalone loadable: Disabled
[09/10/2026-05:08:03] [I] Allow GPU fallback for DLA: Disabled
[09/10/2026-05:08:03] [I] DirectIO mode: Disabled
[09/10/2026-05:08:03] [I] Restricted mode: Disabled
[09/10/2026-05:08:03] [I] Skip inference: Disabled
[09/10/2026-05:08:03] [I] Save engine: 
[09/10/2026-05:08:03] [I] Load engine: 
[09/10/2026-05:08:03] [I] Profiling verbosity: 0
[09/10/2026-05:08:03] [I] Tactic sources: Using default tactic sources
[09/10/2026-05:08:03] [I] timingCacheMode: global
[09/10/2026-05:08:03] [I] timingCacheFile: /work/out/timing.cache
[09/10/2026-05:08:03] [I] Enable Compilation Cache: Enabled
[09/10/2026-05:08:03] [I] Enable Monitor Memory: Disabled
[09/10/2026-05:08:03] [I] errorOnTimingCacheMiss: Disabled
[09/10/2026-05:08:03] [I] Preview Features: Use default preview flags.
[09/10/2026-05:08:03] [I] MaxAuxStreams: -1
[09/10/2026-05:08:03] [I] BuilderOptimizationLevel: -1
[09/10/2026-05:08:03] [I] MaxTactics: -1
[09/10/2026-05:08:03] [I] Calibration Profile Index: 0
[09/10/2026-05:08:03] [I] Weight Streaming: Disabled
[09/10/2026-05:08:03] [I] Runtime Platform: Same As Build
[09/10/2026-05:08:03] [I] Debug Tensors: 
[09/10/2026-05:08:03] [I] Input(s)s format: fp32:CHW
[09/10/2026-05:08:03] [I] Output(s)s format: fp32:CHW
[09/10/2026-05:08:03] [I] Input build shapes: model
[09/10/2026-05:08:03] [I] Input calibration shapes: model
[09/10/2026-05:08:03] [I] === System Options ===
[09/10/2026-05:08:03] [I] Device: 0
[09/10/2026-05:08:03] [I] DLACore: 
[09/10/2026-05:08:03] [I] Plugins:
[09/10/2026-05:08:03] [I] setPluginsToSerialize:
[09/10/2026-05:08:03] [I] dynamicPlugins:
[09/10/2026-05:08:03] [I] ignoreParsedPluginLibs: 0
[09/10/2026-05:08:03] [I] 
[09/10/2026-05:08:03] [I] === Inference Options ===
[09/10/2026-05:08:03] [I] Batch: Explicit
[09/10/2026-05:08:03] [I] Input inference shapes: model
[09/10/2026-05:08:03] [I] Iterations: 100
[09/10/2026-05:08:03] [I] Duration: 15s (+ 2000ms warm up)
[09/10/2026-05:08:03] [I] Sleep time: 0ms
[09/10/2026-05:08:03] [I] Idle time: 0ms
[09/10/2026-05:08:03] [I] Inference Streams: 1
[09/10/2026-05:08:03] [I] ExposeDMA: Disabled
[09/10/2026-05:08:03] [I] Data transfers: Enabled
[09/10/2026-05:08:03] [I] Spin-wait: Disabled
[09/10/2026-05:08:03] [I] Multithreading: Disabled
[09/10/2026-05:08:03] [I] CUDA Graph: Disabled
[09/10/2026-05:08:03] [I] Separate profiling: Disabled
[09/10/2026-05:08:03] [I] Time Deserialize: Disabled
[09/10/2026-05:08:03] [I] Time Refit: Disabled
[09/10/2026-05:08:03] [I] NVTX verbosity: 0
[09/10/2026-05:08:03] [I] Persistent Cache Ratio: 0
[09/10/2026-05:08:03] [I] Optimization Profile Index: 0
[09/10/2026-05:08:03] [I] Weight Streaming Budget: 100.000000%
[09/10/2026-05:08:03] [I] Inputs:
[09/10/2026-05:08:03] [I] Debug Tensor Save Destinations:
[09/10/2026-05:08:03] [I] === Reporting Options ===
[09/10/2026-05:08:03] [I] Verbose: Disabled
[09/10/2026-05:08:03] [I] Averages: 20 inferences
[09/10/2026-05:08:03] [I] Percentiles: 90,95,99
[09/10/2026-05:08:03] [I] Dump refittable layers:Disabled
[09/10/2026-05:08:03] [I] Dump output: Disabled
[09/10/2026-05:08:03] [I] Profile: Disabled
[09/10/2026-05:08:03] [I] Export timing to JSON file: 
[09/10/2026-05:08:03] [I] Export output to JSON file: 
[09/10/2026-05:08:03] [I] Export profile to JSON file: 
[09/10/2026-05:08:03] [I] 
[09/10/2026-05:08:03] [I] === Device Information ===
[09/10/2026-05:08:03] [I] Available Devices: 
[09/10/2026-05:08:03] [I]   Device 0: "Orin" UUID: GPU-28009003-7470-53ad-b253-17b9853332d2
[09/10/2026-05:08:03] [I] Selected Device: Orin
[09/10/2026-05:08:03] [I] Selected Device ID: 0
[09/10/2026-05:08:03] [I] Selected Device UUID: GPU-28009003-7470-53ad-b253-17b9853332d2
[09/10/2026-05:08:03] [I] Compute Capability: 8.7
[09/10/2026-05:08:03] [I] SMs: 8
[09/10/2026-05:08:03] [I] Device Global Memory: 7485 MiB
[09/10/2026-05:08:03] [I] Shared Memory per SM: 164 KiB
[09/10/2026-05:08:03] [I] Memory Bus Width: 128 bits (ECC disabled)
[09/10/2026-05:08:03] [I] Application Compute Clock Rate: 0.624 GHz
[09/10/2026-05:08:03] [I] Application Memory Clock Rate: 0.624 GHz
[09/10/2026-05:08:03] [I] 
[09/10/2026-05:08:03] [I] Note: The application clock rates do not reflect the actual clock rates that the GPU is currently running at.
[09/10/2026-05:08:03] [I] 
[09/10/2026-05:08:03] [I] TensorRT version: 10.7.0
[09/10/2026-05:08:03] [I] Loading standard plugins
[09/10/2026-05:08:03] [I] [TRT] [MemUsageChange] Init CUDA: CPU +1, GPU +0, now: CPU 20, GPU 2282 (MiB)
[09/10/2026-05:08:06] [I] [TRT] [MemUsageChange] Init builder kernel library: CPU +983, GPU +908, now: CPU 1062, GPU 3251 (MiB)
[09/10/2026-05:08:06] [I] Start parsing network model.
[09/10/2026-05:08:06] [I] [TRT] ----------------------------------------------------------------
[09/10/2026-05:08:06] [I] [TRT] Input filename:   /work/onnx/flashocc_shaped_skip.onnx
[09/10/2026-05:08:06] [I] [TRT] ONNX IR version:  0.0.8
[09/10/2026-05:08:06] [I] [TRT] Opset version:    17
[09/10/2026-05:08:06] [I] [TRT] Producer name:    pytorch
[09/10/2026-05:08:06] [I] [TRT] Producer version: 2.10.0
[09/10/2026-05:08:06] [I] [TRT] Domain:           
[09/10/2026-05:08:06] [I] [TRT] Model version:    0
[09/10/2026-05:08:06] [I] [TRT] Doc string:       
[09/10/2026-05:08:06] [I] [TRT] ----------------------------------------------------------------
[09/10/2026-05:08:06] [I] Finished parsing network model. Parse time: 0.0734985
[09/10/2026-05:08:06] [I] [TRT] Loaded 675219 bytes of timing cache from /work/out/timing.cache
[09/10/2026-05:08:06] [I] [TRT] Global timing cache in use. Profiling results in this builder pass will be stored.
[09/10/2026-05:08:07] [I] [TRT] Detected 1 inputs and 1 output network tensors.
[09/10/2026-05:08:10] [I] [TRT] Total Host Persistent Memory: 315600 bytes
[09/10/2026-05:08:10] [I] [TRT] Total Device Persistent Memory: 23737344 bytes
[09/10/2026-05:08:10] [I] [TRT] Max Scratch Memory: 0 bytes
[09/10/2026-05:08:10] [I] [TRT] [BlockAssignment] Started assigning block shifts. This will take 158 steps to complete.
[09/10/2026-05:08:10] [I] [TRT] [BlockAssignment] Algorithm ShiftNTopDown took 57.7037ms to assign 49 blocks to 158 nodes requiring 92310528 bytes.
[09/10/2026-05:08:10] [I] [TRT] Total Activation Memory: 92310016 bytes
[09/10/2026-05:08:10] [I] [TRT] Total Weights Memory: 28678272 bytes
[09/10/2026-05:08:10] [I] [TRT] (Sparsity) Found 52 layer(s) eligible to use sparse tactics: /trunk/trunk.0/Conv + /trunk/trunk.2/Relu, /trunk/trunk.4/trunk.4.0/conv1/Conv + /trunk/trunk.4/trunk.4.0/relu/Relu, /trunk/trunk.4/trunk.4.0/conv2/Conv + /trunk/trunk.4/trunk.4.0/relu_1/Relu, /trunk/trunk.4/trunk.4.0/conv3/Conv, /trunk/trunk.4/trunk.4.0/downsample/downsample.0/Conv + /trunk/trunk.4/trunk.4.0/Add + /trunk/trunk.4/trunk.4.0/relu_2/Relu, /trunk/trunk.4/trunk.4.1/conv1/Conv + /trunk/trunk.4/trunk.4.1/relu/Relu, /trunk/trunk.4/trunk.4.1/conv2/Conv + /trunk/trunk.4/trunk.4.1/relu_1/Relu, /trunk/trunk.4/trunk.4.1/conv3/Conv + /trunk/trunk.4/trunk.4.1/Add + /trunk/trunk.4/trunk.4.1/relu_2/Relu, /trunk/trunk.4/trunk.4.2/conv1/Conv + /trunk/trunk.4/trunk.4.2/relu/Relu, /trunk/trunk.4/trunk.4.2/conv2/Conv + /trunk/trunk.4/trunk.4.2/relu_1/Relu, /trunk/trunk.4/trunk.4.2/conv3/Conv + /trunk/trunk.4/trunk.4.2/Add + /trunk/trunk.4/trunk.4.2/relu_2/Relu, /trunk/trunk.5/trunk.5.0/conv1/Conv + /trunk/trunk.5/trunk.5.0/relu/Relu, /trunk/trunk.5/trunk.5.0/downsample/downsample.0/Conv, /trunk/trunk.5/trunk.5.0/conv2/Conv + /trunk/trunk.5/trunk.5.0/relu_1/Relu, /trunk/trunk.5/trunk.5.1/conv1/Conv + /trunk/trunk.5/trunk.5.1/relu/Relu, /trunk/trunk.5/trunk.5.1/conv2/Conv + /trunk/trunk.5/trunk.5.1/relu_1/Relu, /trunk/trunk.5/trunk.5.1/conv3/Conv + /trunk/trunk.5/trunk.5.1/Add + /trunk/trunk.5/trunk.5.1/relu_2/Relu, /trunk/trunk.5/trunk.5.2/conv1/Conv + /trunk/trunk.5/trunk.5.2/relu/Relu, /trunk/trunk.5/trunk.5.2/conv2/Conv + /trunk/trunk.5/trunk.5.2/relu_1/Relu, /trunk/trunk.5/trunk.5.2/conv3/Conv + /trunk/trunk.5/trunk.5.2/Add + /trunk/trunk.5/trunk.5.2/relu_2/Relu, /trunk/trunk.5/trunk.5.3/conv1/Conv + /trunk/trunk.5/trunk.5.3/relu/Relu, /trunk/trunk.5/trunk.5.3/conv2/Conv + /trunk/trunk.5/trunk.5.3/relu_1/Relu, /trunk/trunk.5/trunk.5.3/conv3/Conv + /trunk/trunk.5/trunk.5.3/Add + /trunk/trunk.5/trunk.5.3/relu_2/Relu, /trunk/trunk.6/trunk.6.0/conv1/Conv + /trunk/trunk.6/trunk.6.0/relu/Relu, /trunk/trunk.6/trunk.6.0/downsample/downsample.0/Conv, /trunk/trunk.6/trunk.6.0/conv2/Conv + /trunk/trunk.6/trunk.6.0/relu_1/Relu, /trunk/trunk.6/trunk.6.1/conv1/Conv + /trunk/trunk.6/trunk.6.1/relu/Relu, /trunk/trunk.6/trunk.6.1/conv2/Conv + /trunk/trunk.6/trunk.6.1/relu_1/Relu, /trunk/trunk.6/trunk.6.1/conv3/Conv + /trunk/trunk.6/trunk.6.1/Add + /trunk/trunk.6/trunk.6.1/relu_2/Relu, /trunk/trunk.6/trunk.6.2/conv1/Conv + /trunk/trunk.6/trunk.6.2/relu/Relu, /trunk/trunk.6/trunk.6.2/conv2/Conv + /trunk/trunk.6/trunk.6.2/relu_1/Relu, /trunk/trunk.6/trunk.6.2/conv3/Conv + /trunk/trunk.6/trunk.6.2/Add + /trunk/trunk.6/trunk.6.2/relu_2/Relu, /trunk/trunk.6/trunk.6.3/conv1/Conv + /trunk/trunk.6/trunk.6.3/relu/Relu, /trunk/trunk.6/trunk.6.3/conv2/Conv + /trunk/trunk.6/trunk.6.3/relu_1/Relu, /trunk/trunk.6/trunk.6.3/conv3/Conv + /trunk/trunk.6/trunk.6.3/Add + /trunk/trunk.6/trunk.6.3/relu_2/Relu, /trunk/trunk.6/trunk.6.4/conv1/Conv + /trunk/trunk.6/trunk.6.4/relu/Relu, /trunk/trunk.6/trunk.6.4/conv2/Conv + /trunk/trunk.6/trunk.6.4/relu_1/Relu, /trunk/trunk.6/trunk.6.4/conv3/Conv + /trunk/trunk.6/trunk.6.4/Add + /trunk/trunk.6/trunk.6.4/relu_2/Relu, /trunk/trunk.6/trunk.6.5/conv1/Conv + /trunk/trunk.6/trunk.6.5/relu/Relu, /trunk/trunk.6/trunk.6.5/conv2/Conv + /trunk/trunk.6/trunk.6.5/relu_1/Relu, /trunk/trunk.6/trunk.6.5/conv3/Conv + /trunk/trunk.6/trunk.6.5/Add + /trunk/trunk.6/trunk.6.5/relu_2/Relu, /depthnet/reduce/reduce.0/Conv + /depthnet/reduce/reduce.2/Relu, /depthnet/context/Conv, /bev_encoder/stem/stem.0/Conv + /bev_encoder/stem/stem.2/Relu, /bev_encoder/stem/stem.3/Conv + /bev_encoder/stem/stem.5/Relu, /bev_encoder/down1/down1.0/Conv + /bev_encoder/down1/down1.2/Relu, /bev_encoder/down1/down1.3/Conv + /bev_encoder/down1/down1.5/Relu, /bev_encoder/down2/down2.0/Conv + /bev_encoder/down2/down2.2/Relu, /bev_encoder/down2/down2.3/Conv + /bev_encoder/down2/down2.5/Relu, /bev_encoder/up/up.0/Conv + /bev_encoder/up/up.2/Relu, /occ_head/head/head.0/Conv + /occ_head/head/head.2/Relu, /occ_head/head/head.3/Conv
[09/10/2026-05:08:10] [I] [TRT] (Sparsity) Chose 37 layer(s) using sparse tactics: /trunk/trunk.4/trunk.4.0/conv1/Conv + /trunk/trunk.4/trunk.4.0/relu/Relu, /trunk/trunk.4/trunk.4.0/conv3/Conv, /trunk/trunk.4/trunk.4.1/conv1/Conv + /trunk/trunk.4/trunk.4.1/relu/Relu, /trunk/trunk.4/trunk.4.2/conv1/Conv + /trunk/trunk.4/trunk.4.2/relu/Relu, /trunk/trunk.5/trunk.5.0/conv1/Conv + /trunk/trunk.5/trunk.5.0/relu/Relu, /trunk/trunk.5/trunk.5.0/downsample/downsample.0/Conv, /trunk/trunk.5/trunk.5.0/conv2/Conv + /trunk/trunk.5/trunk.5.0/relu_1/Relu, /trunk/trunk.5/trunk.5.1/conv1/Conv + /trunk/trunk.5/trunk.5.1/relu/Relu, /trunk/trunk.5/trunk.5.1/conv2/Conv + /trunk/trunk.5/trunk.5.1/relu_1/Relu, /trunk/trunk.5/trunk.5.2/conv1/Conv + /trunk/trunk.5/trunk.5.2/relu/Relu, /trunk/trunk.5/trunk.5.2/conv2/Conv + /trunk/trunk.5/trunk.5.2/relu_1/Relu, /trunk/trunk.5/trunk.5.3/conv1/Conv + /trunk/trunk.5/trunk.5.3/relu/Relu, /trunk/trunk.5/trunk.5.3/conv2/Conv + /trunk/trunk.5/trunk.5.3/relu_1/Relu, /trunk/trunk.6/trunk.6.0/conv1/Conv + /trunk/trunk.6/trunk.6.0/relu/Relu, /trunk/trunk.6/trunk.6.0/downsample/downsample.0/Conv, /trunk/trunk.6/trunk.6.0/conv2/Conv + /trunk/trunk.6/trunk.6.0/relu_1/Relu, /trunk/trunk.6/trunk.6.1/conv1/Conv + /trunk/trunk.6/trunk.6.1/relu/Relu, /trunk/trunk.6/trunk.6.1/conv2/Conv + /trunk/trunk.6/trunk.6.1/relu_1/Relu, /trunk/trunk.6/trunk.6.2/conv1/Conv + /trunk/trunk.6/trunk.6.2/relu/Relu, /trunk/trunk.6/trunk.6.2/conv2/Conv + /trunk/trunk.6/trunk.6.2/relu_1/Relu, /trunk/trunk.6/trunk.6.3/conv1/Conv + /trunk/trunk.6/trunk.6.3/relu/Relu, /trunk/trunk.6/trunk.6.3/conv2/Conv + /trunk/trunk.6/trunk.6.3/relu_1/Relu, /trunk/trunk.6/trunk.6.4/conv1/Conv + /trunk/trunk.6/trunk.6.4/relu/Relu, /trunk/trunk.6/trunk.6.4/conv2/Conv + /trunk/trunk.6/trunk.6.4/relu_1/Relu, /trunk/trunk.6/trunk.6.5/conv1/Conv + /trunk/trunk.6/trunk.6.5/relu/Relu, /trunk/trunk.6/trunk.6.5/conv2/Conv + /trunk/trunk.6/trunk.6.5/relu_1/Relu, /depthnet/reduce/reduce.0/Conv + /depthnet/reduce/reduce.2/Relu, /depthnet/context/Conv, /bev_encoder/stem/stem.0/Conv + /bev_encoder/stem/stem.2/Relu, /bev_encoder/stem/stem.3/Conv + /bev_encoder/stem/stem.5/Relu, /bev_encoder/down1/down1.0/Conv + /bev_encoder/down1/down1.2/Relu, /bev_encoder/down1/down1.3/Conv + /bev_encoder/down1/down1.5/Relu, /bev_encoder/down2/down2.0/Conv + /bev_encoder/down2/down2.2/Relu, /bev_encoder/down2/down2.3/Conv + /bev_encoder/down2/down2.5/Relu, /bev_encoder/up/up.0/Conv + /bev_encoder/up/up.2/Relu, /occ_head/head/head.0/Conv + /occ_head/head/head.2/Relu, /occ_head/head/head.3/Conv
[09/10/2026-05:08:10] [I] [TRT] Engine generation completed in 4.08782 seconds.
[09/10/2026-05:08:10] [I] [TRT] [MemUsageStats] Peak memory usage of TRT CPU/GPU memory allocators: CPU 4 MiB, GPU 55 MiB
[09/10/2026-05:08:10] [I] Engine built in 4.16367 sec.
[09/10/2026-05:08:10] [I] Created engine with size: 28.0556 MiB
[09/10/2026-05:08:10] [I] [TRT] Loaded 675219 bytes of timing cache from /work/out/timing.cache
[09/10/2026-05:08:10] [I] [TRT] Serialized 27 bytes of code generator cache.
[09/10/2026-05:08:10] [I] [TRT] Serialized 130287 bytes of compilation cache.
[09/10/2026-05:08:10] [I] [TRT] Serialized 5238 timing cache entries
[09/10/2026-05:08:10] [I] [TRT] Saved 675219 bytes of timing cache to /work/out/timing.cache
[09/10/2026-05:08:11] [I] [TRT] Loaded engine size: 28 MiB
[09/10/2026-05:08:11] [I] Engine deserialized in 0.0310199 sec.
[09/10/2026-05:08:11] [I] [TRT] [MemUsageChange] TensorRT-managed allocation in IExecutionContext creation: CPU +0, GPU +111, now: CPU 0, GPU 160 (MiB)
[09/10/2026-05:08:11] [I] Setting persistentCacheLimit to 0 bytes.
[09/10/2026-05:08:11] [I] Created execution context with device memory size: 88.0337 MiB
[09/10/2026-05:08:11] [I] Using random values for input imgs
[09/10/2026-05:08:11] [I] Input binding for imgs with dimensions 6x3x256x704 is created.
[09/10/2026-05:08:11] [I] Output binding for occ with dimensions 1x16x18x200x200 is created.
[09/10/2026-05:08:11] [I] Starting inference
[09/10/2026-05:08:28] [I] Warmup completed 37 queries over 2000 ms
[09/10/2026-05:08:28] [I] Timing trace has 284 queries over 15.1782 s
[09/10/2026-05:08:28] [I] 
[09/10/2026-05:08:28] [I] === Trace details ===
[09/10/2026-05:08:28] [I] Trace averages of 20 runs:
[09/10/2026-05:08:28] [I] Average on 20 runs - GPU latency: 53.2163 ms - Host latency: 57.7439 ms (enqueue 1.31715 ms)
[09/10/2026-05:08:28] [I] Average on 20 runs - GPU latency: 53.2928 ms - Host latency: 57.8205 ms (enqueue 1.2881 ms)
[09/10/2026-05:08:28] [I] Average on 20 runs - GPU latency: 53.2729 ms - Host latency: 57.8298 ms (enqueue 1.41699 ms)
[09/10/2026-05:08:28] [I] Average on 20 runs - GPU latency: 53.2382 ms - Host latency: 57.7744 ms (enqueue 1.28618 ms)
[09/10/2026-05:08:28] [I] Average on 20 runs - GPU latency: 53.2433 ms - Host latency: 57.7729 ms (enqueue 1.29592 ms)
[09/10/2026-05:08:28] [I] Average on 20 runs - GPU latency: 53.2645 ms - Host latency: 57.8086 ms (enqueue 1.36992 ms)
[09/10/2026-05:08:28] [I] Average on 20 runs - GPU latency: 53.2709 ms - Host latency: 57.8009 ms (enqueue 1.35591 ms)
[09/10/2026-05:08:28] [I] Average on 20 runs - GPU latency: 53.2413 ms - Host latency: 57.7648 ms (enqueue 1.32485 ms)
[09/10/2026-05:08:28] [I] Average on 20 runs - GPU latency: 53.2695 ms - Host latency: 57.8196 ms (enqueue 1.40923 ms)
[09/10/2026-05:08:28] [I] Average on 20 runs - GPU latency: 53.265 ms - Host latency: 57.792 ms (enqueue 1.30547 ms)
[09/10/2026-05:08:28] [I] Average on 20 runs - GPU latency: 53.2595 ms - Host latency: 57.7861 ms (enqueue 1.27979 ms)
[09/10/2026-05:08:28] [I] Average on 20 runs - GPU latency: 53.2487 ms - Host latency: 57.7921 ms (enqueue 1.39111 ms)
[09/10/2026-05:08:28] [I] Average on 20 runs - GPU latency: 53.2973 ms - Host latency: 57.8276 ms (enqueue 1.28149 ms)
[09/10/2026-05:08:28] [I] Average on 20 runs - GPU latency: 53.2306 ms - Host latency: 57.7575 ms (enqueue 1.28286 ms)
[09/10/2026-05:08:28] [I] 
[09/10/2026-05:08:28] [I] === Performance summary ===
[09/10/2026-05:08:28] [I] Throughput: 18.7111 qps
[09/10/2026-05:08:28] [I] Latency: min = 56.7578 ms, max = 58.2422 ms, mean = 57.7888 ms, median = 57.7883 ms, percentile(90%) = 57.9277 ms, percentile(95%) = 57.9697 ms, percentile(99%) = 58.0957 ms
[09/10/2026-05:08:28] [I] Enqueue Time: min = 1.21729 ms, max = 2.27686 ms, mean = 1.32806 ms, median = 1.28442 ms, percentile(90%) = 1.42383 ms, percentile(95%) = 1.54297 ms, percentile(99%) = 2.21094 ms
[09/10/2026-05:08:28] [I] H2D Latency: min = 0.772949 ms, max = 1.05078 ms, mean = 0.795018 ms, median = 0.791992 ms, percentile(90%) = 0.801758 ms, percentile(95%) = 0.808716 ms, percentile(99%) = 0.922852 ms
[09/10/2026-05:08:28] [I] GPU Compute Time: min = 53.0156 ms, max = 53.5908 ms, mean = 53.2582 ms, median = 53.2576 ms, percentile(90%) = 53.384 ms, percentile(95%) = 53.4258 ms, percentile(99%) = 53.5127 ms
[09/10/2026-05:08:28] [I] D2H Latency: min = 2.60938 ms, max = 3.86963 ms, mean = 3.7356 ms, median = 3.7373 ms, percentile(90%) = 3.75 ms, percentile(95%) = 3.75684 ms, percentile(99%) = 3.85059 ms
[09/10/2026-05:08:28] [I] Total Host Walltime: 15.1782 s
[09/10/2026-05:08:28] [I] Total GPU Compute Time: 15.1253 s
[09/10/2026-05:08:28] [I] Explanations of the performance metrics are printed in the verbose logs.
[09/10/2026-05:08:28] [I] 
&&&& PASSED TensorRT.trtexec [TensorRT v100700] [b23] # /usr/src/tensorrt/bin/trtexec --onnx=/work/onnx/flashocc_shaped_skip.onnx --fp16 --sparsity=force --memPoolSize=workspace:2048 --iterations=100 --warmUp=2000 --duration=15 --avgRuns=20 --timingCacheFile=/work/out/timing.cache
