
=============
== PyTorch ==
=============

NVIDIA Release 24.12 (build 126674151)
PyTorch Version 2.6.0a0+df5bbc0
Container image Copyright (c) 2024, NVIDIA CORPORATION & AFFILIATES. All rights reserved.
Copyright (c) 2014-2024 Facebook Inc.
Copyright (c) 2011-2014 Idiap Research Institute (Ronan Collobert)
Copyright (c) 2012-2014 Deepmind Technologies    (Koray Kavukcuoglu)
Copyright (c) 2011-2012 NEC Laboratories America (Koray Kavukcuoglu)
Copyright (c) 2011-2013 NYU                      (Clement Farabet)
Copyright (c) 2006-2010 NEC Laboratories America (Ronan Collobert, Leon Bottou, Iain Melvin, Jason Weston)
Copyright (c) 2006      Idiap Research Institute (Samy Bengio)
Copyright (c) 2001-2004 Idiap Research Institute (Ronan Collobert, Samy Bengio, Johnny Mariethoz)
Copyright (c) 2015      Google Inc.
Copyright (c) 2015      Yangqing Jia
Copyright (c) 2013-2016 The Caffe contributors
All rights reserved.

Various files include modifications (c) NVIDIA CORPORATION & AFFILIATES.  All rights reserved.

This container image and its contents are governed by the NVIDIA Deep Learning Container License.
By pulling and using the container, you accept the terms and conditions of this license:
https://developer.nvidia.com/ngc/nvidia-deep-learning-container-license

NOTE: The SHMEM allocation limit is set to the default of 64MB.  This may be
   insufficient for PyTorch.  NVIDIA recommends the use of the following flags:
   docker run --gpus all --ipc=host --ulimit memlock=-1 --ulimit stack=67108864 ...

&&&& RUNNING TensorRT.trtexec [TensorRT v100700] [b23] # /usr/src/tensorrt/bin/trtexec --onnx=/work/onnx/flashocc_shaped_scatter.onnx --fp16 --memPoolSize=workspace:2048 --iterations=100 --warmUp=2000 --duration=15 --avgRuns=20 --timingCacheFile=/work/out/timing.cache
[09/10/2026-05:01:40] [I] === Model Options ===
[09/10/2026-05:01:40] [I] Format: ONNX
[09/10/2026-05:01:40] [I] Model: /work/onnx/flashocc_shaped_scatter.onnx
[09/10/2026-05:01:40] [I] Output:
[09/10/2026-05:01:40] [I] === Build Options ===
[09/10/2026-05:01:40] [I] Memory Pools: workspace: 2048 MiB, dlaSRAM: default, dlaLocalDRAM: default, dlaGlobalDRAM: default, tacticSharedMem: default
[09/10/2026-05:01:40] [I] avgTiming: 8
[09/10/2026-05:01:40] [I] Precision: FP32+FP16
[09/10/2026-05:01:40] [I] LayerPrecisions: 
[09/10/2026-05:01:40] [I] Layer Device Types: 
[09/10/2026-05:01:40] [I] Calibration: 
[09/10/2026-05:01:40] [I] Refit: Disabled
[09/10/2026-05:01:40] [I] Strip weights: Disabled
[09/10/2026-05:01:40] [I] Version Compatible: Disabled
[09/10/2026-05:01:40] [I] ONNX Plugin InstanceNorm: Disabled
[09/10/2026-05:01:40] [I] TensorRT runtime: full
[09/10/2026-05:01:40] [I] Lean DLL Path: 
[09/10/2026-05:01:40] [I] Tempfile Controls: { in_memory: allow, temporary: allow }
[09/10/2026-05:01:40] [I] Exclude Lean Runtime: Disabled
[09/10/2026-05:01:40] [I] Sparsity: Disabled
[09/10/2026-05:01:40] [I] Safe mode: Disabled
[09/10/2026-05:01:40] [I] Build DLA standalone loadable: Disabled
[09/10/2026-05:01:40] [I] Allow GPU fallback for DLA: Disabled
[09/10/2026-05:01:40] [I] DirectIO mode: Disabled
[09/10/2026-05:01:40] [I] Restricted mode: Disabled
[09/10/2026-05:01:40] [I] Skip inference: Disabled
[09/10/2026-05:01:40] [I] Save engine: 
[09/10/2026-05:01:40] [I] Load engine: 
[09/10/2026-05:01:40] [I] Profiling verbosity: 0
[09/10/2026-05:01:40] [I] Tactic sources: Using default tactic sources
[09/10/2026-05:01:40] [I] timingCacheMode: global
[09/10/2026-05:01:40] [I] timingCacheFile: /work/out/timing.cache
[09/10/2026-05:01:40] [I] Enable Compilation Cache: Enabled
[09/10/2026-05:01:40] [I] Enable Monitor Memory: Disabled
[09/10/2026-05:01:40] [I] errorOnTimingCacheMiss: Disabled
[09/10/2026-05:01:40] [I] Preview Features: Use default preview flags.
[09/10/2026-05:01:40] [I] MaxAuxStreams: -1
[09/10/2026-05:01:40] [I] BuilderOptimizationLevel: -1
[09/10/2026-05:01:40] [I] MaxTactics: -1
[09/10/2026-05:01:40] [I] Calibration Profile Index: 0
[09/10/2026-05:01:40] [I] Weight Streaming: Disabled
[09/10/2026-05:01:40] [I] Runtime Platform: Same As Build
[09/10/2026-05:01:40] [I] Debug Tensors: 
[09/10/2026-05:01:40] [I] Input(s)s format: fp32:CHW
[09/10/2026-05:01:40] [I] Output(s)s format: fp32:CHW
[09/10/2026-05:01:40] [I] Input build shapes: model
[09/10/2026-05:01:40] [I] Input calibration shapes: model
[09/10/2026-05:01:40] [I] === System Options ===
[09/10/2026-05:01:40] [I] Device: 0
[09/10/2026-05:01:40] [I] DLACore: 
[09/10/2026-05:01:40] [I] Plugins:
[09/10/2026-05:01:40] [I] setPluginsToSerialize:
[09/10/2026-05:01:40] [I] dynamicPlugins:
[09/10/2026-05:01:40] [I] ignoreParsedPluginLibs: 0
[09/10/2026-05:01:40] [I] 
[09/10/2026-05:01:40] [I] === Inference Options ===
[09/10/2026-05:01:40] [I] Batch: Explicit
[09/10/2026-05:01:40] [I] Input inference shapes: model
[09/10/2026-05:01:40] [I] Iterations: 100
[09/10/2026-05:01:40] [I] Duration: 15s (+ 2000ms warm up)
[09/10/2026-05:01:40] [I] Sleep time: 0ms
[09/10/2026-05:01:40] [I] Idle time: 0ms
[09/10/2026-05:01:40] [I] Inference Streams: 1
[09/10/2026-05:01:40] [I] ExposeDMA: Disabled
[09/10/2026-05:01:40] [I] Data transfers: Enabled
[09/10/2026-05:01:40] [I] Spin-wait: Disabled
[09/10/2026-05:01:40] [I] Multithreading: Disabled
[09/10/2026-05:01:40] [I] CUDA Graph: Disabled
[09/10/2026-05:01:40] [I] Separate profiling: Disabled
[09/10/2026-05:01:40] [I] Time Deserialize: Disabled
[09/10/2026-05:01:40] [I] Time Refit: Disabled
[09/10/2026-05:01:40] [I] NVTX verbosity: 0
[09/10/2026-05:01:40] [I] Persistent Cache Ratio: 0
[09/10/2026-05:01:40] [I] Optimization Profile Index: 0
[09/10/2026-05:01:40] [I] Weight Streaming Budget: 100.000000%
[09/10/2026-05:01:40] [I] Inputs:
[09/10/2026-05:01:40] [I] Debug Tensor Save Destinations:
[09/10/2026-05:01:40] [I] === Reporting Options ===
[09/10/2026-05:01:40] [I] Verbose: Disabled
[09/10/2026-05:01:40] [I] Averages: 20 inferences
[09/10/2026-05:01:40] [I] Percentiles: 90,95,99
[09/10/2026-05:01:40] [I] Dump refittable layers:Disabled
[09/10/2026-05:01:40] [I] Dump output: Disabled
[09/10/2026-05:01:40] [I] Profile: Disabled
[09/10/2026-05:01:40] [I] Export timing to JSON file: 
[09/10/2026-05:01:40] [I] Export output to JSON file: 
[09/10/2026-05:01:40] [I] Export profile to JSON file: 
[09/10/2026-05:01:40] [I] 
[09/10/2026-05:01:40] [I] === Device Information ===
[09/10/2026-05:01:40] [I] Available Devices: 
[09/10/2026-05:01:40] [I]   Device 0: "Orin" UUID: GPU-28009003-7470-53ad-b253-17b9853332d2
[09/10/2026-05:01:40] [I] Selected Device: Orin
[09/10/2026-05:01:40] [I] Selected Device ID: 0
[09/10/2026-05:01:40] [I] Selected Device UUID: GPU-28009003-7470-53ad-b253-17b9853332d2
[09/10/2026-05:01:40] [I] Compute Capability: 8.7
[09/10/2026-05:01:40] [I] SMs: 8
[09/10/2026-05:01:40] [I] Device Global Memory: 7485 MiB
[09/10/2026-05:01:40] [I] Shared Memory per SM: 164 KiB
[09/10/2026-05:01:40] [I] Memory Bus Width: 128 bits (ECC disabled)
[09/10/2026-05:01:40] [I] Application Compute Clock Rate: 0.624 GHz
[09/10/2026-05:01:40] [I] Application Memory Clock Rate: 0.624 GHz
[09/10/2026-05:01:40] [I] 
[09/10/2026-05:01:40] [I] Note: The application clock rates do not reflect the actual clock rates that the GPU is currently running at.
[09/10/2026-05:01:40] [I] 
[09/10/2026-05:01:40] [I] TensorRT version: 10.7.0
[09/10/2026-05:01:40] [I] Loading standard plugins
[09/10/2026-05:01:40] [I] [TRT] [MemUsageChange] Init CUDA: CPU +1, GPU +0, now: CPU 20, GPU 2366 (MiB)
[09/10/2026-05:01:44] [I] [TRT] [MemUsageChange] Init builder kernel library: CPU +983, GPU +544, now: CPU 1062, GPU 2967 (MiB)
[09/10/2026-05:01:44] [I] Start parsing network model.
[09/10/2026-05:01:44] [I] [TRT] ----------------------------------------------------------------
[09/10/2026-05:01:44] [I] [TRT] Input filename:   /work/onnx/flashocc_shaped_scatter.onnx
[09/10/2026-05:01:44] [I] [TRT] ONNX IR version:  0.0.8
[09/10/2026-05:01:44] [I] [TRT] Opset version:    17
[09/10/2026-05:01:44] [I] [TRT] Producer name:    pytorch
[09/10/2026-05:01:44] [I] [TRT] Producer version: 2.10.0
[09/10/2026-05:01:44] [I] [TRT] Domain:           
[09/10/2026-05:01:44] [I] [TRT] Model version:    0
[09/10/2026-05:01:44] [I] [TRT] Doc string:       
[09/10/2026-05:01:44] [I] [TRT] ----------------------------------------------------------------
[09/10/2026-05:01:44] [I] Finished parsing network model. Parse time: 0.17339
[09/10/2026-05:01:44] [I] [TRT] Loaded 544803 bytes of timing cache from /work/out/timing.cache
[09/10/2026-05:01:44] [I] [TRT] Global timing cache in use. Profiling results in this builder pass will be stored.
[09/10/2026-05:01:44] [I] [TRT] Compiler backend is used during engine build.
[09/10/2026-05:01:46] [I] [TRT] Detected 1 inputs and 1 output network tensors.
[09/10/2026-05:01:48] [I] [TRT] Total Host Persistent Memory: 328288 bytes
[09/10/2026-05:01:48] [I] [TRT] Total Device Persistent Memory: 0 bytes
[09/10/2026-05:01:48] [I] [TRT] Max Scratch Memory: 39874560 bytes
[09/10/2026-05:01:48] [I] [TRT] [BlockAssignment] Started assigning block shifts. This will take 125 steps to complete.
[09/10/2026-05:01:48] [I] [TRT] [BlockAssignment] Algorithm ShiftNTopDown took 10.6468ms to assign 6 blocks to 125 nodes requiring 323322368 bytes.
[09/10/2026-05:01:48] [I] [TRT] Total Activation Memory: 323322368 bytes
[09/10/2026-05:01:48] [I] [TRT] Total Weights Memory: 44342336 bytes
[09/10/2026-05:01:48] [I] [TRT] Compiler backend is used during engine execution.
[09/10/2026-05:01:48] [I] [TRT] Engine generation completed in 4.29122 seconds.
[09/10/2026-05:01:48] [I] [TRT] [MemUsageStats] Peak memory usage of TRT CPU/GPU memory allocators: CPU 4 MiB, GPU 252 MiB
[09/10/2026-05:01:48] [I] Engine built in 4.35437 sec.
[09/10/2026-05:01:48] [I] Created engine with size: 43.0566 MiB
[09/10/2026-05:01:48] [I] [TRT] Loaded 544803 bytes of timing cache from /work/out/timing.cache
[09/10/2026-05:01:48] [I] [TRT] Serialized 27 bytes of code generator cache.
[09/10/2026-05:01:48] [I] [TRT] Serialized 130287 bytes of compilation cache.
[09/10/2026-05:01:48] [I] [TRT] Serialized 3984 timing cache entries
[09/10/2026-05:01:48] [I] [TRT] Saved 544803 bytes of timing cache to /work/out/timing.cache
[09/10/2026-05:01:49] [I] [TRT] Loaded engine size: 43 MiB
[09/10/2026-05:01:49] [I] Engine deserialized in 0.0318684 sec.
[09/10/2026-05:01:49] [I] [TRT] [MemUsageChange] TensorRT-managed allocation in IExecutionContext creation: CPU +0, GPU +308, now: CPU 0, GPU 350 (MiB)
[09/10/2026-05:01:49] [I] Setting persistentCacheLimit to 0 bytes.
[09/10/2026-05:01:49] [I] Created execution context with device memory size: 308.344 MiB
[09/10/2026-05:01:49] [I] Using random values for input imgs
[09/10/2026-05:01:49] [I] Input binding for imgs with dimensions 6x3x256x704 is created.
[09/10/2026-05:01:49] [I] Output binding for occ with dimensions 1x16x18x200x200 is created.
[09/10/2026-05:01:49] [I] Starting inference
[09/10/2026-05:02:06] [I] Warmup completed 27 queries over 2000 ms
[09/10/2026-05:02:06] [I] Timing trace has 204 queries over 15.2159 s
[09/10/2026-05:02:06] [I] 
[09/10/2026-05:02:06] [I] === Trace details ===
[09/10/2026-05:02:06] [I] Trace averages of 20 runs:
[09/10/2026-05:02:06] [I] Average on 20 runs - GPU latency: 74.2316 ms - Host latency: 79.9295 ms (enqueue 1.63972 ms)
[09/10/2026-05:02:06] [I] Average on 20 runs - GPU latency: 74.2434 ms - Host latency: 79.957 ms (enqueue 1.55054 ms)
[09/10/2026-05:02:06] [I] Average on 20 runs - GPU latency: 74.2325 ms - Host latency: 79.9385 ms (enqueue 1.65923 ms)
[09/10/2026-05:02:06] [I] Average on 20 runs - GPU latency: 74.2172 ms - Host latency: 79.9172 ms (enqueue 1.5553 ms)
[09/10/2026-05:02:06] [I] Average on 20 runs - GPU latency: 74.2524 ms - Host latency: 79.9626 ms (enqueue 1.63752 ms)
[09/10/2026-05:02:06] [I] Average on 20 runs - GPU latency: 74.2256 ms - Host latency: 79.9231 ms (enqueue 1.55176 ms)
[09/10/2026-05:02:06] [I] Average on 20 runs - GPU latency: 74.2326 ms - Host latency: 79.9358 ms (enqueue 1.63984 ms)
[09/10/2026-05:02:06] [I] Average on 20 runs - GPU latency: 74.2291 ms - Host latency: 79.9193 ms (enqueue 1.56436 ms)
[09/10/2026-05:02:06] [I] Average on 20 runs - GPU latency: 74.2399 ms - Host latency: 79.9668 ms (enqueue 1.57153 ms)
[09/10/2026-05:02:06] [I] Average on 20 runs - GPU latency: 74.2151 ms - Host latency: 79.9009 ms (enqueue 1.51855 ms)
[09/10/2026-05:02:06] [I] 
[09/10/2026-05:02:06] [I] === Performance summary ===
[09/10/2026-05:02:06] [I] Throughput: 13.407 qps
[09/10/2026-05:02:06] [I] Latency: min = 77.7891 ms, max = 80.5146 ms, mean = 79.9243 ms, median = 79.916 ms, percentile(90%) = 79.9941 ms, percentile(95%) = 80.0752 ms, percentile(99%) = 80.3828 ms
[09/10/2026-05:02:06] [I] Enqueue Time: min = 1.48047 ms, max = 2.56543 ms, mean = 1.58748 ms, median = 1.54468 ms, percentile(90%) = 1.67993 ms, percentile(95%) = 1.77637 ms, percentile(99%) = 2.43457 ms
[09/10/2026-05:02:06] [I] H2D Latency: min = 0.864258 ms, max = 1.42383 ms, mean = 0.886706 ms, median = 0.879639 ms, percentile(90%) = 0.888672 ms, percentile(95%) = 0.916992 ms, percentile(99%) = 1.00391 ms
[09/10/2026-05:02:06] [I] GPU Compute Time: min = 74.1172 ms, max = 74.749 ms, mean = 74.2323 ms, median = 74.2192 ms, percentile(90%) = 74.2744 ms, percentile(95%) = 74.3145 ms, percentile(99%) = 74.6504 ms
[09/10/2026-05:02:06] [I] D2H Latency: min = 2.61523 ms, max = 5.05664 ms, mean = 4.8053 ms, median = 4.8125 ms, percentile(90%) = 4.82715 ms, percentile(95%) = 4.83398 ms, percentile(99%) = 4.99219 ms
[09/10/2026-05:02:06] [I] Total Host Walltime: 15.2159 s
[09/10/2026-05:02:06] [I] Total GPU Compute Time: 15.1434 s
[09/10/2026-05:02:06] [I] Explanations of the performance metrics are printed in the verbose logs.
[09/10/2026-05:02:06] [I] 
&&&& PASSED TensorRT.trtexec [TensorRT v100700] [b23] # /usr/src/tensorrt/bin/trtexec --onnx=/work/onnx/flashocc_shaped_scatter.onnx --fp16 --memPoolSize=workspace:2048 --iterations=100 --warmUp=2000 --duration=15 --avgRuns=20 --timingCacheFile=/work/out/timing.cache
