
=============
== PyTorch ==
=============

NVIDIA Release 24.12 (build 126674151)
PyTorch Version 2.6.0a0+df5bbc0
Container image Copyright (c) 2024, NVIDIA CORPORATION & AFFILIATES. All rights reserved.
Copyright (c) 2014-2024 Facebook Inc.
Copyright (c) 2011-2014 Idiap Research Institute (Ronan Collobert)
Copyright (c) 2012-2014 Deepmind Technologies    (Koray Kavukcuoglu)
Copyright (c) 2011-2012 NEC Laboratories America (Koray Kavukcuoglu)
Copyright (c) 2011-2013 NYU                      (Clement Farabet)
Copyright (c) 2006-2010 NEC Laboratories America (Ronan Collobert, Leon Bottou, Iain Melvin, Jason Weston)
Copyright (c) 2006      Idiap Research Institute (Samy Bengio)
Copyright (c) 2001-2004 Idiap Research Institute (Ronan Collobert, Samy Bengio, Johnny Mariethoz)
Copyright (c) 2015      Google Inc.
Copyright (c) 2015      Yangqing Jia
Copyright (c) 2013-2016 The Caffe contributors
All rights reserved.

Various files include modifications (c) NVIDIA CORPORATION & AFFILIATES.  All rights reserved.

This container image and its contents are governed by the NVIDIA Deep Learning Container License.
By pulling and using the container, you accept the terms and conditions of this license:
https://developer.nvidia.com/ngc/nvidia-deep-learning-container-license

NOTE: The SHMEM allocation limit is set to the default of 64MB.  This may be
   insufficient for PyTorch.  NVIDIA recommends the use of the following flags:
   docker run --gpus all --ipc=host --ulimit memlock=-1 --ulimit stack=67108864 ...

&&&& RUNNING TensorRT.trtexec [TensorRT v100700] [b23] # /usr/src/tensorrt/bin/trtexec --onnx=/work/onnx/flashocc_shaped_skip.onnx --fp16 --memPoolSize=workspace:2048 --iterations=100 --warmUp=2000 --duration=15 --avgRuns=20 --timingCacheFile=/work/out/timing.cache
[09/10/2026-05:07:36] [I] === Model Options ===
[09/10/2026-05:07:36] [I] Format: ONNX
[09/10/2026-05:07:36] [I] Model: /work/onnx/flashocc_shaped_skip.onnx
[09/10/2026-05:07:36] [I] Output:
[09/10/2026-05:07:36] [I] === Build Options ===
[09/10/2026-05:07:36] [I] Memory Pools: workspace: 2048 MiB, dlaSRAM: default, dlaLocalDRAM: default, dlaGlobalDRAM: default, tacticSharedMem: default
[09/10/2026-05:07:36] [I] avgTiming: 8
[09/10/2026-05:07:36] [I] Precision: FP32+FP16
[09/10/2026-05:07:36] [I] LayerPrecisions: 
[09/10/2026-05:07:36] [I] Layer Device Types: 
[09/10/2026-05:07:36] [I] Calibration: 
[09/10/2026-05:07:36] [I] Refit: Disabled
[09/10/2026-05:07:36] [I] Strip weights: Disabled
[09/10/2026-05:07:36] [I] Version Compatible: Disabled
[09/10/2026-05:07:36] [I] ONNX Plugin InstanceNorm: Disabled
[09/10/2026-05:07:36] [I] TensorRT runtime: full
[09/10/2026-05:07:36] [I] Lean DLL Path: 
[09/10/2026-05:07:36] [I] Tempfile Controls: { in_memory: allow, temporary: allow }
[09/10/2026-05:07:36] [I] Exclude Lean Runtime: Disabled
[09/10/2026-05:07:36] [I] Sparsity: Disabled
[09/10/2026-05:07:36] [I] Safe mode: Disabled
[09/10/2026-05:07:36] [I] Build DLA standalone loadable: Disabled
[09/10/2026-05:07:36] [I] Allow GPU fallback for DLA: Disabled
[09/10/2026-05:07:36] [I] DirectIO mode: Disabled
[09/10/2026-05:07:36] [I] Restricted mode: Disabled
[09/10/2026-05:07:36] [I] Skip inference: Disabled
[09/10/2026-05:07:36] [I] Save engine: 
[09/10/2026-05:07:36] [I] Load engine: 
[09/10/2026-05:07:36] [I] Profiling verbosity: 0
[09/10/2026-05:07:36] [I] Tactic sources: Using default tactic sources
[09/10/2026-05:07:36] [I] timingCacheMode: global
[09/10/2026-05:07:36] [I] timingCacheFile: /work/out/timing.cache
[09/10/2026-05:07:36] [I] Enable Compilation Cache: Enabled
[09/10/2026-05:07:36] [I] Enable Monitor Memory: Disabled
[09/10/2026-05:07:36] [I] errorOnTimingCacheMiss: Disabled
[09/10/2026-05:07:36] [I] Preview Features: Use default preview flags.
[09/10/2026-05:07:36] [I] MaxAuxStreams: -1
[09/10/2026-05:07:36] [I] BuilderOptimizationLevel: -1
[09/10/2026-05:07:36] [I] MaxTactics: -1
[09/10/2026-05:07:36] [I] Calibration Profile Index: 0
[09/10/2026-05:07:36] [I] Weight Streaming: Disabled
[09/10/2026-05:07:36] [I] Runtime Platform: Same As Build
[09/10/2026-05:07:36] [I] Debug Tensors: 
[09/10/2026-05:07:36] [I] Input(s)s format: fp32:CHW
[09/10/2026-05:07:36] [I] Output(s)s format: fp32:CHW
[09/10/2026-05:07:36] [I] Input build shapes: model
[09/10/2026-05:07:36] [I] Input calibration shapes: model
[09/10/2026-05:07:36] [I] === System Options ===
[09/10/2026-05:07:36] [I] Device: 0
[09/10/2026-05:07:36] [I] DLACore: 
[09/10/2026-05:07:36] [I] Plugins:
[09/10/2026-05:07:36] [I] setPluginsToSerialize:
[09/10/2026-05:07:36] [I] dynamicPlugins:
[09/10/2026-05:07:36] [I] ignoreParsedPluginLibs: 0
[09/10/2026-05:07:36] [I] 
[09/10/2026-05:07:36] [I] === Inference Options ===
[09/10/2026-05:07:36] [I] Batch: Explicit
[09/10/2026-05:07:36] [I] Input inference shapes: model
[09/10/2026-05:07:36] [I] Iterations: 100
[09/10/2026-05:07:36] [I] Duration: 15s (+ 2000ms warm up)
[09/10/2026-05:07:36] [I] Sleep time: 0ms
[09/10/2026-05:07:36] [I] Idle time: 0ms
[09/10/2026-05:07:36] [I] Inference Streams: 1
[09/10/2026-05:07:36] [I] ExposeDMA: Disabled
[09/10/2026-05:07:36] [I] Data transfers: Enabled
[09/10/2026-05:07:36] [I] Spin-wait: Disabled
[09/10/2026-05:07:36] [I] Multithreading: Disabled
[09/10/2026-05:07:36] [I] CUDA Graph: Disabled
[09/10/2026-05:07:36] [I] Separate profiling: Disabled
[09/10/2026-05:07:36] [I] Time Deserialize: Disabled
[09/10/2026-05:07:36] [I] Time Refit: Disabled
[09/10/2026-05:07:36] [I] NVTX verbosity: 0
[09/10/2026-05:07:36] [I] Persistent Cache Ratio: 0
[09/10/2026-05:07:36] [I] Optimization Profile Index: 0
[09/10/2026-05:07:36] [I] Weight Streaming Budget: 100.000000%
[09/10/2026-05:07:36] [I] Inputs:
[09/10/2026-05:07:36] [I] Debug Tensor Save Destinations:
[09/10/2026-05:07:36] [I] === Reporting Options ===
[09/10/2026-05:07:36] [I] Verbose: Disabled
[09/10/2026-05:07:36] [I] Averages: 20 inferences
[09/10/2026-05:07:36] [I] Percentiles: 90,95,99
[09/10/2026-05:07:36] [I] Dump refittable layers:Disabled
[09/10/2026-05:07:36] [I] Dump output: Disabled
[09/10/2026-05:07:36] [I] Profile: Disabled
[09/10/2026-05:07:36] [I] Export timing to JSON file: 
[09/10/2026-05:07:36] [I] Export output to JSON file: 
[09/10/2026-05:07:36] [I] Export profile to JSON file: 
[09/10/2026-05:07:36] [I] 
[09/10/2026-05:07:36] [I] === Device Information ===
[09/10/2026-05:07:36] [I] Available Devices: 
[09/10/2026-05:07:36] [I]   Device 0: "Orin" UUID: GPU-28009003-7470-53ad-b253-17b9853332d2
[09/10/2026-05:07:36] [I] Selected Device: Orin
[09/10/2026-05:07:36] [I] Selected Device ID: 0
[09/10/2026-05:07:36] [I] Selected Device UUID: GPU-28009003-7470-53ad-b253-17b9853332d2
[09/10/2026-05:07:36] [I] Compute Capability: 8.7
[09/10/2026-05:07:36] [I] SMs: 8
[09/10/2026-05:07:36] [I] Device Global Memory: 7485 MiB
[09/10/2026-05:07:36] [I] Shared Memory per SM: 164 KiB
[09/10/2026-05:07:36] [I] Memory Bus Width: 128 bits (ECC disabled)
[09/10/2026-05:07:36] [I] Application Compute Clock Rate: 0.624 GHz
[09/10/2026-05:07:36] [I] Application Memory Clock Rate: 0.624 GHz
[09/10/2026-05:07:36] [I] 
[09/10/2026-05:07:36] [I] Note: The application clock rates do not reflect the actual clock rates that the GPU is currently running at.
[09/10/2026-05:07:36] [I] 
[09/10/2026-05:07:36] [I] TensorRT version: 10.7.0
[09/10/2026-05:07:36] [I] Loading standard plugins
[09/10/2026-05:07:36] [I] [TRT] [MemUsageChange] Init CUDA: CPU +1, GPU +0, now: CPU 20, GPU 2176 (MiB)
[09/10/2026-05:07:39] [I] [TRT] [MemUsageChange] Init builder kernel library: CPU +983, GPU +908, now: CPU 1062, GPU 3141 (MiB)
[09/10/2026-05:07:39] [I] Start parsing network model.
[09/10/2026-05:07:40] [I] [TRT] ----------------------------------------------------------------
[09/10/2026-05:07:40] [I] [TRT] Input filename:   /work/onnx/flashocc_shaped_skip.onnx
[09/10/2026-05:07:40] [I] [TRT] ONNX IR version:  0.0.8
[09/10/2026-05:07:40] [I] [TRT] Opset version:    17
[09/10/2026-05:07:40] [I] [TRT] Producer name:    pytorch
[09/10/2026-05:07:40] [I] [TRT] Producer version: 2.10.0
[09/10/2026-05:07:40] [I] [TRT] Domain:           
[09/10/2026-05:07:40] [I] [TRT] Model version:    0
[09/10/2026-05:07:40] [I] [TRT] Doc string:       
[09/10/2026-05:07:40] [I] [TRT] ----------------------------------------------------------------
[09/10/2026-05:07:40] [I] Finished parsing network model. Parse time: 0.0985738
[09/10/2026-05:07:40] [I] [TRT] Loaded 675219 bytes of timing cache from /work/out/timing.cache
[09/10/2026-05:07:40] [I] [TRT] Global timing cache in use. Profiling results in this builder pass will be stored.
[09/10/2026-05:07:41] [I] [TRT] Detected 1 inputs and 1 output network tensors.
[09/10/2026-05:07:43] [I] [TRT] Total Host Persistent Memory: 327536 bytes
[09/10/2026-05:07:43] [I] [TRT] Total Device Persistent Memory: 0 bytes
[09/10/2026-05:07:43] [I] [TRT] Max Scratch Memory: 0 bytes
[09/10/2026-05:07:43] [I] [TRT] [BlockAssignment] Started assigning block shifts. This will take 153 steps to complete.
[09/10/2026-05:07:43] [I] [TRT] [BlockAssignment] Algorithm ShiftNTopDown took 56.429ms to assign 50 blocks to 153 nodes requiring 92311040 bytes.
[09/10/2026-05:07:43] [I] [TRT] Total Activation Memory: 92310016 bytes
[09/10/2026-05:07:43] [I] [TRT] Total Weights Memory: 29548608 bytes
[09/10/2026-05:07:43] [I] [TRT] Engine generation completed in 3.79651 seconds.
[09/10/2026-05:07:43] [I] [TRT] [MemUsageStats] Peak memory usage of TRT CPU/GPU memory allocators: CPU 4 MiB, GPU 50 MiB
[09/10/2026-05:07:43] [I] Engine built in 3.82701 sec.
[09/10/2026-05:07:43] [I] Created engine with size: 28.9915 MiB
[09/10/2026-05:07:43] [I] [TRT] Loaded 675219 bytes of timing cache from /work/out/timing.cache
[09/10/2026-05:07:43] [I] [TRT] Serialized 27 bytes of code generator cache.
[09/10/2026-05:07:43] [I] [TRT] Serialized 130287 bytes of compilation cache.
[09/10/2026-05:07:43] [I] [TRT] Serialized 5238 timing cache entries
[09/10/2026-05:07:43] [I] [TRT] Saved 675219 bytes of timing cache to /work/out/timing.cache
[09/10/2026-05:07:44] [I] [TRT] Loaded engine size: 28 MiB
[09/10/2026-05:07:44] [I] Engine deserialized in 0.0277536 sec.
[09/10/2026-05:07:44] [I] [TRT] [MemUsageChange] TensorRT-managed allocation in IExecutionContext creation: CPU +0, GPU +88, now: CPU 0, GPU 116 (MiB)
[09/10/2026-05:07:44] [I] Setting persistentCacheLimit to 0 bytes.
[09/10/2026-05:07:44] [I] Created execution context with device memory size: 88.0337 MiB
[09/10/2026-05:07:44] [I] Using random values for input imgs
[09/10/2026-05:07:44] [I] Input binding for imgs with dimensions 6x3x256x704 is created.
[09/10/2026-05:07:44] [I] Output binding for occ with dimensions 1x16x18x200x200 is created.
[09/10/2026-05:07:44] [I] Starting inference
[09/10/2026-05:08:01] [I] Warmup completed 32 queries over 2000 ms
[09/10/2026-05:08:01] [I] Timing trace has 247 queries over 15.2139 s
[09/10/2026-05:08:01] [I] 
[09/10/2026-05:08:01] [I] === Trace details ===
[09/10/2026-05:08:01] [I] Trace averages of 20 runs:
[09/10/2026-05:08:01] [I] Average on 20 runs - GPU latency: 61.3071 ms - Host latency: 65.8795 ms (enqueue 1.5395 ms)
[09/10/2026-05:08:01] [I] Average on 20 runs - GPU latency: 61.2943 ms - Host latency: 65.8324 ms (enqueue 1.37062 ms)
[09/10/2026-05:08:01] [I] Average on 20 runs - GPU latency: 61.3032 ms - Host latency: 65.8628 ms (enqueue 1.47441 ms)
[09/10/2026-05:08:01] [I] Average on 20 runs - GPU latency: 61.2773 ms - Host latency: 65.8022 ms (enqueue 1.29053 ms)
[09/10/2026-05:08:01] [I] Average on 20 runs - GPU latency: 61.2979 ms - Host latency: 65.8329 ms (enqueue 1.32073 ms)
[09/10/2026-05:08:01] [I] Average on 20 runs - GPU latency: 61.2715 ms - Host latency: 65.7931 ms (enqueue 1.22705 ms)
[09/10/2026-05:08:01] [I] Average on 20 runs - GPU latency: 61.2876 ms - Host latency: 65.8211 ms (enqueue 1.33008 ms)
[09/10/2026-05:08:01] [I] Average on 20 runs - GPU latency: 61.2937 ms - Host latency: 65.8486 ms (enqueue 1.38398 ms)
[09/10/2026-05:08:01] [I] Average on 20 runs - GPU latency: 61.4084 ms - Host latency: 66.1324 ms (enqueue 1.94126 ms)
[09/10/2026-05:08:01] [I] Average on 20 runs - GPU latency: 61.4089 ms - Host latency: 66.161 ms (enqueue 2.10664 ms)
[09/10/2026-05:08:01] [I] Average on 20 runs - GPU latency: 61.4578 ms - Host latency: 66.2221 ms (enqueue 1.98892 ms)
[09/10/2026-05:08:01] [I] Average on 20 runs - GPU latency: 61.4893 ms - Host latency: 66.2908 ms (enqueue 1.86812 ms)
[09/10/2026-05:08:01] [I] 
[09/10/2026-05:08:01] [I] === Performance summary ===
[09/10/2026-05:08:01] [I] Throughput: 16.2352 qps
[09/10/2026-05:08:01] [I] Latency: min = 64.9766 ms, max = 66.9551 ms, mean = 65.967 ms, median = 65.8516 ms, percentile(90%) = 66.3735 ms, percentile(95%) = 66.5439 ms, percentile(99%) = 66.9111 ms
[09/10/2026-05:08:01] [I] Enqueue Time: min = 1.18091 ms, max = 5.56592 ms, mean = 1.5625 ms, median = 1.35645 ms, percentile(90%) = 2.06836 ms, percentile(95%) = 2.19043 ms, percentile(99%) = 2.62598 ms
[09/10/2026-05:08:01] [I] H2D Latency: min = 0.77832 ms, max = 1.48145 ms, mean = 0.835507 ms, median = 0.800781 ms, percentile(90%) = 0.927734 ms, percentile(95%) = 1.00098 ms, percentile(99%) = 1.14307 ms
[09/10/2026-05:08:01] [I] GPU Compute Time: min = 61.208 ms, max = 62.3076 ms, mean = 61.3489 ms, median = 61.3076 ms, percentile(90%) = 61.4805 ms, percentile(95%) = 61.6621 ms, percentile(99%) = 61.8242 ms
[09/10/2026-05:08:01] [I] D2H Latency: min = 2.61133 ms, max = 4.39941 ms, mean = 3.78257 ms, median = 3.7417 ms, percentile(90%) = 3.91797 ms, percentile(95%) = 4.01562 ms, percentile(99%) = 4.17969 ms
[09/10/2026-05:08:01] [I] Total Host Walltime: 15.2139 s
[09/10/2026-05:08:01] [I] Total GPU Compute Time: 15.1532 s
[09/10/2026-05:08:01] [I] Explanations of the performance metrics are printed in the verbose logs.
[09/10/2026-05:08:01] [I] 
&&&& PASSED TensorRT.trtexec [TensorRT v100700] [b23] # /usr/src/tensorrt/bin/trtexec --onnx=/work/onnx/flashocc_shaped_skip.onnx --fp16 --memPoolSize=workspace:2048 --iterations=100 --warmUp=2000 --duration=15 --avgRuns=20 --timingCacheFile=/work/out/timing.cache
