
=============
== PyTorch ==
=============

NVIDIA Release 24.12 (build 126674151)
PyTorch Version 2.6.0a0+df5bbc0
Container image Copyright (c) 2024, NVIDIA CORPORATION & AFFILIATES. All rights reserved.
Copyright (c) 2014-2024 Facebook Inc.
Copyright (c) 2011-2014 Idiap Research Institute (Ronan Collobert)
Copyright (c) 2012-2014 Deepmind Technologies    (Koray Kavukcuoglu)
Copyright (c) 2011-2012 NEC Laboratories America (Koray Kavukcuoglu)
Copyright (c) 2011-2013 NYU                      (Clement Farabet)
Copyright (c) 2006-2010 NEC Laboratories America (Ronan Collobert, Leon Bottou, Iain Melvin, Jason Weston)
Copyright (c) 2006      Idiap Research Institute (Samy Bengio)
Copyright (c) 2001-2004 Idiap Research Institute (Ronan Collobert, Samy Bengio, Johnny Mariethoz)
Copyright (c) 2015      Google Inc.
Copyright (c) 2015      Yangqing Jia
Copyright (c) 2013-2016 The Caffe contributors
All rights reserved.

Various files include modifications (c) NVIDIA CORPORATION & AFFILIATES.  All rights reserved.

This container image and its contents are governed by the NVIDIA Deep Learning Container License.
By pulling and using the container, you accept the terms and conditions of this license:
https://developer.nvidia.com/ngc/nvidia-deep-learning-container-license

NOTE: The SHMEM allocation limit is set to the default of 64MB.  This may be
   insufficient for PyTorch.  NVIDIA recommends the use of the following flags:
   docker run --gpus all --ipc=host --ulimit memlock=-1 --ulimit stack=67108864 ...

&&&& RUNNING TensorRT.trtexec [TensorRT v100700] [b23] # /usr/src/tensorrt/bin/trtexec --onnx=/home/sjsujetson/godeye/onnx/flashocc_shaped_skip.onnx --iterations=200 --warmUp=2000 --avgRuns=100 --useSpinWait --separateProfileRun --memPoolSize=workspace:2048M --timingCacheFile=/home/sjsujetson/godeye/out/timing.cache --int8
[09/10/2026-04:14:46] [I] === Model Options ===
[09/10/2026-04:14:46] [I] Format: ONNX
[09/10/2026-04:14:46] [I] Model: /home/sjsujetson/godeye/onnx/flashocc_shaped_skip.onnx
[09/10/2026-04:14:46] [I] Output:
[09/10/2026-04:14:46] [I] === Build Options ===
[09/10/2026-04:14:46] [I] Memory Pools: workspace: 2048 MiB, dlaSRAM: default, dlaLocalDRAM: default, dlaGlobalDRAM: default, tacticSharedMem: default
[09/10/2026-04:14:46] [I] avgTiming: 8
[09/10/2026-04:14:46] [I] Precision: FP32+INT8
[09/10/2026-04:14:46] [I] LayerPrecisions: 
[09/10/2026-04:14:46] [I] Layer Device Types: 
[09/10/2026-04:14:46] [I] Calibration: Dynamic
[09/10/2026-04:14:46] [I] Refit: Disabled
[09/10/2026-04:14:46] [I] Strip weights: Disabled
[09/10/2026-04:14:46] [I] Version Compatible: Disabled
[09/10/2026-04:14:46] [I] ONNX Plugin InstanceNorm: Disabled
[09/10/2026-04:14:46] [I] TensorRT runtime: full
[09/10/2026-04:14:46] [I] Lean DLL Path: 
[09/10/2026-04:14:46] [I] Tempfile Controls: { in_memory: allow, temporary: allow }
[09/10/2026-04:14:46] [I] Exclude Lean Runtime: Disabled
[09/10/2026-04:14:46] [I] Sparsity: Disabled
[09/10/2026-04:14:46] [I] Safe mode: Disabled
[09/10/2026-04:14:46] [I] Build DLA standalone loadable: Disabled
[09/10/2026-04:14:46] [I] Allow GPU fallback for DLA: Disabled
[09/10/2026-04:14:46] [I] DirectIO mode: Disabled
[09/10/2026-04:14:46] [I] Restricted mode: Disabled
[09/10/2026-04:14:46] [I] Skip inference: Disabled
[09/10/2026-04:14:46] [I] Save engine: 
[09/10/2026-04:14:46] [I] Load engine: 
[09/10/2026-04:14:46] [I] Profiling verbosity: 0
[09/10/2026-04:14:46] [I] Tactic sources: Using default tactic sources
[09/10/2026-04:14:46] [I] timingCacheMode: global
[09/10/2026-04:14:46] [I] timingCacheFile: /home/sjsujetson/godeye/out/timing.cache
[09/10/2026-04:14:46] [I] Enable Compilation Cache: Enabled
[09/10/2026-04:14:46] [I] Enable Monitor Memory: Disabled
[09/10/2026-04:14:46] [I] errorOnTimingCacheMiss: Disabled
[09/10/2026-04:14:46] [I] Preview Features: Use default preview flags.
[09/10/2026-04:14:46] [I] MaxAuxStreams: -1
[09/10/2026-04:14:46] [I] BuilderOptimizationLevel: -1
[09/10/2026-04:14:46] [I] MaxTactics: -1
[09/10/2026-04:14:46] [I] Calibration Profile Index: 0
[09/10/2026-04:14:46] [I] Weight Streaming: Disabled
[09/10/2026-04:14:46] [I] Runtime Platform: Same As Build
[09/10/2026-04:14:46] [I] Debug Tensors: 
[09/10/2026-04:14:46] [I] Input(s)s format: fp32:CHW
[09/10/2026-04:14:46] [I] Output(s)s format: fp32:CHW
[09/10/2026-04:14:46] [I] Input build shapes: model
[09/10/2026-04:14:46] [I] Input calibration shapes: model
[09/10/2026-04:14:46] [I] === System Options ===
[09/10/2026-04:14:46] [I] Device: 0
[09/10/2026-04:14:46] [I] DLACore: 
[09/10/2026-04:14:46] [I] Plugins:
[09/10/2026-04:14:46] [I] setPluginsToSerialize:
[09/10/2026-04:14:46] [I] dynamicPlugins:
[09/10/2026-04:14:46] [I] ignoreParsedPluginLibs: 0
[09/10/2026-04:14:46] [I] 
[09/10/2026-04:14:46] [I] === Inference Options ===
[09/10/2026-04:14:46] [I] Batch: Explicit
[09/10/2026-04:14:46] [I] Input inference shapes: model
[09/10/2026-04:14:46] [I] Iterations: 200
[09/10/2026-04:14:46] [I] Duration: 3s (+ 2000ms warm up)
[09/10/2026-04:14:46] [I] Sleep time: 0ms
[09/10/2026-04:14:46] [I] Idle time: 0ms
[09/10/2026-04:14:46] [I] Inference Streams: 1
[09/10/2026-04:14:46] [I] ExposeDMA: Disabled
[09/10/2026-04:14:46] [I] Data transfers: Enabled
[09/10/2026-04:14:46] [I] Spin-wait: Enabled
[09/10/2026-04:14:46] [I] Multithreading: Disabled
[09/10/2026-04:14:46] [I] CUDA Graph: Disabled
[09/10/2026-04:14:46] [I] Separate profiling: Enabled
[09/10/2026-04:14:46] [I] Time Deserialize: Disabled
[09/10/2026-04:14:46] [I] Time Refit: Disabled
[09/10/2026-04:14:46] [I] NVTX verbosity: 0
[09/10/2026-04:14:46] [I] Persistent Cache Ratio: 0
[09/10/2026-04:14:46] [I] Optimization Profile Index: 0
[09/10/2026-04:14:46] [I] Weight Streaming Budget: 100.000000%
[09/10/2026-04:14:46] [I] Inputs:
[09/10/2026-04:14:46] [I] Debug Tensor Save Destinations:
[09/10/2026-04:14:46] [I] === Reporting Options ===
[09/10/2026-04:14:46] [I] Verbose: Disabled
[09/10/2026-04:14:46] [I] Averages: 100 inferences
[09/10/2026-04:14:46] [I] Percentiles: 90,95,99
[09/10/2026-04:14:46] [I] Dump refittable layers:Disabled
[09/10/2026-04:14:46] [I] Dump output: Disabled
[09/10/2026-04:14:46] [I] Profile: Disabled
[09/10/2026-04:14:46] [I] Export timing to JSON file: 
[09/10/2026-04:14:46] [I] Export output to JSON file: 
[09/10/2026-04:14:46] [I] Export profile to JSON file: 
[09/10/2026-04:14:46] [I] 
[09/10/2026-04:14:46] [I] === Device Information ===
[09/10/2026-04:14:46] [I] Available Devices: 
[09/10/2026-04:14:46] [I]   Device 0: "Orin" UUID: GPU-28009003-7470-53ad-b253-17b9853332d2
[09/10/2026-04:14:46] [I] Selected Device: Orin
[09/10/2026-04:14:46] [I] Selected Device ID: 0
[09/10/2026-04:14:46] [I] Selected Device UUID: GPU-28009003-7470-53ad-b253-17b9853332d2
[09/10/2026-04:14:46] [I] Compute Capability: 8.7
[09/10/2026-04:14:46] [I] SMs: 8
[09/10/2026-04:14:46] [I] Device Global Memory: 7485 MiB
[09/10/2026-04:14:46] [I] Shared Memory per SM: 164 KiB
[09/10/2026-04:14:46] [I] Memory Bus Width: 128 bits (ECC disabled)
[09/10/2026-04:14:46] [I] Application Compute Clock Rate: 0.624 GHz
[09/10/2026-04:14:46] [I] Application Memory Clock Rate: 0.624 GHz
[09/10/2026-04:14:46] [I] 
[09/10/2026-04:14:46] [I] Note: The application clock rates do not reflect the actual clock rates that the GPU is currently running at.
[09/10/2026-04:14:46] [I] 
[09/10/2026-04:14:46] [I] TensorRT version: 10.7.0
[09/10/2026-04:14:46] [I] Loading standard plugins
[09/10/2026-04:14:46] [I] [TRT] [MemUsageChange] Init CUDA: CPU +1, GPU +2, now: CPU 20, GPU 2282 (MiB)
[09/10/2026-04:14:49] [I] [TRT] [MemUsageChange] Init builder kernel library: CPU +983, GPU +875, now: CPU 1062, GPU 3220 (MiB)
[09/10/2026-04:14:49] [I] Start parsing network model.
[09/10/2026-04:14:49] [I] [TRT] ----------------------------------------------------------------
[09/10/2026-04:14:49] [I] [TRT] Input filename:   /home/sjsujetson/godeye/onnx/flashocc_shaped_skip.onnx
[09/10/2026-04:14:49] [I] [TRT] ONNX IR version:  0.0.8
[09/10/2026-04:14:49] [I] [TRT] Opset version:    17
[09/10/2026-04:14:49] [I] [TRT] Producer name:    pytorch
[09/10/2026-04:14:49] [I] [TRT] Producer version: 2.10.0
[09/10/2026-04:14:49] [I] [TRT] Domain:           
[09/10/2026-04:14:49] [I] [TRT] Model version:    0
[09/10/2026-04:14:49] [I] [TRT] Doc string:       
[09/10/2026-04:14:49] [I] [TRT] ----------------------------------------------------------------
[09/10/2026-04:14:49] [I] Finished parsing network model. Parse time: 0.0945795
[09/10/2026-04:14:49] [I] FP32 and INT8 precisions have been specified - more performance might be enabled by additionally specifying --fp16 or --best
[09/10/2026-04:14:49] [I] [TRT] Loaded 454332 bytes of timing cache from /home/sjsujetson/godeye/out/timing.cache
[09/10/2026-04:14:49] [I] [TRT] Global timing cache in use. Profiling results in this builder pass will be stored.
[09/10/2026-04:14:52] [I] [TRT] Detected 1 inputs and 1 output network tensors.
[09/10/2026-04:14:57] [I] [TRT] Total Host Persistent Memory: 255344 bytes
[09/10/2026-04:14:57] [I] [TRT] Total Device Persistent Memory: 22528 bytes
[09/10/2026-04:14:57] [I] [TRT] Max Scratch Memory: 8192 bytes
[09/10/2026-04:14:57] [I] [TRT] [BlockAssignment] Started assigning block shifts. This will take 158 steps to complete.
[09/10/2026-04:14:57] [I] [TRT] [BlockAssignment] Algorithm ShiftNTopDown took 62.3022ms to assign 49 blocks to 158 nodes requiring 106402816 bytes.
[09/10/2026-04:14:57] [I] [TRT] Total Activation Memory: 106402816 bytes
[09/10/2026-04:14:57] [I] [TRT] Total Weights Memory: 14917704 bytes
[09/10/2026-04:14:57] [I] [TRT] Engine generation completed in 7.77725 seconds.
[09/10/2026-04:14:57] [I] [TRT] [MemUsageStats] Peak memory usage of TRT CPU/GPU memory allocators: CPU 2 MiB, GPU 47 MiB
[09/10/2026-04:14:57] [I] Engine built in 7.82371 sec.
[09/10/2026-04:14:57] [I] Created engine with size: 15.0386 MiB
[09/10/2026-04:14:57] [I] [TRT] Loaded 454332 bytes of timing cache from /home/sjsujetson/godeye/out/timing.cache
[09/10/2026-04:14:57] [I] [TRT] Serialized 27 bytes of code generator cache.
[09/10/2026-04:14:57] [I] [TRT] Serialized 109392 bytes of compilation cache.
[09/10/2026-04:14:57] [I] [TRT] Serialized 3375 timing cache entries
[09/10/2026-04:14:57] [I] [TRT] Saved 460572 bytes of timing cache to /home/sjsujetson/godeye/out/timing.cache
[09/10/2026-04:14:58] [I] [TRT] Loaded engine size: 15 MiB
[09/10/2026-04:14:58] [I] Engine deserialized in 0.0253028 sec.
[09/10/2026-04:14:58] [I] [TRT] [MemUsageChange] TensorRT-managed allocation in IExecutionContext creation: CPU +0, GPU +101, now: CPU 0, GPU 115 (MiB)
[09/10/2026-04:14:58] [I] Setting persistentCacheLimit to 0 bytes.
[09/10/2026-04:14:58] [I] Created execution context with device memory size: 101.474 MiB
[09/10/2026-04:14:58] [I] Using random values for input imgs
[09/10/2026-04:14:58] [I] Input binding for imgs with dimensions 6x3x256x704 is created.
[09/10/2026-04:14:58] [I] Output binding for occ with dimensions 1x16x18x200x200 is created.
[09/10/2026-04:14:58] [I] Starting inference
[09/10/2026-04:15:07] [I] Warmup completed 56 queries over 2000 ms
[09/10/2026-04:15:07] [I] Timing trace has 200 queries over 7.12428 s
[09/10/2026-04:15:07] [I] 
[09/10/2026-04:15:07] [I] === Trace details ===
[09/10/2026-04:15:07] [I] Trace averages of 100 runs:
[09/10/2026-04:15:07] [I] Average on 100 runs - GPU latency: 35.4488 ms - Host latency: 39.8461 ms (enqueue 1.47623 ms)
[09/10/2026-04:15:07] [I] Average on 100 runs - GPU latency: 35.4418 ms - Host latency: 39.8344 ms (enqueue 1.46801 ms)
[09/10/2026-04:15:07] [I] 
[09/10/2026-04:15:07] [I] === Performance summary ===
[09/10/2026-04:15:07] [I] Throughput: 28.073 qps
[09/10/2026-04:15:07] [I] Latency: min = 39.0459 ms, max = 39.9119 ms, mean = 39.8402 ms, median = 39.8462 ms, percentile(90%) = 39.8755 ms, percentile(95%) = 39.8853 ms, percentile(99%) = 39.9053 ms
[09/10/2026-04:15:07] [I] Enqueue Time: min = 1.43213 ms, max = 1.74902 ms, mean = 1.47212 ms, median = 1.46631 ms, percentile(90%) = 1.50293 ms, percentile(95%) = 1.51709 ms, percentile(99%) = 1.6001 ms
[09/10/2026-04:15:07] [I] H2D Latency: min = 1.14795 ms, max = 1.20264 ms, mean = 1.16644 ms, median = 1.16602 ms, percentile(90%) = 1.1748 ms, percentile(95%) = 1.17871 ms, percentile(99%) = 1.1875 ms
[09/10/2026-04:15:07] [I] GPU Compute Time: min = 35.2734 ms, max = 35.5283 ms, mean = 35.4453 ms, median = 35.4456 ms, percentile(90%) = 35.4751 ms, percentile(95%) = 35.4814 ms, percentile(99%) = 35.501 ms
[09/10/2026-04:15:07] [I] D2H Latency: min = 2.60645 ms, max = 3.27563 ms, mean = 3.22845 ms, median = 3.23096 ms, percentile(90%) = 3.24414 ms, percentile(95%) = 3.24658 ms, percentile(99%) = 3.271 ms
[09/10/2026-04:15:07] [I] Total Host Walltime: 7.12428 s
[09/10/2026-04:15:07] [I] Total GPU Compute Time: 7.08907 s
[09/10/2026-04:15:07] [I] Explanations of the performance metrics are printed in the verbose logs.
[09/10/2026-04:15:07] [I] 
&&&& PASSED TensorRT.trtexec [TensorRT v100700] [b23] # /usr/src/tensorrt/bin/trtexec --onnx=/home/sjsujetson/godeye/onnx/flashocc_shaped_skip.onnx --iterations=200 --warmUp=2000 --avgRuns=100 --useSpinWait --separateProfileRun --memPoolSize=workspace:2048M --timingCacheFile=/home/sjsujetson/godeye/out/timing.cache --int8
[09/10/2026-04:14:49] [W] [TRT] Calibrator is not being used. Users must provide dynamic range for all tensors that are not Int32 or Bool.
