[     0s] building data ...
[    23s] train 200 seq / 2000 frames
[    23s] coalition labelling ...
[   146s] 31082 labelled messages
[   146s] training gates ...
C:\Users\baotr\AppData\Roaming\Python\Python314\site-packages\triton\windows_utils.py:405: UserWarning: Failed to find CUDA.
  warnings.warn("Failed to find CUDA.")
D:\Thucbao\Du hoc\SJSU\Fall 2026\GhostGuard\code\ghostguard\gate.py:68: UserWarning: Converting a tensor with requires_grad=True to a scalar may lead to unexpected behavior.
Consider using tensor.detach() first. (Triggered internally at C:\actions-runner\_work\pytorch\pytorch\pytorch\torch\csrc\autograd\generated\python_variable_methods.cpp:837.)
  tot += float(loss) * len(idx)
[   239s] conformal risk control ...
[   240s] per-instance monotone on 100.0% of calibration frames (violating steps 0.00%)
[   240s] achievable loss range on calibration: [0.000, 0.671]  (lambda=0 rejects everything)
 alpha  lam_hat  cal_risk  risk_none  risk_degraded  risk_spoof  risk_collusion  holds_spoof  holds_collusion  accept_rate  benefit_rate
  0.05     0.00     0.000      0.000          0.000       0.000           0.000         True             True        0.000         0.000
  0.10     0.00     0.000      0.000          0.000       0.000           0.000         True             True        0.000         0.000
  0.15     0.00     0.000      0.000          0.000       0.000           0.000         True             True        0.000         0.000
  0.20     0.00     0.000      0.000          0.000       0.000           0.000         True             True        0.000         0.000
  0.30     0.02     0.286      0.269          0.317       0.257           0.282         True             True        0.181         0.145
  0.40     0.52     0.399      0.378          0.448       0.399           0.450         True            False        0.797         0.878
  0.50     0.98     0.499      0.483          0.588       0.572           0.763        False            False        0.922         0.988
[   246s] operating lambda (alpha=0.30) = 0.020
[   246s] evaluating policies ...
[   290s]   none done
[   361s]   spoof done
[   436s]   collusion done
[   465s]   removal done
[   497s]   degraded done

=== none ===
                       R   R_se  misses  ghosts     AP  RO_recall  harm_rate  malicious_accept  benefit_rate  accept_rate
policy                                                                                                                   
ego_only          12.049  0.135   6.448   0.342  0.278      0.001      0.000               NaN         0.000        0.000
naive_lf           9.485  0.157   1.749   2.863  0.703      0.736      1.000               NaN         1.000        1.000
conf_0.5           8.048  0.144   1.923   1.965  0.687      0.709      0.183               NaN         0.915        0.775
conf_0.7           8.230  0.138   2.885   1.264  0.599      0.559      0.030               NaN         0.618        0.503
conf_0.85         10.137  0.135   4.749   0.709  0.419      0.266      0.002               NaN         0.243        0.196
geom_consensus     9.030  0.133   3.903   0.741  0.533      0.406      0.018               NaN         0.689        0.601
belt_like          7.358  0.137   2.199   1.406  0.731      0.666      1.000               NaN         1.000        1.000
cad_like           8.857  0.147   2.481   1.924  0.646      0.695      0.554               NaN         0.935        0.812
robosac_like       9.361  0.154   3.216   1.585  0.576      0.541      0.469               NaN         0.622        0.584
mate_like          9.362  0.151   2.915   1.835  0.602      0.561      0.592               NaN         0.654        0.656
gate_binary        6.503  0.129   2.085   1.018  0.714      0.692      0.514               NaN         0.896        0.816
ghostguard_crc    10.602  0.131   5.367   0.356  0.412      0.183      0.345               NaN         0.183        0.202
gg_no_quarantine  10.770  0.131   5.487   0.352  0.386      0.163      0.344               NaN         0.155        0.181
gg_label_solo      9.207  0.130   4.318   0.380  0.513      0.351      0.368               NaN         0.336        0.307
oracle_loo         4.710  0.102   1.835   0.371  0.774      0.722      0.007               NaN         0.624        0.473
oracle_greedy      4.298  0.097   1.632   0.328  0.796      0.753      0.004               NaN         0.627        0.462

=== spoof ===
                       R   R_se  misses  ghosts     AP  RO_recall  harm_rate  malicious_accept  benefit_rate  accept_rate
policy                                                                                                                   
ego_only          12.747  0.133   6.707   0.337  0.270      0.000      0.000             0.000         0.000        0.000
naive_lf          15.738  0.213   1.967   4.787  0.535      0.716      1.000             1.000         1.000        1.000
conf_0.5          14.318  0.206   2.148   3.880  0.522      0.690      0.572             1.000         0.910        0.804
conf_0.7          14.445  0.201   3.158   3.127  0.446      0.535      0.486             1.000         0.610        0.563
conf_0.85         13.940  0.174   5.084   1.731  0.335      0.244      0.262             0.554         0.226        0.229
geom_consensus     9.822  0.139   4.227   0.825  0.507      0.378      0.038             0.056         0.676        0.538
belt_like         13.568  0.202   2.506   3.273  0.605      0.632      1.000             1.000         1.000        1.000
cad_like          11.728  0.175   2.754   2.880  0.540      0.670      0.521             0.460         0.931        0.771
robosac_like      11.549  0.177   3.806   1.885  0.480      0.469      0.327             0.259         0.539        0.478
mate_like         12.175  0.189   3.581   2.253  0.490      0.478      0.437             0.362         0.547        0.536
gate_binary        7.297  0.134   2.389   1.092  0.681      0.658      0.291             0.052         0.868        0.709
ghostguard_crc    11.573  0.135   5.796   0.338  0.376      0.149      0.177             0.001         0.144        0.158
gg_no_quarantine  11.722  0.134   5.901   0.338  0.366      0.133      0.176             0.001         0.121        0.142
gg_label_solo     10.199  0.134   4.858   0.355  0.476      0.296      0.189             0.000         0.282        0.237
oracle_loo         5.419  0.111   2.072   0.436  0.754      0.699      0.021             0.039         0.613        0.416
oracle_greedy      4.778  0.101   1.848   0.321  0.787      0.733      0.007             0.013         0.604        0.396

=== collusion ===
                       R   R_se  misses  ghosts     AP  RO_recall  harm_rate  malicious_accept  benefit_rate  accept_rate
policy                                                                                                                   
ego_only          11.864  0.135   6.487   0.371  0.268      0.001      0.000             0.000         0.000        0.000
naive_lf          15.202  0.216   1.911   4.728  0.527      0.714      1.000             1.000         1.000        1.000
conf_0.5          13.818  0.207   2.078   3.844  0.515      0.687      0.705             1.000         0.916        0.821
conf_0.7          13.841  0.198   3.010   3.144  0.441      0.542      0.648             1.000         0.631        0.616
conf_0.85         13.187  0.170   4.880   1.757  0.330      0.254      0.345             0.540         0.244        0.271
geom_consensus    14.891  0.193   4.177   2.632  0.360      0.361      0.643             1.000         0.649        0.672
belt_like         13.215  0.198   2.386   3.339  0.594      0.638      1.000             1.000         1.000        1.000
cad_like          10.954  0.178   2.681   2.747  0.540      0.673      0.468             0.425         0.937        0.718
robosac_like      11.561  0.168   4.305   1.722  0.408      0.368      0.238             0.202         0.413        0.348
mate_like         12.245  0.185   4.065   2.103  0.419      0.383      0.342             0.302         0.427        0.414
gate_binary        6.986  0.136   2.313   1.134  0.671      0.657      0.225             0.061         0.873        0.638
ghostguard_crc    10.641  0.140   5.485   0.382  0.392      0.172      0.134             0.004         0.190        0.166
gg_no_quarantine  10.796  0.140   5.595   0.376  0.374      0.153      0.133             0.003         0.161        0.150
gg_label_solo      9.350  0.141   4.577   0.397  0.491      0.311      0.138             0.004         0.332        0.238
oracle_loo         9.992  0.168   2.022   1.866  0.612      0.693      0.246             0.383         0.630        0.453
oracle_greedy      4.489  0.099   1.804   0.353  0.786      0.727      0.006             0.008         0.637        0.359

=== removal ===
                       R   R_se  misses  ghosts     AP  RO_recall  harm_rate  malicious_accept  benefit_rate  accept_rate
policy                                                                                                                   
ego_only          11.923  0.134   6.407   0.375  0.268      0.001      0.000               NaN         0.000        0.000
naive_lf          11.329  0.170   3.622   2.364  0.518      0.403      1.000               NaN         1.000        1.000
conf_0.5          10.059  0.158   3.818   1.512  0.503      0.371      0.199               NaN         0.913        0.687
conf_0.7          10.097  0.147   4.601   0.904  0.429      0.250      0.034               NaN         0.610        0.431
conf_0.85         11.141  0.140   5.690   0.559  0.327      0.097      0.002               NaN         0.233        0.158
geom_consensus    11.712  0.136   6.112   0.536  0.294      0.003      0.023               NaN         0.011        0.352
belt_like          9.609  0.149   4.118   1.061  0.538      0.324      1.000               NaN         1.000        1.000
cad_like          10.710  0.157   4.263   1.475  0.471      0.376      0.553               NaN         0.932        0.736
robosac_like      10.983  0.155   4.783   1.237  0.422      0.258      0.456               NaN         0.629        0.566
mate_like         10.951  0.154   4.602   1.386  0.440      0.263      0.578               NaN         0.621        0.636
gate_binary        8.953  0.144   4.042   0.766  0.513      0.340      0.502               NaN         0.790        0.748
ghostguard_crc    11.385  0.135   5.965   0.373  0.325      0.072      0.341               NaN         0.175        0.217
gg_no_quarantine  11.460  0.134   6.022   0.373  0.317      0.064      0.340               NaN         0.149        0.202
gg_label_solo     10.856  0.135   5.611   0.379  0.365      0.118      0.346               NaN         0.273        0.263
oracle_loo         7.541  0.127   3.636   0.387  0.574      0.401      0.008               NaN         0.838        0.440
oracle_greedy      7.399  0.127   3.602   0.351  0.578      0.402      0.004               NaN         0.840        0.422

=== degraded ===
                       R   R_se  misses  ghosts     AP  RO_recall  harm_rate  malicious_accept  benefit_rate  accept_rate
policy                                                                                                                   
ego_only          12.481  0.141   6.592   0.360  0.277      0.001      0.000               NaN         0.000        0.000
naive_lf          18.305  0.231   4.176   5.444  0.346      0.379      1.000               NaN         1.000        1.000
conf_0.5          16.019  0.212   4.399   4.033  0.330      0.343      0.182               NaN         0.858        0.666
conf_0.7          14.000  0.183   5.088   2.434  0.294      0.236      0.029               NaN         0.527        0.385
conf_0.85         12.956  0.156   6.018   1.080  0.269      0.090      0.002               NaN         0.180        0.131
geom_consensus    12.579  0.148   5.869   0.997  0.300      0.117      0.017               NaN         0.380        0.335
belt_like         14.038  0.188   4.827   2.676  0.449      0.275      1.000               NaN         1.000        1.000
cad_like          15.410  0.201   4.544   3.837  0.348      0.353      0.592               NaN         0.924        0.765
robosac_like      14.074  0.181   5.178   2.491  0.328      0.237      0.377               NaN         0.533        0.472
mate_like         14.293  0.188   5.135   2.527  0.334      0.234      0.447               NaN         0.500        0.487
gate_binary       12.522  0.175   4.998   1.638  0.364      0.252      0.493               NaN         0.556        0.550
ghostguard_crc    12.471  0.142   6.565   0.373  0.277      0.005      0.329               NaN         0.013        0.121
gg_no_quarantine  12.474  0.141   6.575   0.368  0.277      0.003      0.328               NaN         0.009        0.119
gg_label_solo     12.358  0.142   6.448   0.405  0.289      0.023      0.349               NaN         0.040        0.141
oracle_loo         9.150  0.135   4.205   0.506  0.512      0.371      0.006               NaN         0.406        0.264
oracle_greedy      8.640  0.132   4.040   0.355  0.545      0.396      0.003               NaN         0.414        0.252
[   497s] matched-operating-point sweep ...
[   531s]   sweep none done
[   577s]   sweep spoof done
[   619s]   sweep collusion done

=== benefit at matched harm (interpolated), per condition ===

  -- none
    harm=0.05  confidence: benefit=0.669 R=8.02 | gate_umarg: benefit=0.150 R=10.20 | gate_usolo: benefit=0.285 R=8.97 | gate_4action: benefit=0.145 R=10.49
    harm=0.10  confidence: benefit=0.804 R=7.95 | gate_umarg: benefit=0.150 R=10.20 | gate_usolo: benefit=0.285 R=8.97 | gate_4action: benefit=0.145 R=10.49
    harm=0.20  confidence: benefit=0.906 R=8.12 | gate_umarg: benefit=0.150 R=10.20 | gate_usolo: benefit=0.285 R=8.97 | gate_4action: benefit=0.145 R=10.49
    harm=0.40  confidence: benefit=0.977 R=8.79 | gate_umarg: benefit=0.369 R=8.33 | gate_usolo: benefit=0.426 R=7.77 | gate_4action: benefit=0.406 R=8.34

  -- spoof
    harm=0.05  confidence: benefit=0.037 R=12.27 | gate_umarg: benefit=0.132 R=10.79 | gate_usolo: benefit=0.257 R=9.62 | gate_4action: benefit=0.127 R=11.02
    harm=0.10  confidence: benefit=0.080 R=12.54 | gate_umarg: benefit=0.132 R=10.79 | gate_usolo: benefit=0.257 R=9.62 | gate_4action: benefit=0.127 R=11.02
    harm=0.20  confidence: benefit=0.181 R=13.03 | gate_umarg: benefit=0.148 R=10.66 | gate_usolo: benefit=0.257 R=9.62 | gate_4action: benefit=0.186 R=10.57
    harm=0.40  confidence: benefit=0.446 R=13.79 | gate_umarg: benefit=0.994 R=8.43 | gate_usolo: benefit=0.993 R=8.44 | gate_4action: benefit=0.987 R=7.44

  -- collusion
    harm=0.05  confidence: benefit=0.034 R=11.70 | gate_umarg: benefit=0.170 R=10.00 | gate_usolo: benefit=0.297 R=8.95 | gate_4action: benefit=0.163 R=10.29
    harm=0.10  confidence: benefit=0.055 R=11.90 | gate_umarg: benefit=0.170 R=10.00 | gate_usolo: benefit=0.297 R=8.95 | gate_4action: benefit=0.163 R=10.29
    harm=0.20  confidence: benefit=0.107 R=12.39 | gate_umarg: benefit=0.759 R=6.57 | gate_usolo: benefit=0.831 R=6.56 | gate_4action: benefit=0.778 R=6.64
    harm=0.40  confidence: benefit=0.267 R=13.18 | gate_umarg: benefit=0.998 R=8.87 | gate_usolo: benefit=0.999 R=8.77 | gate_4action: benefit=0.987 R=7.50
[   619s] feature-trust tiers ...

=== gate at tau=0.5 under feature-trust tiers ===
                             R               benefit_rate               malicious_accept            
condition            collusion   none  spoof    collusion   none  spoof        collusion none  spoof
tier                                                                                                
all                      6.643  6.452  6.920        0.856  0.882  0.876            0.061  NaN  0.037
ego_verifiable_only      8.723  7.617  8.987        0.966  0.957  0.957            0.359  NaN  0.323
no_asserted_quality      8.642  7.381  8.877        0.940  0.953  0.944            0.271  NaN  0.260
no_collusion_signals     6.796  6.634  6.993        0.894  0.911  0.899            0.055  NaN  0.034
no_reputation            6.568  6.478  6.872        0.859  0.882  0.877            0.057  NaN  0.035
[   626s] risk-weight sensitivity ...

mean R by risk weighting:
weights         default  ghost_heavy  miss_heavy  no_dup_no_loc
policy                                                         
cad_like          11.26        22.59       21.36          10.71
conf_0.7          14.48        31.76       25.10          13.96
ego_only          11.81        13.52       33.38          11.64
ghostguard_crc    10.69        12.40       29.91          10.47
naive_lf          15.74        39.07       22.53          15.06
oracle_greedy      4.48         6.07       10.97           4.05

rank under each weighting (1 = lowest risk):
weights         default  ghost_heavy  miss_heavy  no_dup_no_loc
policy                                                         
cad_like              3            4           2              3
conf_0.7              5            5           4              5
ego_only              4            3           6              4
ghostguard_crc        2            2           5              2
naive_lf              6            6           3              6
oracle_greedy         1            1           1              1
[   705s] done -> D:\Thucbao\Du hoc\SJSU\Fall 2026\GhostGuard\results
EXIT=0
